[    0.000000] swapper: [name:setup&]Booting Linux on physical CPU 0x0000000000 [0x411fd461]
[    0.000000] swapper: [name:main&]Linux version 6.1.115 (oe-user@oe-host) (clang version 18.1.2 (https://github.com/llvm/llvm-project 26a1d6601d727a96f4301d0d8647b5a42760ae0c), GNU ld (GNU Binutils) 2.42.0.20240216) #1 SMP PREEMPT Sun Apr  6 20:34:40 UTC 2025
[    0.000000] swapper: [name:setup&]Machine model: MT8646
[    0.000000] swapper: [name:stackdepot&]Stack Depot is disabled
[    0.000000] swapper: [name:kvm&]KVM is not available. Ignoring kvm-arm.mode
[    0.000000] swapper: earlycon: [name:earlycon&]uart8250 at MMIO32 0x0000000011001000 (options '')
[    0.000000] swapper: printk: bootconsole [uart8250] enabled
[    0.000000] swapper: [name:panic&]panic_on_taint: bitmask=0x20 nousertaint_mode=disabled
[    0.000000] swapper: efi: [name:fdtparams&]UEFI not found.
[    0.000000] swapper: OF: reserved mem: [name:of_reserved_mem&]0x0000000048090000..0x000000004816ffff (896 KiB) nomap non-reusable mblock-3-pstore
[    0.000000] swapper: OF: reserved mem: [name:of_reserved_mem&]0x0000000048170000..0x000000004817ffff (64 KiB) nomap non-reusable mblock-4-minirdump
[    0.000000] swapper: OF: reserved mem: [name:of_reserved_mem&]0x0000000048180000..0x00000000481fffff (512 KiB) nomap non-reusable mblock-6-log_store_new
[    0.000000] swapper: OF: reserved mem: [name:of_reserved_mem&]0x0000000048800000..0x00000000489fffff (2048 KiB) nomap non-reusable mblock-15-BL31-reserved
[    0.000000] swapper: OF: reserved mem: [name:of_reserved_mem&]0x0000000048a00000..0x0000000048afffff (1024 KiB) nomap non-reusable mblock-16-system_bl31_dtb
[    0.000000] swapper: OF: reserved mem: [name:of_reserved_mem&]0x0000000048b00000..0x0000000048cfffff (2048 KiB) nomap non-reusable mblock-10-atf-log-reserved
[    0.000000] swapper: OF: reserved mem: [name:of_reserved_mem&]0x000000004d000000..0x000000004d00ffff (64 KiB) nomap non-reusable mblock-5-aee_debug_kinfo
[    0.000000] swapper: OF: reserved mem: [name:of_reserved_mem&]0x0000000050800000..0x00000000508fffff (1024 KiB) nomap non-reusable mblock-19-spmfw
[    0.000000] swapper: OF: reserved mem: [name:of_reserved_mem&]0x0000000053400000..0x000000005b3fffff (131072 KiB) nomap non-reusable mblock-21-gz_nebula
[    0.000000] swapper: OF: reserved mem: [name:of_reserved_mem&]0x000000007da00000..0x000000007dffffff (6144 KiB) nomap non-reusable mblock-31-me_GPUmputab_PMA
[    0.000000] swapper: OF: reserved mem: [name:of_reserved_mem&]0x000000007e000000..0x000000007f22ffff (18624 KiB) nomap non-reusable mblock-26-adsp_image_reserved
[    0.000000] swapper: OF: reserved mem: [name:of_reserved_mem&]0x000000007f600000..0x000000007fdfffff (8192 KiB) nomap non-reusable mblock-13-emi_isu_buf
[    0.000000] swapper: OF: reserved mem: [name:of_reserved_mem&]0x000000007fe00000..0x000000007fefffff (1024 KiB) nomap non-reusable mblock-9-platform_mtksmmu_protpgd
[    0.000000] swapper: OF: reserved mem: [name:of_reserved_mem&]0x000000007ff00000..0x000000007fffffff (1024 KiB) nomap non-reusable mblock-25-MCUPM-reserved
[    0.000000] swapper: OF: reserved mem: [name:of_reserved_mem&]0x0000000083000000..0x00000000861fffff (51200 KiB) nomap non-reusable mblock-18-tee-reserved
[    0.000000] swapper: OF: reserved mem: [name:of_reserved_mem&]0x000000008cc00000..0x000000008d8fffff (13312 KiB) nomap non-reusable mblock-44-consys_emi_reserved
[    0.000000] swapper: [name:coherent&]Reserved memory: created DMA memory pool at 0x000000008d900000, size 20 MiB
[    0.000000] swapper: OF: reserved mem: [name:of_reserved_mem&]initialized node mblock-45-shared-dma-pool_wifi-reserve-memory_dma, compatible id shared-dma-pool
[    0.000000] swapper: OF: reserved mem: [name:of_reserved_mem&]0x000000008d900000..0x000000008ecfffff (20480 KiB) nomap non-reusable mblock-45-shared-dma-pool_wifi-reserve-memory_dma
[    0.000000] swapper: OF: reserved mem: [name:of_reserved_mem&]0x000000008ed00000..0x000000008ed1ffff (128 KiB) nomap non-reusable mblock-46-scp_emi_reserved
[    0.000000] swapper: OF: reserved mem: [name:of_reserved_mem&]0x000000008ed60000..0x000000008effffff (2688 KiB) nomap non-reusable mblock-28-apu_apusys-rv_aee-coredump
[    0.000000] swapper: OF: reserved mem: [name:of_reserved_mem&]0x000000008f000000..0x000000008f897fff (8800 KiB) nomap non-reusable mblock-24-reserve-memory-scp_share
[    0.000000] swapper: OF: reserved mem: [name:of_reserved_mem&]0x000000008f900000..0x000000008f9fffff (1024 KiB) nomap non-reusable mblock-29-apu_sapu_apurvgzctrlshm
[    0.000000] swapper: OF: reserved mem: [name:of_reserved_mem&]0x000000008fa00000..0x000000008fffffff (6144 KiB) nomap non-reusable mblock-27-apu_apusys-rv_secure
[    0.000000] swapper: OF: reserved mem: [name:of_reserved_mem&]0x000000009f06f000..0x000000009f17efff (1088 KiB) nomap non-reusable mblock-42-sspm_ap-shared
[    0.000000] swapper: OF: reserved mem: [name:of_reserved_mem&]0x000000009f17f000..0x000000009fd7efff (12288 KiB) nomap non-reusable mblock-39-debug_met_res-ram
[    0.000000] swapper: OF: reserved mem: [name:of_reserved_mem&]0x000000009fd7f000..0x000000009fffefff (2560 KiB) nomap non-reusable mblock-20-SSPM-reserved
[    0.000000] swapper: OF: reserved mem: [name:of_reserved_mem&]0x00000000be700000..0x00000000beffffff (9216 KiB) nomap non-reusable mblock-23-SCP-reserved
[    0.000000] swapper: OF: reserved mem: [name:of_reserved_mem&]0x00000000bf000000..0x00000000bf7fffff (8192 KiB) nomap non-reusable mblock-22-me_vcp_reserved
[    0.000000] swapper: OF: reserved mem: [name:of_reserved_mem&]0x00000000bfff0000..0x00000000bfffffff (64 KiB) nomap non-reusable mblock-30-ccci_tag_mem
[    0.000000] swapper: OF: reserved mem: [name:of_reserved_mem&]0x00000000da000000..0x00000000dbb5ffff (28032 KiB) nomap non-reusable mblock-34-ap_md_c_smem
[    0.000000] swapper: OF: reserved mem: [name:of_reserved_mem&]0x00000000dc000000..0x00000000dc12ffff (1216 KiB) nomap non-reusable mblock-33-ap_md_nc_smem
[    0.000000] swapper: OF: reserved mem: [name:of_reserved_mem&]0x00000000de000000..0x00000000e056ffff (38336 KiB) nomap non-reusable mblock-32-md_mem_usage
[    0.000000] swapper: OF: reserved mem: [name:of_reserved_mem&]0x00000000e1000000..0x00000000e113ffff (1280 KiB) nomap non-reusable mblock-35-md_mem_usage
[    0.000000] swapper: OF: reserved mem: [name:of_reserved_mem&]0x00000000e2000000..0x00000000e821ffff (100480 KiB) nomap non-reusable mblock-36-md_mem_usage
[    0.000000] swapper: OF: reserved mem: [name:of_reserved_mem&]0x00000000e8300000..0x00000000e868ffff (3648 KiB) nomap non-reusable mblock-37-md_mem_usage
[    0.000000] swapper: OF: reserved mem: [name:of_reserved_mem&]0x00000000ea000000..0x00000000edffffff (65536 KiB) nomap non-reusable mblock-53-rproc_reserved_sostouos
[    0.000000] swapper: OF: reserved mem: [name:of_reserved_mem&]0x00000000ee000000..0x00000000eeffffff (16384 KiB) nomap non-reusable mblock-52-sos_tboxuos_rproc_reserved
[    0.000000] swapper: OF: reserved mem: [name:of_reserved_mem&]0x00000000ef000000..0x00000000f2ffffff (65536 KiB) nomap non-reusable mblock-51-rproc_reserved
[    0.000000] swapper: OF: reserved mem: [name:of_reserved_mem&]0x00000000f3000000..0x00000000faffffff (131072 KiB) nomap non-reusable mblock-47-nbl_trace
[    0.000000] swapper: OF: reserved mem: [name:of_reserved_mem&]0x00000000fb000000..0x00000000fbffffff (16384 KiB) nomap non-reusable mblock-38-md_mem_usage
[    0.000000] swapper: OF: reserved mem: [name:of_reserved_mem&]0x00000000fc000000..0x00000000fce2ffff (14528 KiB) nomap non-reusable mblock-40-adsp_shared_reserved
[    0.000000] swapper: OF: reserved mem: [name:of_reserved_mem&]0x00000000fd200000..0x00000000ff1fffff (32768 KiB) nomap non-reusable mblock-49-grt_dmabuf_heap
[    0.000000] swapper: OF: reserved mem: [name:of_reserved_mem&]0x00000000ff200000..0x00000000ff7fffff (6144 KiB) nomap non-reusable mblock-17-tee-secmem
[    0.000000] swapper: OF: reserved mem: [name:of_reserved_mem&]0x00000000ff800000..0x00000000ffa7ffff (2560 KiB) nomap non-reusable mblock-12-platform-debug_dfdmcu_dump
[    0.000000] swapper: OF: reserved mem: [name:of_reserved_mem&]0x00000000ffc00000..0x00000000ffefffff (3072 KiB) nomap non-reusable mblock-11-platform-debug_dfdsoc_dump
[    0.000000] swapper: OF: reserved mem: [name:of_reserved_mem&]0x00000000fff30000..0x00000000fffaffff (512 KiB) nomap non-reusable mblock-48-nebulalog_reserved
[    0.000000] swapper: OF: reserved mem: [name:of_reserved_mem&]0x00000000fffb0000..0x00000000fffeffff (256 KiB) nomap non-reusable mblock-41-platform-debug_slbc_shared
[    0.000000] swapper: OF: reserved mem: [name:of_reserved_mem&]0x00000000fffff000..0x00000000ffffffff (4 KiB) nomap non-reusable mblock-50-nbl_sched
[    0.000000] swapper: OF: reserved mem: [name:of_reserved_mem&]0x00000001afff0000..0x00000001afff1fff (8 KiB) nomap non-reusable mblock-7-dramc-rk0
[    0.000000] swapper: OF: reserved mem: [name:of_reserved_mem&]0x00000001bfc00000..0x00000001bfdfffff (2048 KiB) nomap non-reusable mblock-43-me_GPUEB_SHARED
[    0.000000] swapper: OF: reserved mem: [name:of_reserved_mem&]0x00000001bfe00000..0x00000001bfefffff (1024 KiB) nomap non-reusable mblock-14-me_cmdq_reserved
[    0.000000] swapper: OF: reserved mem: [name:of_reserved_mem&]0x00000001bff00000..0x00000001bfffffff (1024 KiB) nomap non-reusable mblock-2-nb_lk_cdt
[    0.000000] swapper: OF: reserved mem: [name:of_reserved_mem&]0x00000001c0000000..0x000000043fefffff (10484736 KiB) map non-reusable acrn_guest_memory
[    0.000000] swapper: OF: reserved mem: [name:of_reserved_mem&]0x000000043fff0000..0x000000043fff1fff (8 KiB) nomap non-reusable mblock-8-dramc-rk1
[    0.000000] swapper: [name:page_alloc&]Zone ranges:
[    0.000000] swapper: [name:page_alloc&]  DMA32    empty
[    0.000000] swapper: [name:page_alloc&]  Normal   [mem 0x0000000040000000-0x000000043fffffff]
[    0.000000] swapper: [name:page_alloc&]  Device   empty
[    0.000000] swapper: [name:page_alloc&]Movable zone start for each node
[    0.000000] swapper: [name:page_alloc&]Early memory node ranges
[    0.000000] swapper: [name:page_alloc&]  node   0: [mem 0x0000000040000000-0x000000004808ffff]
[    0.000000] swapper: [name:page_alloc&]  node   0: [mem 0x0000000048090000-0x00000000481fffff]
[    0.000000] swapper: [name:page_alloc&]  node   0: [mem 0x0000000048200000-0x00000000487fffff]
[    0.000000] swapper: [name:page_alloc&]  node   0: [mem 0x0000000048800000-0x0000000048cfffff]
[    0.000000] swapper: [name:page_alloc&]  node   0: [mem 0x0000000048d00000-0x000000004cffffff]
[    0.000000] swapper: [name:page_alloc&]  node   0: [mem 0x000000004d000000-0x000000004d00ffff]
[    0.000000] swapper: [name:page_alloc&]  node   0: [mem 0x000000004d010000-0x00000000507fffff]
[    0.000000] swapper: [name:page_alloc&]  node   0: [mem 0x0000000050800000-0x00000000508fffff]
[    0.000000] swapper: [name:page_alloc&]  node   0: [mem 0x0000000050900000-0x00000000533fffff]
[    0.000000] swapper: [name:page_alloc&]  node   0: [mem 0x0000000053400000-0x000000005b3fffff]
[    0.000000] swapper: [name:page_alloc&]  node   0: [mem 0x000000005b400000-0x000000007d9fffff]
[    0.000000] swapper: [name:page_alloc&]  node   0: [mem 0x000000007da00000-0x000000007f22ffff]
[    0.000000] swapper: [name:page_alloc&]  node   0: [mem 0x000000007f230000-0x000000007f5fffff]
[    0.000000] swapper: [name:page_alloc&]  node   0: [mem 0x000000007f600000-0x000000007fffffff]
[    0.000000] swapper: [name:page_alloc&]  node   0: [mem 0x0000000080000000-0x0000000082ffffff]
[    0.000000] swapper: [name:page_alloc&]  node   0: [mem 0x0000000083000000-0x00000000861fffff]
[    0.000000] swapper: [name:page_alloc&]  node   0: [mem 0x0000000086200000-0x000000008cbfffff]
[    0.000000] swapper: [name:page_alloc&]  node   0: [mem 0x000000008cc00000-0x000000008ed1ffff]
[    0.000000] swapper: [name:page_alloc&]  node   0: [mem 0x000000008ed20000-0x000000008ed5ffff]
[    0.000000] swapper: [name:page_alloc&]  node   0: [mem 0x000000008ed60000-0x000000008f897fff]
[    0.000000] swapper: [name:page_alloc&]  node   0: [mem 0x000000008f898000-0x000000008f8fffff]
[    0.000000] swapper: [name:page_alloc&]  node   0: [mem 0x000000008f900000-0x000000008fffffff]
[    0.000000] swapper: [name:page_alloc&]  node   0: [mem 0x0000000090000000-0x000000009f06efff]
[    0.000000] swapper: [name:page_alloc&]  node   0: [mem 0x000000009f06f000-0x000000009fffefff]
[    0.000000] swapper: [name:page_alloc&]  node   0: [mem 0x000000009ffff000-0x00000000be6fffff]
[    0.000000] swapper: [name:page_alloc&]  node   0: [mem 0x00000000be700000-0x00000000bf7fffff]
[    0.000000] swapper: [name:page_alloc&]  node   0: [mem 0x00000000bf800000-0x00000000bffeffff]
[    0.000000] swapper: [name:page_alloc&]  node   0: [mem 0x00000000bfff0000-0x00000000bfffffff]
[    0.000000] swapper: [name:page_alloc&]  node   0: [mem 0x00000000c0000000-0x00000000d9ffffff]
[    0.000000] swapper: [name:page_alloc&]  node   0: [mem 0x00000000da000000-0x00000000dbb5ffff]
[    0.000000] swapper: [name:page_alloc&]  node   0: [mem 0x00000000dbb60000-0x00000000dbffffff]
[    0.000000] swapper: [name:page_alloc&]  node   0: [mem 0x00000000dc000000-0x00000000dc12ffff]
[    0.000000] swapper: [name:page_alloc&]  node   0: [mem 0x00000000dc130000-0x00000000ddffffff]
[    0.000000] swapper: [name:page_alloc&]  node   0: [mem 0x00000000de000000-0x00000000e056ffff]
[    0.000000] swapper: [name:page_alloc&]  node   0: [mem 0x00000000e0570000-0x00000000e0ffffff]
[    0.000000] swapper: [name:page_alloc&]  node   0: [mem 0x00000000e1000000-0x00000000e113ffff]
[    0.000000] swapper: [name:page_alloc&]  node   0: [mem 0x00000000e1140000-0x00000000e1ffffff]
[    0.000000] swapper: [name:page_alloc&]  node   0: [mem 0x00000000e2000000-0x00000000e821ffff]
[    0.000000] swapper: [name:page_alloc&]  node   0: [mem 0x00000000e8220000-0x00000000e82fffff]
[    0.000000] swapper: [name:page_alloc&]  node   0: [mem 0x00000000e8300000-0x00000000e868ffff]
[    0.000000] swapper: [name:page_alloc&]  node   0: [mem 0x00000000e8690000-0x00000000e9ffffff]
[    0.000000] swapper: [name:page_alloc&]  node   0: [mem 0x00000000ea000000-0x00000000fce2ffff]
[    0.000000] swapper: [name:page_alloc&]  node   0: [mem 0x00000000fce30000-0x00000000fd1fffff]
[    0.000000] swapper: [name:page_alloc&]  node   0: [mem 0x00000000fd200000-0x00000000ffa7ffff]
[    0.000000] swapper: [name:page_alloc&]  node   0: [mem 0x00000000ffa80000-0x00000000ffbfffff]
[    0.000000] swapper: [name:page_alloc&]  node   0: [mem 0x00000000ffc00000-0x00000000ffefffff]
[    0.000000] swapper: [name:page_alloc&]  node   0: [mem 0x00000000fff00000-0x00000000fff2ffff]
[    0.000000] swapper: [name:page_alloc&]  node   0: [mem 0x00000000fff30000-0x00000000fffeffff]
[    0.000000] swapper: [name:page_alloc&]  node   0: [mem 0x00000000ffff0000-0x00000000ffffefff]
[    0.000000] swapper: [name:page_alloc&]  node   0: [mem 0x00000000fffff000-0x00000000ffffffff]
[    0.000000] swapper: [name:page_alloc&]  node   0: [mem 0x0000000100000000-0x00000001affeffff]
[    0.000000] swapper: [name:page_alloc&]  node   0: [mem 0x00000001afff0000-0x00000001afff1fff]
[    0.000000] swapper: [name:page_alloc&]  node   0: [mem 0x00000001afff2000-0x00000001bfbfffff]
[    0.000000] swapper: [name:page_alloc&]  node   0: [mem 0x00000001bfc00000-0x00000001bfffffff]
[    0.000000] swapper: [name:page_alloc&]  node   0: [mem 0x00000001c0000000-0x000000043ffeffff]
[    0.000000] swapper: [name:page_alloc&]  node   0: [mem 0x000000043fff0000-0x000000043fff1fff]
[    0.000000] swapper: [name:page_alloc&]  node   0: [mem 0x000000043fff2000-0x000000043fffffff]
[    0.000000] swapper: [name:page_alloc&]Initmem setup node 0 [mem 0x0000000040000000-0x000000043fffffff]
[    0.000000] swapper: cma: [name:cma&]Reserved 16 MiB at 0x00000000e9000000
[    0.000000] swapper: psci: [name:psci&]probing for conduit method from DT.
[    0.000000] swapper: psci: [name:psci&]PSCIv1.0 detected in firmware.
[    0.000000] swapper: psci: [name:psci&]Using standard PSCI v0.2 function IDs
[    0.000000] swapper: psci: [name:psci&]Trusted OS migration not required
[    0.000000] swapper: psci: [name:psci&]SMC Calling Convention v1.2
[    0.000000] swapper: [name:main&]'bootconfig' found on command line, but no bootconfig found
[    0.000000] swapper: percpu: [name:percpu&]Embedded 30 pages/cpu s85224 r8192 d29464 u122880
[    0.000000] swapper: pcpu-alloc: s85224 r8192 d29464 u122880 alloc=30*4096
[    0.000000] swapper: pcpu-alloc: [0] 0 [0] 1 [0] 2 [0] 3 [0] 4 [0] 5 [0] 6 [0] 7 
[    0.000000] swapper: [name:cpuinfo&]Detected PIPT I-cache on CPU0
[    0.000000] swapper: CPU features: [name:cpufeature&]SYS_ID_AA64ISAR1_EL1[31:28]: already set to 0
[    0.000000] swapper: CPU features: [name:cpufeature&]SYS_ID_AA64ISAR1_EL1[27:24]: forced to 0
[    0.000000] swapper: CPU features: [name:cpufeature&]SYS_ID_AA64ISAR1_EL1[11:8]: already set to 0
[    0.000000] swapper: CPU features: [name:cpufeature&]SYS_ID_AA64ISAR1_EL1[7:4]: forced to 0
[    0.000000] swapper: CPU features: [name:cpufeature&]SYS_ID_AA64ISAR2_EL1[15:12]: already set to 0
[    0.000000] swapper: CPU features: [name:cpufeature&]SYS_ID_AA64ISAR2_EL1[11:8]: already set to 0
[    0.000000] swapper: CPU features: [name:cpufeature&]SYS_ID_AA64MMFR1_EL1[11:8]: forced to 0
[    0.000000] swapper: CPU features: [name:cpufeature&]SYS_ID_AA64PFR1_EL1[11:8]: already set to 0
[    0.000000] swapper: CPU features: [name:cpufeature&]detected: GIC system register CPU interface
[    0.000000] swapper: CPU features: [name:cpufeature&]detected: Hardware dirty bit management
[    0.000000] swapper: CPU features: [name:cpufeature&]detected: Spectre-v4
[    0.000000] swapper: CPU features: [name:cpufeature&]detected: ARM erratum 2457168
[    0.000000] swapper: alternatives: [name:alternative&]applying boot alternatives
[    0.000000] swapper: [name:page_alloc&]Built 1 zonelists, mobility grouping on.  Total pages: 4128768
[    0.000000] swapper: cgroup: [name:cgroup&]Disabling pressure control group feature
[    0.000000] swapper: audit: [name:audit&]audit_backlog_limit: 6
[    0.000000] swapper: [name:main&]Unknown kernel command line parameters "vmalloc=400M ddr_size=16 nobo_cmd=hardware_version:2 project_code=0xfc ivi_disp=0x4 passenger_disp=0x0 ceiling_disp=0x0 dmverity_sbootdis=1", will be passed to user space.
[    0.000000] swapper: random: [name:random&]crng init done
[    0.000000] swapper: printk: [name:printk&]log_buf_len: 4194304 bytes
[    0.000000] swapper: printk: [name:printk&]early log buf free: 113224(86%)
[    0.000000] swapper: [name:page_alloc&]Dentry cache hash table entries: 2097152 (order: 12, 16777216 bytes, linear)
[    0.000000] swapper: [name:page_alloc&]Inode-cache hash table entries: 1048576 (order: 11, 8388608 bytes, linear)
[    0.000000] swapper: [name:main&]mem auto-init: stack:all(zero), heap alloc:on, heap free:off
[    0.000000] swapper: [name:page_alloc&]stackdepot hash table entries: 1048576 (order: 11, 8388608 bytes, linear)
[    0.000000] swapper: [name:page_alloc&]Memory: 5029472K/16777216K available (16704K kernel code, 2382K rwdata, 6720K rodata, 7168K init, 891K bss, 11731360K reserved, 16384K cma-reserved)
[    0.000000] swapper: [name:slub&]SLUB: HWalign=64, Order=0-3, MinObjects=0, CPUs=8, Nodes=1
[    0.000000] swapper: [name:trace&]trace event string verifier disabled
[    0.000000] swapper/0: rcu: [name:tree&]Preemptible hierarchical RCU implementation.
[    0.000000] swapper/0: rcu: [name:tree&]	RCU event tracing is enabled.
[    0.000000] swapper/0: rcu: [name:tree&]	RCU restricting CPUs from NR_CPUS=32 to nr_cpu_ids=8.
[    0.000000] swapper/0: rcu: [name:tree&]	RCU priority boosting: priority 1 delay 500 ms.
[    0.000000] swapper/0: [name:update&]	Trampoline variant of Tasks RCU enabled.
[    0.000000] swapper/0: [name:update&]	Tracing variant of Tasks RCU enabled.
[    0.000000] swapper/0: rcu: [name:tree&]RCU calculated value of scheduler-enlistment delay is 25 jiffies.
[    0.000000] swapper/0: rcu: [name:tree&]Adjusting geometry for rcu_fanout_leaf=16, nr_cpu_ids=8
[    0.000000] swapper/0: NR_IRQS: 64, nr_irqs: 64, preallocated irqs: 0
[    0.000000] swapper/0: [name:irq_gic_common&]GIC: enabling workaround for GICv3: ARM64 erratum 2941627
[    0.000000] swapper/0: GICv3: [name:irq_gic_v3&]988 SPIs implemented
[    0.000000] swapper/0: GICv3: [name:irq_gic_v3&]32 Extended SPIs implemented
[    0.000000] swapper/0: [name:irq&]Root IRQ handler: gic_handle_irq
[    0.000000] swapper/0: GICv3: [name:irq_gic_v3&]GICv3 features: 16 PPIs
[    0.000000] swapper/0: GICv3: [name:irq_gic_v3&]CPU0: found redistributor 0 region 0:0x000000000c440000
[    0.000000] swapper/0: GICv3: [name:irq_gic_v3&]GIC: PPI partition interrupt-partition-0[0] { /cpus/cpu@0[0] /cpus/cpu@1[1] /cpus/cpu@2[2] /cpus/cpu@3[3] }
[    0.000000] swapper/0: GICv3: [name:irq_gic_v3&]GIC: PPI partition interrupt-partition-1[1] { /cpus/cpu@100[4] /cpus/cpu@101[5] /cpus/cpu@102[6] /cpus/cpu@200[7] }
[    0.000000] swapper/0: rcu: [name:srcutree&]srcu_init: Setting srcu_struct sizes based on contention.
[    0.000000] swapper/0: arch_timer: [name:arm_arch_timer&]cp15 timer(s) running at 13.00MHz (virt).
[    0.000000] swapper/0: clocksource: [name:clocksource&]arch_sys_counter: mask: 0xffffffffffffff max_cycles: 0x2ff89eacb, max_idle_ns: 440795202429 ns
[    0.000000] swapper/0: [name:sched_clock&]sched_clock: 56 bits at 13MHz, resolution 76ns, wraps every 4398046511101ns
[    0.004053] swapper/0: kfence: [name:core&]initialized - using 524288 bytes for 63 objects at 0x(____ptrval____)-0x(____ptrval____)
[    0.004204] swapper/0: [name:vt&]Console: colour dummy device 80x25
[    0.004315] swapper/0: printk: console [tty0] enabled
[    0.004333] swapper/0: [name:sprd_serial&]serial port 0 not yet initialized
[    0.004359] swapper/0: [name:calibrate&]Calibrating delay loop (skipped), value calculated using timer frequency.. 26.00 BogoMIPS (lpj=52000)
[    0.004370] swapper/0: [name:pid&]pid_max: default: 32768 minimum: 301
[    0.004463] swapper/0: LSM: [name:security&]Security Framework initializing
[    0.004498] swapper/0: [name:selinux&]SELinux:  Initializing.
[    0.004640] swapper/0: [name:page_alloc&]Mount-cache hash table entries: 32768 (order: 6, 262144 bytes, linear)
[    0.004663] swapper/0: [name:page_alloc&]Mountpoint-cache hash table entries: 32768 (order: 6, 262144 bytes, linear)
[    0.005882] swapper/0: cacheinfo: [name:cacheinfo&]Unable to detect cache hierarchy for CPU 0
[    0.006647] swapper/0: [name:update&]cblist_init_generic: Setting adjustable number of callback queues.
[    0.006654] swapper/0: [name:update&]cblist_init_generic: Setting shift to 3 and lim to 1.
[    0.006772] swapper/0: [name:update&]cblist_init_generic: Setting adjustable number of callback queues.
[    0.006778] swapper/0: [name:update&]cblist_init_generic: Setting shift to 3 and lim to 1.
[    0.007026] swapper/0: rcu: [name:srcutree&]Hierarchical SRCU implementation.
[    0.007032] swapper/0: rcu: [name:srcutree&]	Max phase no-delay instances is 1000.
[    0.010014] swapper/0: [name:arm_runtime&]EFI services will not be available.
[    0.010424] swapper/0: smp: [name:smp&]Bringing up secondary CPUs ...
[    0.012454] swapper/1: [name:cpuinfo&]Detected PIPT I-cache on CPU1
[    0.012523] swapper/1: cacheinfo: [name:cacheinfo&]Unable to detect cache hierarchy for CPU 1
[    0.012591] swapper/1: GICv3: [name:irq_gic_v3&]CPU1: found redistributor 100 region 0:0x000000000c460000
[    0.012809] swapper/1: [name:smp&]CPU1: Booted secondary processor 0x0000000100 [0x411fd461]
[    0.014926] swapper/2: [name:cpuinfo&]Detected PIPT I-cache on CPU2
[    0.014995] swapper/2: cacheinfo: [name:cacheinfo&]Unable to detect cache hierarchy for CPU 2
[    0.015080] swapper/2: GICv3: [name:irq_gic_v3&]CPU2: found redistributor 200 region 0:0x000000000c480000
[    0.015290] swapper/2: [name:smp&]CPU2: Booted secondary processor 0x0000000200 [0x411fd461]
[    0.017313] swapper/3: [name:cpuinfo&]Detected PIPT I-cache on CPU3
[    0.017383] swapper/3: cacheinfo: [name:cacheinfo&]Unable to detect cache hierarchy for CPU 3
[    0.017481] swapper/3: GICv3: [name:irq_gic_v3&]CPU3: found redistributor 300 region 0:0x000000000c4a0000
[    0.017683] swapper/3: [name:smp&]CPU3: Booted secondary processor 0x0000000300 [0x411fd461]
[    0.019213] swapper/4: CPU features: [name:cpufeature&]detected: SSBS not fully self-synchronizing
[    0.019254] swapper/4: [name:cpuinfo&]Detected PIPT I-cache on CPU4
[    0.019258] swapper/4: CPU features: [name:cpufeature&]SANITY CHECK: Unexpected variation in SYS_ID_AA64MMFR1_EL1. Boot CPU: 0x00000011312122, CPU4: 0x00000010312122
[    0.019264] swapper/4: [name:cpufeature&]CPU features: Unsupported CPU feature variation detected.
[    0.019290] swapper/4: cacheinfo: [name:cacheinfo&]Unable to detect cache hierarchy for CPU 4
[    0.019351] swapper/4: GICv3: [name:irq_gic_v3&]CPU4: found redistributor 400 region 0:0x000000000c4c0000
[    0.019462] swapper/4: [name:smp&]CPU4: Booted secondary processor 0x0000000400 [0x411fd4d0]
[    0.021020] swapper/5: [name:cpuinfo&]Detected PIPT I-cache on CPU5
[    0.021029] swapper/5: CPU features: [name:cpufeature&]SANITY CHECK: Unexpected variation in SYS_ID_AA64MMFR1_EL1. Boot CPU: 0x00000011312122, CPU5: 0x00000010312122
[    0.021103] swapper/5: cacheinfo: [name:cacheinfo&]Unable to detect cache hierarchy for CPU 5
[    0.021174] swapper/5: GICv3: [name:irq_gic_v3&]CPU5: found redistributor 500 region 0:0x000000000c4e0000
[    0.021290] swapper/5: [name:smp&]CPU5: Booted secondary processor 0x0000000500 [0x411fd4d0]
[    0.022908] swapper/6: [name:cpuinfo&]Detected PIPT I-cache on CPU6
[    0.022918] swapper/6: CPU features: [name:cpufeature&]SANITY CHECK: Unexpected variation in SYS_ID_AA64MMFR1_EL1. Boot CPU: 0x00000011312122, CPU6: 0x00000010312122
[    0.022959] swapper/6: cacheinfo: [name:cacheinfo&]Unable to detect cache hierarchy for CPU 6
[    0.023041] swapper/6: GICv3: [name:irq_gic_v3&]CPU6: found redistributor 600 region 0:0x000000000c500000
[    0.023158] swapper/6: [name:smp&]CPU6: Booted secondary processor 0x0000000600 [0x411fd4d0]
[    0.024838] swapper/7: [name:cpuinfo&]Detected PIPT I-cache on CPU7
[    0.024849] swapper/7: CPU features: [name:cpufeature&]SANITY CHECK: Unexpected variation in SYS_ID_AA64MMFR1_EL1. Boot CPU: 0x00000011312122, CPU7: 0x00000010312122
[    0.024892] swapper/7: cacheinfo: [name:cacheinfo&]Unable to detect cache hierarchy for CPU 7
[    0.024990] swapper/7: GICv3: [name:irq_gic_v3&]CPU7: found redistributor 700 region 0:0x000000000c520000
[    0.025115] swapper/7: [name:smp&]CPU7: Booted secondary processor 0x0000000700 [0x411fd4d0]
[    0.025281] swapper/0: smp: [name:smp&]Brought up 1 node, 8 CPUs
[    0.025319] swapper/0: [name:smp&]SMP: Total of 8 processors activated.
[    0.025326] swapper/0: CPU features: [name:cpufeature&]detected: Branch Target Identification
[    0.025333] swapper/0: CPU features: [name:cpufeature&]detected: ARMv8.4 Translation Table Level
[    0.025339] swapper/0: CPU features: [name:cpufeature&]detected: Data cache clean to the PoU not required for I/D coherence
[    0.025346] swapper/0: CPU features: [name:cpufeature&]detected: Common not Private translations
[    0.025351] swapper/0: CPU features: [name:cpufeature&]detected: CRC32 instructions
[    0.025355] swapper/0: CPU features: [name:cpufeature&]detected: Data cache clean to Point of Deep Persistence
[    0.025361] swapper/0: CPU features: [name:cpufeature&]detected: Data cache clean to Point of Persistence
[    0.025366] swapper/0: CPU features: [name:cpufeature&]detected: E0PD
[    0.025371] swapper/0: CPU features: [name:cpufeature&]detected: Enhanced Privileged Access Never
[    0.025377] swapper/0: CPU features: [name:cpufeature&]detected: RCpc load-acquire (LDAPR)
[    0.025382] swapper/0: CPU features: [name:cpufeature&]detected: LSE atomic instructions
[    0.025387] swapper/0: CPU features: [name:cpufeature&]detected: Privileged Access Never
[    0.025392] swapper/0: CPU features: [name:cpufeature&]detected: RAS Extension Support
[    0.025396] swapper/0: CPU features: [name:cpufeature&]detected: Speculation barrier (SB)
[    0.025401] swapper/0: CPU features: [name:cpufeature&]detected: Stage-2 Force Write-Back
[    0.025406] swapper/0: CPU features: [name:cpufeature&]detected: TLB range maintenance instructions
[    0.025413] swapper/0: CPU features: [name:cpufeature&]detected: Speculative Store Bypassing Safe (SSBS)
[    0.025587] migration/6: CPU features: [name:cpufeature&]detected CPU6: Activity Monitors Unit (AMU)
[    0.025599] migration/7: CPU features: [name:cpufeature&]detected CPU7: Activity Monitors Unit (AMU)
[    0.025597] migration/0: U features: [name:cpufeature&]detected CPU0: Activity Monitors Unit (AMU)U)
[    0.025598] migration/1: U features: [name:cpufeature&]detected CPU0: Activity Monitors Unit (AMU)U)
[    0.025607] migration/3: CPU features: [name:cpufeature&]detected CPU5: Activity Monitors Unit (AMU)
[    0.025609] migration/2: CPU features: [name:cpufeature&]detected CPU5: Activity Monitors Unit (AMU)U)
[    0.025611] migration/5: CPU features: [name:cpufeature&]detected CPU5: Activity Monitors Unit (AMU)
[    0.025613] migration/4: CPU features: [name:cpufeature&]detected CPU4: Activity Monitors Unit (AMU)
[    0.025766] swapper/0: [name:smp&]CPU: All CPU(s) started at EL1
[    0.025787] swapper/0: alternatives: [name:alternative&]applying system-wide alternatives
[    0.031666] swapper/0: devtmpfs: initialized
[    0.054826] swapper/0: [name:armv8_deprecated&]Registered cp15_barrier emulation handler
[    0.054920] swapper/0: [name:armv8_deprecated&]Registered setend emulation handler
[    0.055018] swapper/0: clocksource: [name:clocksource&]jiffies: mask: 0xffffffff max_cycles: 0xffffffff, max_idle_ns: 7645041785100000 ns
[    0.055033] swapper/0: [name:page_alloc&]futex hash table entries: 2048 (order: 5, 131072 bytes, linear)
[    0.055261] swapper/0: pinctrl core: [name:core&]initialized pinctrl subsystem
[    0.055774] swapper/0: [name:socket&]NET: Registered PF_NETLINK/PF_ROUTE protocol family
[    0.056983] swapper/0: [name:pool&]DMA: preallocated 1024 KiB GFP_KERNEL pool for atomic allocations
[    0.057023] swapper/0: audit: [name:audit&]initializing netlink subsys (disabled)
[    0.057236] kauditd: audit: [name:audit&]type=2000 audit(0.052:1): state=initialized audit_enabled=0 res=1
[    0.057261] swapper/0: ramoops: [name:ramoops&]using module parameters
[    0.058758] swapper/0: printk: console [ramoops-1] enabled
[    0.058989] swapper/0: pstore: [name:pstore&]Registered ramoops as persistent store backend
[    0.058992] swapper/0: ramoops: [name:ramoops&]using 0xe0000@0x48090000, ecc: 0
[    0.059214] swapper/0: thermal_sys: [name:thermal_sys&]Registered thermal governor 'step_wise'
[    0.059218] swapper/0: thermal_sys: [name:thermal_sys&]Registered thermal governor 'user_space'
[    0.059221] swapper/0: thermal_sys: [name:thermal_sys&]Registered thermal governor 'power_allocator'
[    0.059249] swapper/0: [name:governor&]cpuidle: using governor menu
[    0.059420] swapper/0: hw-breakpoint: [name:hw_breakpoint&]found 6 breakpoint and 4 watchpoint registers.
[    0.059781] swapper/0: [name:context&]ASID allocator initialised with 65536 entries
[    0.059853] swapper/0: Serial: AMBA PL011 UART driver
[    0.096050] swapper/0: platform mmdvfs-clk: [name:core&]Fixed dependency cycle(s) with /mmdvfs-clk
[    0.096590] swapper/0: OF: [name:base&]/soc/ccu_rproc@1b080000: could not get #interconnect-cells for /interconnect
[    0.098567] swapper/0: OF: [name:base&]/soc/ccu_rproc1@0x1b180000: could not get #interconnect-cells for /interconnect
[    0.100202] swapper/0: OF: [name:base&]/soc/pda@1a180000: could not get #interconnect-cells for /interconnect
[    0.106808] swapper/0: OF: [name:base&]/soc/dispsys-config@14000000: could not get #interconnect-cells for /interconnect
[    0.109196] swapper/0: OF: [name:base&]/soc/disp-ovl0@14402000: could not get #interconnect-cells for /interconnect
[    0.110771] swapper/0: OF: [name:base&]/soc/disp-ovl1@14403000: could not get #interconnect-cells for /interconnect
[    0.112335] swapper/0: OF: [name:base&]/soc/disp-ovl2@14404000: could not get #interconnect-cells for /interconnect
[    0.113885] swapper/0: OF: [name:base&]/soc/disp-ovl3@14405000: could not get #interconnect-cells for /interconnect
[    0.115445] swapper/0: OF: [name:base&]/soc/disp1-ovl0@14602000: could not get #interconnect-cells for /interconnect
[    0.117012] swapper/0: OF: [name:base&]/soc/disp1-ovl1@14603000: could not get #interconnect-cells for /interconnect
[    0.118571] swapper/0: OF: [name:base&]/soc/disp1-ovl2@14604000: could not get #interconnect-cells for /interconnect
[    0.120148] swapper/0: OF: [name:base&]/soc/disp1-ovl3@14605000: could not get #interconnect-cells for /interconnect
[    0.122455] swapper/0: OF: [name:base&]/soc/disp-oddmr0@14013000: could not get #interconnect-cells for /interconnect
[    0.124036] swapper/0: OF: [name:base&]/soc/disp1-oddmr0@14213000: could not get #interconnect-cells for /interconnect
[    0.126495] swapper/0: OF: [name:base&]/soc/imgsys-fw@15000000: could not get #interconnect-cells for /interconnect
[    0.128145] swapper/0: OF: [name:base&]/soc/vdec@16000000: could not get #interconnect-cells for /interconnect
[    0.129677] swapper/0: OF: [name:base&]/soc/venc@17020000: could not get #interconnect-cells for /interconnect
[    0.131186] swapper/0: OF: [name:base&]/soc/jpgenc@17030000: could not get #interconnect-cells for /interconnect
[    0.132834] swapper/0: OF: [name:base&]/soc/jpgenc@17830000: could not get #interconnect-cells for /interconnect
[    0.134481] swapper/0: OF: [name:base&]/soc/cam-raw-a@1a030000: could not get #interconnect-cells for /interconnect
[    0.136061] swapper/0: OF: [name:base&]/soc/cam-yuv-a@1a050000: could not get #interconnect-cells for /interconnect
[    0.137674] swapper/0: OF: [name:base&]/soc/cam-raw-b@1a070000: could not get #interconnect-cells for /interconnect
[    0.139255] swapper/0: OF: [name:base&]/soc/cam-yuv-b@1a090000: could not get #interconnect-cells for /interconnect
[    0.140858] swapper/0: OF: [name:base&]/soc/cam-raw-c@1a0b0000: could not get #interconnect-cells for /interconnect
[    0.142425] swapper/0: OF: [name:base&]/soc/cam-yuv-c@1a0d0000: could not get #interconnect-cells for /interconnect
[    0.144033] swapper/0: OF: [name:base&]/soc/camsv1@1a100000: could not get #interconnect-cells for /interconnect
[    0.145598] swapper/0: OF: [name:base&]/soc/camsv2@1a101000: could not get #interconnect-cells for /interconnect
[    0.147169] swapper/0: OF: [name:base&]/soc/camsv3@1a102000: could not get #interconnect-cells for /interconnect
[    0.148735] swapper/0: OF: [name:base&]/soc/camsv4@1a103000: could not get #interconnect-cells for /interconnect
[    0.150301] swapper/0: OF: [name:base&]/soc/camsv5@1a104000: could not get #interconnect-cells for /interconnect
[    0.151874] swapper/0: OF: [name:base&]/soc/camsv6@1a105000: could not get #interconnect-cells for /interconnect
[    0.153460] swapper/0: OF: [name:base&]/soc/mraw1@1a130000: could not get #interconnect-cells for /interconnect
[    0.155021] swapper/0: OF: [name:base&]/soc/mraw2@1a140000: could not get #interconnect-cells for /interconnect
[    0.156589] swapper/0: OF: [name:base&]/soc/mraw3@1a150000: could not get #interconnect-cells for /interconnect
[    0.158166] swapper/0: OF: [name:base&]/soc/mraw4@1a160000: could not get #interconnect-cells for /interconnect
[    0.160157] swapper/0: OF: [name:base&]/soc/mdp@1f000000: could not get #interconnect-cells for /interconnect
[    0.161964] swapper/0: OF: [name:base&]/soc/mml-rdma0@1f803000: could not get #interconnect-cells for /interconnect
[    0.163524] swapper/0: OF: [name:base&]/soc/mml-rdma1@1f804000: could not get #interconnect-cells for /interconnect
[    0.165170] swapper/0: OF: [name:base&]/soc/mml-wrot0@1f80f000: could not get #interconnect-cells for /interconnect
[    0.166727] swapper/0: OF: [name:base&]/soc/mml-wrot1@1f810000: could not get #interconnect-cells for /interconnect
[    0.168280] swapper/0: OF: [name:base&]/soc/mml-rdma2@1f811000: could not get #interconnect-cells for /interconnect
[    0.169834] swapper/0: OF: [name:base&]/soc/mml-rdma3@1f812000: could not get #interconnect-cells for /interconnect
[    0.171410] swapper/0: OF: [name:base&]/soc/mml-wrot2@1f815000: could not get #interconnect-cells for /interconnect
[    0.172963] swapper/0: OF: [name:base&]/soc/mml-wrot3@1f816000: could not get #interconnect-cells for /interconnect
[    0.188287] swapper/0: platform 1e980000.gce: [name:core&]Fixed dependency cycle(s) with /soc/gce@1e980000
[    0.188501] swapper/0: platform 1e990000.gce: [name:core&]Fixed dependency cycle(s) with /soc/gce@1e990000
[    0.193208] swapper/0: platform 1400b000.disp-dp-intf0: [name:core&]Fixed dependency cycle(s) with /soc/dp-tx@11e10000
[    0.193327] swapper/0: platform 1400b000.disp-dp-intf0: [name:core&]Fixed dependency cycle(s) with /soc/dp-tx@11e10000
[    0.193365] swapper/0: platform 11e10000.dp-tx: [name:core&]Fixed dependency cycle(s) with /i2c@11d02000/ti983@0c
[    0.193372] swapper/0: platform 11e10000.dp-tx: [name:core&]Fixed dependency cycle(s) with /soc/disp-dp-intf0@1400b000
[    0.193500] swapper/0: platform soc:panel@2: [name:core&]Fixed dependency cycle(s) with /i2c@11d02000/ti983@0c
[    0.193566] swapper/0: platform soc:virt-dp-1: [name:core&]Fixed dependency cycle(s) with /soc/virt-dp-tx
[    0.193646] swapper/0: platform soc:virt-dp-1: [name:core&]Fixed dependency cycle(s) with /soc/virt-dp-tx
[    0.193706] swapper/0: platform soc:virt-dp-tx: [name:core&]Fixed dependency cycle(s) with /i2c@11d00000/virtual-ti983@0d
[    0.193723] swapper/0: platform soc:virt-dp-tx: [name:core&]Fixed dependency cycle(s) with /soc/virt-dp-1
[    0.193849] swapper/0: platform soc:panel-dp: [name:core&]Fixed dependency cycle(s) with /i2c@11d00000/virtual-ti983@0d
[    0.193912] swapper/0: platform 1400d000.dsi: [name:core&]Fixed dependency cycle(s) with /soc/dsi@1400d000/panel1@0
[    0.194006] swapper/0: platform 1420d000.dsi: [name:core&]Fixed dependency cycle(s) with /soc/dsi@1420d000/panel11@0
[    0.216304] swapper/0: [name:kaslr&]KASLR enabled
[    0.222812] swapper/0: iommu: [name:iommu&]Default domain type: Translated 
[    0.222819] swapper/0: iommu: [name:iommu&]DMA domain TLB invalidation policy: strict mode 
[    0.223052] swapper/0: SCSI subsystem initialized
[    0.223117] swapper/0: [name:usbcore&]usbcore: registered new interface driver usbfs
[    0.223130] swapper/0: [name:usbcore&]usbcore: registered new interface driver hub
[    0.223143] swapper/0: [name:usbcore&]usbcore: registered new device driver usb
[    0.223206] swapper/0: mc: [name:mc&]Linux media interface: v0.10
[    0.223222] swapper/0: videodev: [name:videodev&]Linux video capture interface: v2.00
[    0.223257] swapper/0: pps_core: [name:pps_core&]LinuxPPS API ver. 1 registered
[    0.223260] swapper/0: pps_core: [name:pps_core&]Software ver. 5.3.6 - Copyright 2005-2007 Rodolfo Giometti <giometti@linux.it>
[    0.223267] swapper/0: [name:ptp&]PTP clock support registered
[    0.223519] swapper/0: EDAC MC: Ver: 3.0.0
[    0.225166] swapper/0: [name:snd&]Advanced Linux Sound Architecture Driver Initialized.
[    0.225797] cpuhp/4: CPU features: [name:cpufeature&]Asymmetric 32-bit EL0 support detected on CPU 4; CPU hot-unplug disabled on CPU 0
[    0.226280] swapper/0: clocksource: [name:clocksource&]Switched to clocksource arch_sys_counter
[    0.226476] swapper/0: VFS: Disk quotas dquot_6.6.0
[    0.226495] swapper/0: [name:dquot&]VFS: Dquot-cache hash table entries: 512 (order 0, 4096 bytes)
[    0.234189] swapper/0: [name:socket&]NET: Registered PF_INET protocol family
[    0.234332] swapper/0: [name:page_alloc&]IP idents hash table entries: 262144 (order: 9, 2097152 bytes, linear)
[    0.239064] swapper/0: [name:page_alloc&]tcp_listen_portaddr_hash hash table entries: 8192 (order: 5, 131072 bytes, linear)
[    0.239095] swapper/0: [name:page_alloc&]Table-perturb hash table entries: 65536 (order: 6, 262144 bytes, linear)
[    0.239140] swapper/0: [name:page_alloc&]TCP established hash table entries: 131072 (order: 8, 1048576 bytes, linear)
[    0.239401] swapper/0: [name:page_alloc&]TCP bind hash table entries: 65536 (order: 9, 2097152 bytes, linear)
[    0.239614] swapper/0: TCP: [name:tcp&]Hash tables configured (established 131072 bind 65536)
[    0.239679] swapper/0: [name:page_alloc&]UDP hash table entries: 8192 (order: 6, 262144 bytes, linear)
[    0.239729] swapper/0: [name:page_alloc&]UDP-Lite hash table entries: 8192 (order: 6, 262144 bytes, linear)
[    0.239828] swapper/0: [name:socket&]NET: Registered PF_UNIX/PF_LOCAL protocol family
[    0.239849] swapper/0: [name:socket&]NET: Registered PF_XDP protocol family
[    0.239859] swapper/0: [name:quirks&]PCI: CLS 0 bytes, default 64
[    0.240490] kworker/u16:1: Trying to unpack rootfs image as initramfs...
[    0.240621] swapper/0: [name:kvm&]kvm [1]: HYP mode not available
[    0.241661] swapper/0: [name:system_keyring&]Initialise system trusted keyrings
[    0.241924] swapper/0: [name:workingset&]workingset: timestamp_bits=46 max_order=21 bucket_order=0
[    0.245076] swapper/0: fuse: [name:fuse&]init (API version 7.38)
[    0.268640] swapper/0: [name:key&]Key type asymmetric registered
[    0.268650] swapper/0: [name:asymmetric_keys&]Asymmetric key parser 'x509' registered
[    0.268686] swapper/0: Block layer SCSI generic (bsg) driver version 0.4 loaded (major 238)
[    0.269003] swapper/0: io scheduler mq-deadline registered
[    0.269007] swapper/0: io scheduler kyber registered
[    0.269065] swapper/0: io scheduler bfq registered
[    0.281339] swapper/0: [name:8250&]Serial: 8250/16550 driver, 4 ports, IRQ sharing disabled
[    0.286069] swapper/0: printk: console [ttynull0] enabled
[    0.287150] cpuhp/0: cacheinfo: [name:cacheinfo&]Unable to detect cache hierarchy for CPU 0
[    0.290552] swapper/0: [name:brd&]brd: module loaded
[    0.295572] swapper/0: loop: module loaded
[    0.297522] swapper/0: [name:spi&]SPI driver spidev has no spi_device_id for noboauto,spidev
[    0.297774] swapper/0: wireguard: [name:wireguard&]WireGuard 1.0.0 loaded. See www.wireguard.com for information.
[    0.297777] swapper/0: wireguard: [name:wireguard&]Copyright (C) 2015-2019 Jason A. Donenfeld <Jason@zx2c4.com>. All Rights Reserved.
[    0.298003] swapper/0: [name:macsec&]MACsec IEEE 802.1AE
[    0.298209] swapper/0: tun: [name:tun&]Universal TUN/TAP device driver, 1.6
[    0.302431] swapper/0: [name:usbcore&]usbcore: registered new interface driver uas
[    0.302462] swapper/0: [name:usbcore&]usbcore: registered new interface driver usb-storage
[    0.302599] swapper/0: [name:usbcore&]usbcore: registered new interface driver xpad
[    0.302757] swapper/0: i2c_dev: [name:i2c_dev&]i2c /dev entries driver
[    0.302773] swapper/0: gspca_main: [name:gspca_main&]v2.14.0 registered
[    0.302795] swapper/0: [name:usbcore&]usbcore: registered new interface driver uvcvideo
[    0.304540] swapper/0: [name:dm_mod&]device-mapper: uevent: version 1.0.3
[    0.304762] swapper/0: [name:dm_mod&]device-mapper: ioctl: 4.47.0-ioctl (2022-07-28) initialised: dm-devel@redhat.com
[    0.306001] swapper/0: [name:sdhci&]sdhci: Secure Digital Host Controller Interface driver
[    0.306005] swapper/0: [name:sdhci&]sdhci: Copyright(c) Pierre Ossman
[    0.306008] swapper/0: [name:sdhci_pltfm&]sdhci-pltfm: SDHCI platform and OF driver helper
[    0.308471] swapper/0: SMCCC: SOC_ID: [name:soc_id&]ARCH_SOC_ID not implemented, skipping ....
[    0.308499] swapper/0: hid: [name:hid&]raw HID events driver (C) Jiri Kosina
[    0.309055] swapper/0: [name:usbcore&]usbcore: registered new interface driver usbhid
[    0.309059] swapper/0: [name:usbhid&]usbhid: USB HID core driver
[    0.309235] swapper/0: ashmem: [name:ashmem&]initialized
[    0.313197] swapper/0: gnss: [name:gnss&]GNSS driver registered with major 504
[    0.315185] swapper/0: [name:usbcore&]usbcore: registered new interface driver snd-usb-audio
[    0.315813] swapper/0: [name:act_gact&]GACT probability NOT on
[    0.315830] swapper/0: [name:act_mirred&]Mirror/redirect action on
[    0.315855] swapper/0: [name:sch_netem&]netem: version 1.3
[    0.315898] swapper/0: [name:cls_u32&]u32 classifier
[    0.315900] swapper/0: [name:cls_u32&]    input device check on
[    0.315902] swapper/0: [name:cls_u32&]    Actions configured
[    0.316609] swapper/0: xt_time: [name:xt_time&]kernel timezone is -0000
[    0.316669] swapper/0: [name:ipip&]ipip: IPv4 and MPLS over IPv4 tunneling driver
[    0.316873] swapper/0: gre: [name:gre&]GRE over IPv4 demultiplexor driver
[    0.316877] swapper/0: ip_gre: [name:ip_gre&]GRE over IPv4 tunneling driver
[    0.317292] swapper/0: [name:ip_vti&]IPv4 over IPsec tunneling driver
[    0.317503] swapper/0: Initializing XFRM netlink socket
[    0.317515] swapper/0: [name:xfrm_interface&]IPsec XFRM device driver
[    0.317675] swapper/0: [name:socket&]NET: Registered PF_INET6 protocol family
[    0.318740] swapper/0: [name:ipv6&]Segment Routing with IPv6
[    0.318750] swapper/0: [name:ipv6&]In-situ OAM (IOAM) with IPv6
[    0.318818] swapper/0: mip6: [name:mip6&]Mobile IPv6
[    0.319058] swapper/0: sit: [name:sit&]IPv6, IPv4 and MPLS over IPv4 tunneling driver
[    0.319365] swapper/0: ip6_gre: [name:ip6_gre&]GRE over IPv6 tunneling driver
[    0.319526] swapper/0: [name:socket&]NET: Registered PF_PACKET protocol family
[    0.319534] swapper/0: [name:socket&]NET: Registered PF_KEY protocol family
[    0.320212] swapper/0: [name:taskstats&]registered taskstats version 1
[    0.320237] swapper/0: [name:system_keyring&]Loading compiled-in X.509 certificates
[    0.358763] kworker/u16:1: [name:page_alloc&]Freeing initrd memory: 20552K
[    0.359256] kworker/u16:2: [name:exit&]kworker/u16:2 (145) used greatest stack depth: 13792 bytes left
[    0.360748] swapper/0: [name:x509_key_parser&]Loaded X.509 cert 'Build time autogenerated kernel key: 06956ae70d29d66e8e534cbc18d7fd29d1a4ee0e'
[    0.360828] swapper/0: [name:page_owner&]page_owner is disabled
[    0.360915] swapper/0: [name:key&]Key type .fscrypt registered
[    0.360917] swapper/0: [name:key&]Key type fscrypt-provisioning registered
[    0.361022] swapper/0: pstore: [name:pstore&]Using crash dump compression: deflate
[    0.363331] swapper/0: [name:clk&]clk: Disabling unused clocks
[    0.363368] swapper/0: ALSA device list:
[    0.363372] swapper/0:   No soundcards found.
[    0.364161] swapper/0: [name:page_alloc&]Freeing unused kernel memory: 7168K
[    0.364261] swapper/0: [name:main&]Run /init as init process
[    0.364265] swapper/0: [name:main&]  with arguments:
[    0.364268] swapper/0: [name:main&]    /init
[    0.364270] swapper/0: [name:main&]  with environment:
[    0.364272] swapper/0: [name:main&]    HOME=/
[    0.364275] swapper/0: [name:main&]    TERM=linux
[    0.364276] swapper/0: [name:main&]    vmalloc=400M
[    0.364278] swapper/0: [name:main&]    ddr_size=16
[    0.364280] swapper/0: [name:main&]    nobo_cmd=hardware_version:2
[    0.364282] swapper/0: [name:main&]    project_code=0xfc
[    0.364284] swapper/0: [name:main&]    ivi_disp=0x4
[    0.364286] swapper/0: [name:main&]    passenger_disp=0x0
[    0.364287] swapper/0: [name:main&]    ceiling_disp=0x0
[    0.364289] swapper/0: [name:main&]    dmverity_sbootdis=1
[    0.368754] touch: [name:exit&]touch (148) used greatest stack depth: 12656 bytes left
[    0.391483] cut: [name:exit&]cut (161) used greatest stack depth: 12064 bytes left
[    1.274384] modprobe: [name:main&]bootprof: loading out-of-tree module taints kernel.
[    1.274534] modprobe: [name:main&]bootprof: module verification failed: signature and/or required key missing - tainting kernel
[    1.275578] modprobe: [name:bootprof&]BOOTPROF: pl=0, bl2ext=0 ,lk=-155596, logo=0, tfa=0, sec_os=0, gz=0
[    1.275863] modprobe: [name:bootprof&]BOOTPROF:      1275.861233: ON (TH:2)
[    1.275875] modprobe: [name:bootprof&]BOOTPROF:      1275.874156:Kernel_init_done
[    1.279299] modprobe: [name:mrdump&]mboot_params:[DT] 0x800@0x11d000, 0x2(0xc00)
[    1.279329] modprobe: [name:mrdump&]mboot_params: [DT] 0x10000@0x48170000
[    1.279404] modprobe: [name:mrdump&]mboot_params: using dram:0x4d001000(0x1000)
[    1.279411] modprobe: [name:mrdump&]mboot_params: buffer start: 0xffffffc008635000, size: 0x1000
[    1.279416] modprobe: [name:mrdump&]mboot_params: last init function: 0x0
[    1.279456] modprobe: [name:mrdump&]mrdump_parse_chosen: mrdump_cbaddr=0x000000004d002000, mrdump_cbsize=0x0000000000002000
[    1.279461] modprobe: [name:mrdump&]mrdump_parse_chosen: lk version MRDUMP11
[    1.279464] modprobe: [name:mrdump&]mrdump_parse_chosen: ddr reserve mode no
[    1.279498] modprobe: [name:mrdump&][mrdump] phys:0x4d000000 - 0x4d010000 (0x10000)
[    1.279509] modprobe: [name:mrdump&][mrdump] rmem->priv = ffffffc008740000
[    1.279552] modprobe: [name:mrdump&]mrdump_cblock_init: done.
[    1.279558] modprobe: [name:mrdump&]minirdump: [DT] reserved 0x48170000+0x10000->000000003d4fe3c9
[    1.279602] kworker/5:47: [name:mrdump&]mrdump_ka_work_func: retry in 0.1 second
[    1.287359] modprobe: [name:aee_aed&]aee kernel api ready
[    1.291001] modprobe: [name:aee_hangdet&]hangdet_init: compatible node found: watchdog
[    1.291029] modprobe: [name:aee_hangdet&]apwdt enabled
[    1.291176] modprobe: [name:aee_hangdet&]hangdet_init: compatible node found: systimer
[    1.291432] modprobe: [name:aee_hangdet&]hangdet_init systimer_cnt 117450131
[    1.291437] modprobe: [name:aee_hangdet&]hangdet_init set wdk_ktime 1291437233
[    1.291443] modprobe: [name:aee_hangdet&]reboot set flag, old value 0x6c002000, 1.
[    1.291447] modprobe: [name:aee_hangdet&]reboot set flag new value 0x6c002800.
[    1.291581] kworker/u16:2: [name:aee_hangdet&][wdk] bind thread 885 to cpu 0
[    1.291778] wdtk-0: [name:aee_hangdet&][wdk-c] cpu=0 o_k=0 lbit=0x1 cbit=0xff,fe,7,1,1291437464,1,0,0,0,0,[1291766464,15000000] 26 ffffffff 
[    1.291790] wdtk-0: [name:aee_hangdet&]
[    1.291792] kworker/u16:2: [name:aee_hangdet&][wdk] bind thread 886 to cpu 1
[    1.291936] wdtk-1: [name:aee_hangdet&][wdk-c] cpu=1 o_k=1 lbit=0x3 cbit=0xff,fc,7,1,1291437464,3,0,0,0,0,[1291925156,14999791] 26 ffffffff 
[    1.291951] wdtk-1: [name:aee_hangdet&]
[    1.291983] kworker/u16:2: [name:aee_hangdet&][wdk] bind thread 887 to cpu 2
[    1.292148] kworker/u16:2: [name:aee_hangdet&][wdk] bind thread 889 to cpu 3
[    1.292309] wdtk-3: [name:aee_hangdet&][wdk-c] cpu=3 o_k=3 lbit=0xb cbit=0xff,f4,7,1,1291437464,f,0,0,0,0,[1292296848,14999419] 26 ffffffff 
[    1.292325] wdtk-3: [name:aee_hangdet&]
[    1.292407] kworker/u16:2: [name:aee_hangdet&][wdk] bind thread 890 to cpu 4
[    1.292508] wdtk-2: [name:aee_hangdet&][wdk-c] cpu=2 o_k=2 lbit=0xf cbit=0xff,f0,7,1,1291437464,1f,0,0,0,0,[1292494464,14999221] 26 ffffffff 
[    1.292523] wdtk-2: [name:aee_hangdet&]
[    1.292605] kworker/u16:2: [name:aee_hangdet&][wdk] bind thread 891 to cpu 5
[    1.292612] wdtk-4: [name:aee_hangdet&][wdk-c] cpu=4 o_k=4 lbit=0x1f cbit=0xff,e0,7,1,1291437464,1f,0,0,0,0,[1292606387,14999131] 26 ffffffff 
[    1.292619] wdtk-4: [name:aee_hangdet&]
[    1.292715] wdtk-5: [name:aee_hangdet&][wdk-c] cpu=5 o_k=5 lbit=0x3f cbit=0xff,c0,7,1,1291437464,3f,0,0,0,0,[1292710079,14999003] 26 ffffffff 
[    1.292721] wdtk-5: [name:aee_hangdet&]
[    1.292782] kworker/u16:2: [name:aee_hangdet&][wdk] bind thread 892 to cpu 6
[    1.292942] kworker/u16:2: [name:aee_hangdet&][wdk] bind thread 893 to cpu 7
[    1.292950] kworker/u16:2: [name:aee_hangdet&][wdk] WDT start kicker done CPU_NR=8 online cpu NR8
[    1.292953] kworker/u16:2: [name:aee_hangdet&][wdk]init_wk done late_initcall cpus_kick_bit=0xff -----
[    1.293040] wdtk-7: [name:aee_hangdet&][wdk-c] cpu=7 o_k=7 lbit=0xbf cbit=0xff,40,7,1,1291437464,ff,0,0,0,0,[1293034464,14998668] 26 ffffffff 
[    1.293044] wdtk-7: [name:aee_hangdet&]
[    1.294948] modprobe: [name:mrdump&]mrdump: hang data 0xffffff8005c00000 size:0x400000
[    1.295143] wdtk-6: [name:aee_hangdet&][thread:892] 1970-01-01 00:00:01.288869 UTC;android time 1970-01-01 00:00:01.288869
[    1.295180] wdtk-6: [name:aee_hangdet&][wdk-k] cpu=6 o_k=6 lbit=0xff cbit=0xff,0,7,1,1291437464,ff,0,0,0,0,[1295137464,14996590] 26 ffffffff 
[    1.295183] wdtk-6: [name:aee_hangdet&]
[    1.295868] modprobe: [name:monitor_hang&]monitor_hang: can't get monitor_hang_boot_up_enable status.
[    1.299104] modprobe: irq_monitor: [name:irq_monitor&]irq monitor init start!!
[    1.299123] modprobe: irq_monitor: [name:irq_monitor&]found tp: ipi_entry,__tracepoint_ipi_entry+0x0/0x48
[    1.299147] modprobe: irq_monitor: [name:irq_monitor&]found tp: ipi_exit,__tracepoint_ipi_exit+0x0/0x48
[    1.299160] modprobe: irq_monitor: [name:irq_monitor&]found tp: irq_handler_entry,__tracepoint_irq_handler_entry+0x0/0x48
[    1.299166] modprobe: irq_monitor: [name:irq_monitor&]found tp: irq_handler_exit,__tracepoint_irq_handler_exit+0x0/0x48
[    1.299169] modprobe: irq_monitor: [name:irq_monitor&]found tp: softirq_entry,__tracepoint_softirq_entry+0x0/0x48
[    1.299173] modprobe: irq_monitor: [name:irq_monitor&]found tp: softirq_exit,__tracepoint_softirq_exit+0x0/0x48
[    1.299206] modprobe: irq_monitor: [name:irq_monitor&]found tp: hrtimer_expire_entry,__tracepoint_hrtimer_expire_entry+0x0/0x48
[    1.299221] modprobe: irq_monitor: [name:irq_monitor&]found tp: hrtimer_expire_exit,__tracepoint_hrtimer_expire_exit+0x0/0x48
[    1.300154] modprobe: [name:exit&]modprobe (896) used greatest stack depth: 12016 bytes left
[    1.302200] modprobe: [name:dbgtop_drm&]mtk_dbgtop_drm was loaded
[    1.302713] modprobe: mtk_dbgtop_drm 1000d000.drm: [name:dbgtop_drm&]driver probed
[    1.302731] modprobe: mtk_dbgtop_drm 1000d000.drm: [name:dbgtop_drm&]base 000000000bd5fd4d
[    1.326533] modprobe: [name:bus_tracer_interface&]bus_tracer_init: running...
[    1.326553] modprobe: [name:bootprof&]BOOTPROF:      1326.552233:initcall: init_module [bus_tracer_interface]    13.107077ms
[    1.329078] modprobe: systracker soc:tracker: [name:systracker&]systracker watchpoint probed.
[    1.329095] modprobe: systracker soc:tracker: [name:systracker&]systracker_watchpoint_probe: fail to parse irq-en-ops from node.
[    1.329098] modprobe: [name:dd&]systracker: probe of soc:tracker failed with error -22
[    1.334804] modprobe: cache_parity cache-parity: [name:cache_parity&]driver probed
[    1.334819] modprobe: [name:cache_parity&][cache_parity_init_platform] adopt default flow
[    1.335113] modprobe: cache_parity cache-parity: [name:cache_parity&]bound irq 25 for cpu0
[    1.335355] modprobe: cache_parity cache-parity: [name:cache_parity&]bound irq 26 for cpu1
[    1.335559] modprobe: cache_parity cache-parity: [name:cache_parity&]bound irq 27 for cpu2
[    1.335781] modprobe: cache_parity cache-parity: [name:cache_parity&]bound irq 28 for cpu3
[    1.335985] modprobe: cache_parity cache-parity: [name:cache_parity&]bound irq 29 for cpu4
[    1.336206] modprobe: cache_parity cache-parity: [name:cache_parity&]bound irq 30 for cpu5
[    1.336407] modprobe: cache_parity cache-parity: [name:cache_parity&]bound irq 31 for cpu6
[    1.336601] modprobe: cache_parity cache-parity: [name:cache_parity&]bound irq 32 for cpu7
[    1.336820] modprobe: cache_parity cache-parity: [name:cache_parity&]bound irq 33 for cpu0
[    1.337028] modprobe: cache_parity cache-parity: [name:cache_parity&]bound irq 34 for cpu2
[    1.337326] modprobe: cache_parity cache-parity: [name:cache_parity&]version 3, nr_irq 11, arm-dsu-ecc-hwirq 48 nr_err 0
[    1.339999] modprobe: [name:bootprof&]BOOTPROF:      1339.998079:initcall: init_module [cache_parity]     5.277615ms
[    1.340699] modprobe: [name:exit&]modprobe (902) used greatest stack depth: 11488 bytes left
[    1.356097] modprobe: [name:log_store&]log_store: get address 0xa0d.
[    1.356114] modprobe: [name:log_store&]log_store:[DT] log_store: 0x11df00@0x100
[    1.356121] modprobe: [name:log_store&]log_store: get ok, sram addr:0x11df00, size:0x100
[    1.356135] modprobe: [name:log_store&]log_store: sram header address 0x00000000f4e4a39c.
[    1.356146] modprobe: [name:log_store&]sig 0x5678ef90 flag 0x204 add 0x48180000 size 0x80000 offsize 0x0 point 0x0
[    1.356162] modprobe: [name:log_store&]log_store: bootmode: 0x0 boottype: 0x2.
[    1.356169] modprobe: [name:log_store&]log store:sram_dram_buff addr 0x48180000, size 0x80000.
[    1.356191] modprobe: [name:log_store&][PHY layout]log_store_mem:0x48180000-0x481fffff (0x80000)
[    1.356199] modprobe: [name:log_store&]buff 000000005909fc2d, sig cdab3412 size 80000 pl 0, sz 0 lk 0, sz 35ef1 p 0, l 0
[    1.371221] modprobe: [name:mtk_wdt&]mtk_wdt_probe:417:nebula will kick
[    1.373055] modprobe: [name:bootprof&]BOOTPROF:      1373.053541:initcall: init_module [mtk_wdt]     3.073538ms
[    1.387833] modprobe: [name:bootprof&]BOOTPROF:      1387.831079:initcall: init_module [sec_rng]     6.096538ms
[    1.390554] modprobe: [name:nb_cdt&][NOBO-MTK-BSP-SYSTEM-CDT] [cdt_init:54] [CDT] hardware version: 2
[    1.403701] kworker/5:47: [name:mrdump&]mrdump control block 2nd stage init done.
[    1.403903] modprobe: [name:device_apc_common&][DEVAPC]: driver registered
[    1.404054] modprobe: [name:device_apc_common&][DEVAPC]: subsys_enabled[0]:1
[    1.404079] modprobe: [name:device_apc_common&][DEVAPC]: subsys_enabled[1]:1
[    1.404099] modprobe: [name:device_apc_common&][DEVAPC]: subsys_enabled[2]:1
[    1.404117] modprobe: [name:device_apc_common&][DEVAPC]: subsys_enabled[3]:1
[    1.404136] modprobe: [name:device_apc_common&][DEVAPC]: subsys_enabled[4]:1
[    1.404155] modprobe: [name:device_apc_common&][DEVAPC]: subsys_enabled[5]:1
[    1.404181] modprobe: [name:device_apc_common&][DEVAPC]: subsys_enabled[6]:1
[    1.404199] modprobe: [name:device_apc_common&][DEVAPC]: subsys_enabled[7]:1
[    1.404623] modprobe: [name:device_apc_common&][DEVAPC]: IRQ[0]:37
[    1.404685] modprobe: [name:device_apc_common&][DEVAPC]: IRQ[1]:38
[    1.404736] modprobe: [name:device_apc_common&][DEVAPC]: IRQ[2]:39
[    1.404785] modprobe: [name:device_apc_common&][DEVAPC]: IRQ[3]:40
[    1.404833] modprobe: [name:device_apc_common&][DEVAPC]: IRQ[4]:41
[    1.404887] modprobe: [name:device_apc_common&][DEVAPC]: IRQ[5]:42
[    1.404936] modprobe: [name:device_apc_common&][DEVAPC]: IRQ[6]:43
[    1.405772] modprobe: [name:device_apc_common&][DEVAPC]: (Infra) Cannot get devapc clock from CCF (-2)
[    1.406007] modprobe: [name:device_apc_common&][DEVAPC]: no violation for slave:0x0
[    1.406113] modprobe: [name:device_apc_common&][DEVAPC]: no violation for slave:0x1
[    1.406172] modprobe: [name:device_apc_common&][DEVAPC]: no violation for slave:0x2
[    1.406226] modprobe: [name:device_apc_common&][DEVAPC]: no violation for slave:0x3
[    1.406380] modprobe: [name:device_apc_common&][DEVAPC]: no violation for slave:0x4
[    1.406660] modprobe: [name:device_apc_common&][DEVAPC]: no violation for slave:0x5
[    1.406708] modprobe: [name:device_apc_common&][DEVAPC]: no violation for slave:0x6
[    1.406748] modprobe: [name:device_apc_common&][DEVAPC]: no violation for slave:0x7
[    1.408792] modprobe: [name:device_apc_common&][DEVAPC]: [SLAVE_TYPE_INFRA] VIO_SHIFT_STA: 0x0
[    1.408801] modprobe: [name:device_apc_common&][DEVAPC]: SLAVE_TYPE_INFRA: VIO_MASK_0: 0x1000, VIO_STA_0: 0x0
[    1.408810] modprobe: [name:device_apc_common&][DEVAPC]: SLAVE_TYPE_INFRA: VIO_MASK_1: 0x7800000, VIO_STA_1: 0x0
[    1.408819] modprobe: [name:device_apc_common&][DEVAPC]: SLAVE_TYPE_INFRA: VIO_MASK_2: 0x0, VIO_STA_2: 0x0
[    1.408828] modprobe: [name:device_apc_common&][DEVAPC]: SLAVE_TYPE_INFRA: VIO_MASK_3: 0x0, VIO_STA_3: 0x0
[    1.408836] modprobe: [name:device_apc_common&][DEVAPC]: SLAVE_TYPE_INFRA: VIO_MASK_4: 0x0, VIO_STA_4: 0x0
[    1.408845] modprobe: [name:device_apc_common&][DEVAPC]: SLAVE_TYPE_INFRA: VIO_MASK_5: 0x0, VIO_STA_5: 0x0
[    1.408854] modprobe: [name:device_apc_common&][DEVAPC]: SLAVE_TYPE_INFRA: VIO_MASK_6: 0x0, VIO_STA_6: 0x0
[    1.408862] modprobe: [name:device_apc_common&][DEVAPC]: SLAVE_TYPE_INFRA: VIO_MASK_7: 0x0, VIO_STA_7: 0x0
[    1.408871] modprobe: [name:device_apc_common&][DEVAPC]: SLAVE_TYPE_INFRA: VIO_MASK_8: 0x0, VIO_STA_8: 0x0
[    1.408879] modprobe: [name:device_apc_common&][DEVAPC]: SLAVE_TYPE_INFRA: VIO_MASK_9: 0x0, VIO_STA_9: 0x0
[    1.408887] modprobe: [name:device_apc_common&][DEVAPC]: SLAVE_TYPE_INFRA: VIO_MASK_10: 0x0, VIO_STA_10: 0x0
[    1.408897] modprobe: [name:device_apc_common&][DEVAPC]: SLAVE_TYPE_INFRA: VIO_MASK_11: 0x4, VIO_STA_11: 0x0
[    1.408905] modprobe: [name:device_apc_common&][DEVAPC]: SLAVE_TYPE_INFRA: VIO_MASK_12: 0x0, VIO_STA_12: 0x0
[    1.408914] modprobe: [name:device_apc_common&][DEVAPC]: SLAVE_TYPE_INFRA: VIO_MASK_13: 0x7fc00000, VIO_STA_13: 0x0
[    1.408923] modprobe: [name:device_apc_common&][DEVAPC]: [SLAVE_TYPE_INFRA1] VIO_SHIFT_STA: 0x0
[    1.408929] modprobe: [name:device_apc_common&][DEVAPC]: SLAVE_TYPE_INFRA1: VIO_MASK_0: 0x40000000, VIO_STA_0: 0x0
[    1.408938] modprobe: [name:device_apc_common&][DEVAPC]: SLAVE_TYPE_INFRA1: VIO_MASK_1: 0x0, VIO_STA_1: 0x0
[    1.408947] modprobe: [name:device_apc_common&][DEVAPC]: SLAVE_TYPE_INFRA1: VIO_MASK_2: 0x0, VIO_STA_2: 0x0
[    1.408955] modprobe: [name:device_apc_common&][DEVAPC]: SLAVE_TYPE_INFRA1: VIO_MASK_3: 0x0, VIO_STA_3: 0x0
[    1.408964] modprobe: [name:device_apc_common&][DEVAPC]: SLAVE_TYPE_INFRA1: VIO_MASK_4: 0x2fb8, VIO_STA_4: 0x0
[    1.408972] modprobe: [name:device_apc_common&][DEVAPC]: SLAVE_TYPE_INFRA1: VIO_MASK_5: 0x0, VIO_STA_5: 0x0
[    1.408981] modprobe: [name:device_apc_common&][DEVAPC]: SLAVE_TYPE_INFRA1: VIO_MASK_6: 0x74000, VIO_STA_6: 0x0
[    1.408989] modprobe: [name:device_apc_common&][DEVAPC]: start_devapc done
[    1.410403] modprobe: [name:bootprof&]BOOTPROF:      1410.401541:initcall: init_module [device_apc_mt6897]     7.458770ms
[    1.415979] modprobe: [NOBO-MTK-BSP-DISPLAY-ADAPTER] W: [display_adapter_init:609] success to create disp_driver_info node in sysfs(/sys/kernel/disp_driver_info)!
[    1.421089] modprobe: [NOBO-MTK-BSP-CAM-CDT] W: [camera_cdt_adapter_init:676] success to create cam_cdt_driver_info node in sysfs(/sys/kernel/cam_cdt_driver_info)!
[    1.430679] modprobe: mt6897-pinctrl 10005000.pinctrl: [name:pinctrl_mtk_v2&]mtk_eint_do_init eint total 250 pins.
[    1.430811] modprobe: mt6897-pinctrl 10005000.pinctrl: [name:pinctrl_mtk_v2&]mtk_eint_do_init eint in new mode, assign the matrix number to 141.
[    1.439878] modprobe: simple-pm-bus odm: [name:core&]Failed to create device link (0x180) with 10005000.pinctrl
[    1.442854] modprobe: [name:bootprof&]BOOTPROF:      1442.852310:initcall: init_module [pinctrl_mt6897]    13.740231ms
[    1.443670] modprobe: [name:exit&]modprobe (919) used greatest stack depth: 11248 bytes left
[    1.461989] modprobe: [name:clk_mt6897&]clk_set_trace_event init end
[    1.462333] modprobe: [name:clk_mt6897&]clk_mt6897_top_probe init begin
[    1.563264] modprobe: [name:clk_mt6897&]clk_mt6897_top_probe init end
[    1.563418] modprobe: [name:clk_mt6897&]clk_mt6897_pll_registration init begin
[    1.565352] modprobe: [name:clk_mt6897&]clk_mt6897_pll_registration init end
[    1.565462] modprobe: [name:clk_mt6897&]clk_mt6897_pll_registration init begin
[    1.565604] modprobe: [name:clk_mt6897&]clk_mt6897_pll_registration init end
[    1.565657] modprobe: [name:clk_mt6897&]clk_mt6897_pll_registration init begin
[    1.565767] modprobe: [name:clk_mt6897&]clk_mt6897_pll_registration init end
[    1.565855] modprobe: [name:clk_mt6897&]clk_mt6897_vlp_ck_probe init begin
[    1.576268] modprobe: [name:clk_mt6897&]clk_mt6897_vlp_ck_probe init end
[    1.576387] modprobe: [name:clk_mt6897&]clk_mt6897_pll_registration init begin
[    1.576559] modprobe: [name:clk_mt6897&]clk_mt6897_pll_registration init end
[    1.576611] modprobe: [name:clk_mt6897&]clk_mt6897_pll_registration init begin
[    1.576768] modprobe: [name:clk_mt6897&]clk_mt6897_pll_registration init end
[    1.576817] modprobe: [name:clk_mt6897&]clk_mt6897_pll_registration init begin
[    1.576970] modprobe: [name:clk_mt6897&]clk_mt6897_pll_registration init end
[    1.577018] modprobe: [name:clk_mt6897&]clk_mt6897_pll_registration init begin
[    1.577168] modprobe: [name:clk_mt6897&]clk_mt6897_pll_registration init end
[    1.577221] modprobe: [name:clk_mt6897&]clk_mt6897_pll_registration init begin
[    1.577388] modprobe: [name:clk_mt6897&]clk_mt6897_pll_registration init end
[    1.578745] modprobe: [name:bootprof&]BOOTPROF:      1578.744311:initcall: init_module [clk_mt6897]   121.644307ms
[    1.584864] modprobe: [name:clk_mt6897_adsp&]clk_mt6897_adsp_grp_probe: 11050000.syscon init begin
[    1.602595] modprobe: [name:clk_mt6897_adsp&]clk_mt6897_adsp_grp_probe: 11050000.syscon init end
[    1.603457] modprobe: [name:bootprof&]BOOTPROF:      1603.456618:initcall: init_module [clk_mt6897_adsp]    19.066154ms
[    1.609660] modprobe: [name:clk_mt6897_cam&]clk_mt6897_cam_grp_probe: 1a000000.syscon init begin
[    1.622530] modprobe: [name:clk_mt6897_cam&]clk_mt6897_cam_grp_probe: 1a000000.syscon init end
[    1.622837] modprobe: [name:clk_mt6897_cam&]clk_mt6897_cam_grp_probe: 1a04f000.syscon init begin
[    1.623431] modprobe: [name:clk_mt6897_cam&]clk_mt6897_cam_grp_probe: 1a04f000.syscon init end
[    1.623509] modprobe: [name:clk_mt6897_cam&]clk_mt6897_cam_grp_probe: 1a06f000.syscon init begin
[    1.623891] modprobe: [name:clk_mt6897_cam&]clk_mt6897_cam_grp_probe: 1a06f000.syscon init end
[    1.623948] modprobe: [name:clk_mt6897_cam&]clk_mt6897_cam_grp_probe: 1a08f000.syscon init begin
[    1.624459] modprobe: [name:clk_mt6897_cam&]clk_mt6897_cam_grp_probe: 1a08f000.syscon init end
[    1.624511] modprobe: [name:clk_mt6897_cam&]clk_mt6897_cam_grp_probe: 1a0af000.syscon init begin
[    1.624855] modprobe: [name:clk_mt6897_cam&]clk_mt6897_cam_grp_probe: 1a0af000.syscon init end
[    1.624906] modprobe: [name:clk_mt6897_cam&]clk_mt6897_cam_grp_probe: 1a0cf000.syscon init begin
[    1.625415] modprobe: [name:clk_mt6897_cam&]clk_mt6897_cam_grp_probe: 1a0cf000.syscon init end
[    1.625464] modprobe: [name:clk_mt6897_cam&]clk_mt6897_cam_grp_probe: 1a0ef000.syscon init begin
[    1.625803] modprobe: [name:clk_mt6897_cam&]clk_mt6897_cam_grp_probe: 1a0ef000.syscon init end
[    1.625853] modprobe: [name:clk_mt6897_cam&]clk_mt6897_cam_grp_probe: 1a170000.syscon init begin
[    1.626798] modprobe: [name:clk_mt6897_cam&]clk_mt6897_cam_grp_probe: 1a170000.syscon init end
[    1.626862] modprobe: [name:clk_mt6897_cam&]clk_mt6897_cam_grp_probe: 1a1d0000.syscon init begin
[    1.627406] modprobe: [name:clk_mt6897_cam&]clk_mt6897_cam_grp_probe: 1a1d0000.syscon init end
[    1.627459] modprobe: [name:clk_mt6897_cam&]clk_mt6897_cam_grp_probe: 1b204000.syscon init begin
[    1.627630] modprobe: [name:clk_mt6897_cam&]clk_mt6897_cam_grp_probe: 1b204000.syscon init end
[    1.628887] modprobe: [name:bootprof&]BOOTPROF:      1628.886157:initcall: init_module [clk_mt6897_cam]    20.159615ms
[    1.634834] modprobe: [name:clk_mt6897_img&]clk_mt6897_img_grp_probe: 15000000.syscon init begin
[    1.649889] modprobe: [name:clk_mt6897_img&]clk_mt6897_img_grp_probe: 15000000.syscon init end
[    1.650058] modprobe: [name:clk_mt6897_img&]clk_mt6897_img_grp_probe: 15110000.syscon init begin
[    1.651710] modprobe: [name:clk_mt6897_img&]clk_mt6897_img_grp_probe: 15110000.syscon init end
[    1.651807] modprobe: [name:clk_mt6897_img&]clk_mt6897_img_grp_probe: 15130000.syscon init begin
[    1.652140] modprobe: [name:clk_mt6897_img&]clk_mt6897_img_grp_probe: 15130000.syscon init end
[    1.652199] modprobe: [name:clk_mt6897_img&]clk_mt6897_img_grp_probe: 15170000.syscon init begin
[    1.652515] modprobe: [name:clk_mt6897_img&]clk_mt6897_img_grp_probe: 15170000.syscon init end
[    1.652568] modprobe: [name:clk_mt6897_img&]clk_mt6897_img_grp_probe: 15220000.syscon init begin
[    1.652989] modprobe: [name:clk_mt6897_img&]clk_mt6897_img_grp_probe: 15220000.syscon init end
[    1.653042] modprobe: [name:clk_mt6897_img&]clk_mt6897_img_grp_probe: 15520000.syscon init begin
[    1.653463] modprobe: [name:clk_mt6897_img&]clk_mt6897_img_grp_probe: 15520000.syscon init end
[    1.653513] modprobe: [name:clk_mt6897_img&]clk_mt6897_img_grp_probe: 15620000.syscon init begin
[    1.653917] modprobe: [name:clk_mt6897_img&]clk_mt6897_img_grp_probe: 15620000.syscon init end
[    1.653971] modprobe: [name:clk_mt6897_img&]clk_mt6897_img_grp_probe: 15710000.syscon init begin
[    1.654479] modprobe: [name:clk_mt6897_img&]clk_mt6897_img_grp_probe: 15710000.syscon init end
[    1.654569] modprobe: [name:clk_mt6897_img&]clk_mt6897_img_grp_probe: 15780000.syscon init begin
[    1.655095] modprobe: [name:clk_mt6897_img&]clk_mt6897_img_grp_probe: 15780000.syscon init end
[    1.656414] modprobe: [name:bootprof&]BOOTPROF:      1656.413157:initcall: init_module [clk_mt6897_img]    22.439923ms
[    1.656795] modprobe: [name:exit&]modprobe (924) used greatest stack depth: 11200 bytes left
[    1.662494] modprobe: [name:clk_mt6897_mmsys&]clk_mt6897_mmsys_grp_probe: 14000000.syscon init begin
[    1.678362] modprobe: [name:clk_mt6897_mmsys&]clk_mt6897_mmsys_grp_probe: 14000000.syscon init end
[    1.678496] modprobe: [name:clk_mt6897_mmsys&]clk_mt6897_mmsys_grp_probe: 14200000.syscon init begin
[    1.683575] modprobe: [name:clk_mt6897_mmsys&]clk_mt6897_mmsys_grp_probe: 14200000.syscon init end
[    1.683698] modprobe: [name:clk_mt6897_mmsys&]clk_mt6897_mmsys_grp_probe: 14400000.syscon init begin
[    1.686863] modprobe: [name:clk_mt6897_mmsys&]clk_mt6897_mmsys_grp_probe: 14400000.syscon init end
[    1.686964] modprobe: [name:clk_mt6897_mmsys&]clk_mt6897_mmsys_grp_probe: 14600000.syscon init begin
[    1.690272] modprobe: [name:clk_mt6897_mmsys&]clk_mt6897_mmsys_grp_probe: 14600000.syscon init end
[    1.690407] modprobe: [name:clk_mt6897_mmsys&]clk_mt6897_mmsys_grp_probe: 1e800000.syscon init begin
[    1.691008] modprobe: [name:clk_mt6897_mmsys&]clk_mt6897_mmsys_grp_probe: 1e800000.syscon init end
[    1.692045] modprobe: [name:bootprof&]BOOTPROF:      1692.044234:initcall: init_module [clk_mt6897_mmsys]    30.226077ms
[    1.697821] modprobe: [name:clk_mt6897_peri&]clk_mt6897_peri_grp_probe: 11036000.syscon init begin
[    1.715084] modprobe: [name:clk_mt6897_peri&]clk_mt6897_peri_grp_probe: 11036000.syscon init end
[    1.715188] modprobe: [name:clk_mt6897_peri&]clk_mt6897_peri_grp_probe: 11281000.syscon init begin
[    1.715480] modprobe: [name:clk_mt6897_peri&]clk_mt6897_peri_grp_probe: 11281000.syscon init end
[    1.715542] modprobe: [name:clk_mt6897_peri&]clk_mt6897_peri_grp_probe: 112b8000.syscon init begin
[    1.716213] modprobe: [name:clk_mt6897_peri&]clk_mt6897_peri_grp_probe: 112b8000.syscon init end
[    1.716271] modprobe: [name:clk_mt6897_peri&]clk_mt6897_peri_grp_probe: 112bb000.syscon init begin
[    1.716652] modprobe: [name:clk_mt6897_peri&]clk_mt6897_peri_grp_probe: 112bb000.syscon init end
[    1.716707] modprobe: [name:clk_mt6897_peri&]clk_mt6897_peri_grp_probe: 112e0000.syscon init begin
[    1.717635] modprobe: [name:clk_mt6897_peri&]clk_mt6897_peri_grp_probe: 112e0000.syscon init end
[    1.717687] modprobe: [name:clk_mt6897_peri&]clk_mt6897_peri_grp_probe: 11b74000.syscon init begin
[    1.718425] modprobe: [name:clk_mt6897_peri&]clk_mt6897_peri_grp_probe: 11b74000.syscon init end
[    1.718484] modprobe: [name:clk_mt6897_peri&]clk_mt6897_peri_grp_probe: 11cc4000.syscon init begin
[    1.719145] modprobe: [name:clk_mt6897_peri&]clk_mt6897_peri_grp_probe: 11cc4000.syscon init end
[    1.719201] modprobe: [name:clk_mt6897_peri&]clk_mt6897_peri_grp_probe: 11d03000.syscon init begin
[    1.719733] modprobe: [name:clk_mt6897_peri&]clk_mt6897_peri_grp_probe: 11d03000.syscon init end
[    1.719788] modprobe: [name:clk_mt6897_peri&]clk_mt6897_peri_grp_probe: 11f02000.syscon init begin
[    1.720188] modprobe: [name:clk_mt6897_peri&]clk_mt6897_peri_grp_probe: 11f02000.syscon init end
[    1.721427] modprobe: [name:bootprof&]BOOTPROF:      1721.426465:initcall: init_module [clk_mt6897_peri]    24.304846ms
[    1.726955] modprobe: [name:clk_mt6897_bus&]clk_mt6897_bus_grp_probe: 10001000.syscon init begin
[    1.735858] modprobe: [name:clk_mt6897_bus&]clk_mt6897_bus_grp_probe: 10001000.syscon init end
[    1.737708] modprobe: [name:bootprof&]BOOTPROF:      1737.706388:initcall: init_module [clk_mt6897_bus]    11.186385ms
[    1.744063] modprobe: [name:clk_mt6897_mdpsys&]clk_mt6897_mdpsys_grp_probe: 1f000000.syscon init begin
[    1.761355] modprobe: [name:clk_mt6897_mdpsys&]clk_mt6897_mdpsys_grp_probe: 1f000000.syscon init end
[    1.761451] modprobe: [name:clk_mt6897_mdpsys&]clk_mt6897_mdpsys_grp_probe: 1f800000.syscon init begin
[    1.767075] modprobe: [name:clk_mt6897_mdpsys&]clk_mt6897_mdpsys_grp_probe: 1f800000.syscon init end
[    1.767820] modprobe: [name:bootprof&]BOOTPROF:      1767.818773:initcall: init_module [clk_mt6897_mdpsys]    24.377154ms
[    1.773579] modprobe: [name:clk_mt6897_vlp&]clk_mt6897_vlp_grp_probe: 1cb21000.syscon init begin
[    1.777011] modprobe: [name:clk_mt6897_vlp&]clk_mt6897_vlp_grp_probe: 1cb21000.syscon init end
[    1.777171] modprobe: [name:clk_mt6897_vlp&]clk_mt6897_vlp_grp_probe: 1cbb8000.syscon init begin
[    1.781958] modprobe: [name:clk_mt6897_vlp&]clk_mt6897_vlp_grp_probe: 1cbb8000.syscon init end
[    1.782114] modprobe: [name:clk_mt6897_vlp&]clk_mt6897_vlp_grp_probe: 1cbe1000.syscon init begin
[    1.783400] modprobe: [name:clk_mt6897_vlp&]clk_mt6897_vlp_grp_probe: 1cbe1000.syscon init end
[    1.785482] modprobe: [name:bootprof&]BOOTPROF:      1785.479619:initcall: init_module [clk_mt6897_vlp]    12.508308ms
[    1.791948] modprobe: [name:clk_mt6897_vcodec&]clk_mt6897_vcodec_grp_probe: 1600f000.syscon init begin
[    1.797123] modprobe: [name:clk_mt6897_vcodec&]clk_mt6897_vcodec_grp_probe: 1600f000.syscon init end
[    1.797285] modprobe: [name:clk_mt6897_vcodec&]clk_mt6897_vcodec_grp_probe: 1602f000.syscon init begin
[    1.802381] modprobe: [name:clk_mt6897_vcodec&]clk_mt6897_vcodec_grp_probe: 1602f000.syscon init end
[    1.802572] modprobe: [name:clk_mt6897_vcodec&]clk_mt6897_vcodec_grp_probe: 17000000.syscon init begin
[    1.807304] modprobe: [name:clk_mt6897_vcodec&]clk_mt6897_vcodec_grp_probe: 17000000.syscon init end
[    1.807395] modprobe: [name:clk_mt6897_vcodec&]clk_mt6897_vcodec_grp_probe: 17800000.syscon init begin
[    1.808679] modprobe: [name:clk_mt6897_vcodec&]clk_mt6897_vcodec_grp_probe: 17800000.syscon init end
[    1.809566] modprobe: [name:bootprof&]BOOTPROF:      1809.565465:initcall: init_module [clk_mt6897_vcodec]    18.287616ms
[    1.815143] modprobe: [name:clk_mt6897_ccu&]clk_mt6897_ccu_probe init begin
[    1.819359] modprobe: [name:clk_mt6897_ccu&]clk_mt6897_ccu_probe init end
[    1.820962] modprobe: [name:bootprof&]BOOTPROF:      1820.960619:initcall: init_module [clk_mt6897_ccu]     6.423461ms
[    1.830790] modprobe: [name:bootprof&]BOOTPROF:      1830.788234:initcall: init_module [mtk_pmic_wrap]     4.488231ms
[    1.845276] modprobe: spmi-mtk 1cc04000.spmi: [name:devres&]invalid resource
[    1.846368] modprobe: spmi-mtk 1cc04000.spmi: [name:spmi_mtk_pmif&][PMIF]:no bus dbg regs found
[    1.848164] modprobe: spmi-mtk 1cc04000.spmi: [name:core&]error -ENXIO: IRQ pmif_p_irq not found
[    1.849489] modprobe: spmi-mtk 1cc04000.spmi: [name:spmi_mtk_pmif&]Failed to get pmif_p_irq, ret = -6
[    1.849500] modprobe: spmi-mtk 1cc04000.spmi: [name:spmi_mtk_pmif&]request event_0 irq fail
[    1.849508] modprobe: spmi-mtk 1cc04000.spmi: [name:spmi_mtk_pmif&]request event_1 irq fail
[    1.849516] modprobe: spmi-mtk 1cc04000.spmi: [name:spmi_mtk_pmif&]request event_2 irq fail
[    1.849523] modprobe: spmi-mtk 1cc04000.spmi: [name:spmi_mtk_pmif&]request event_3 irq fail
[    1.849530] modprobe: spmi-mtk 1cc04000.spmi: [name:spmi_mtk_pmif&]request event_4 irq fail
[    1.849936] modprobe: spmi-mtk 1cc04000.spmi: [name:core&]error -ENXIO: IRQ rcs_irq_p not found
[    1.851300] modprobe: spmi-mtk 1cc04000.spmi: [name:spmi_mtk_pmif&]Failed to get rcs_irq_p, ret = -6
[    1.851792] modprobe: spmi-mtk 1cc04000.spmi: [name:core&]error -ENXIO: IRQ spmi_p_nack_irq not found
[    1.853168] modprobe: spmi-mtk 1cc04000.spmi: [name:spmi_mtk_pmif&]Failed to get spmi_p_nack_irq, ret = -6
[    1.853178] modprobe: spmi-mtk 1cc04000.spmi: [name:spmi_mtk_pmif&]No spmi-dev-mask found in dts, default all PMIC on SPMI-M
[    1.854384] modprobe: [name:mfd_core&]mtk-dynamic-loading-throttling: Failed to locate of_node [id: -1]
[    1.857680] modprobe: [name:mtk_spmi_pmic&]pmic_spmi_device_add():add usid(4)
[    1.857692] modprobe: mtk-spmi-pmic 0-04: [name:mtk_spmi_pmic&]probe chip id=0x63 done
[    1.858845] modprobe: [name:mtk_spmi_pmic&]pmic_spmi_device_add():add usid(6)
[    1.858858] modprobe: mtk-spmi-pmic 0-06: [name:mtk_spmi_pmic&]probe chip id=0x15 done
[    1.859880] modprobe: [name:mtk_spmi_pmic&]pmic_spmi_device_add():add usid(7)
[    1.859892] modprobe: mtk-spmi-pmic 0-07: [name:mtk_spmi_pmic&]probe chip id=0x15 done
[    1.862921] modprobe: [name:mtk_spmi_pmic&]pmic_spmi_device_add():add usid(5)
[    1.862933] modprobe: mtk-spmi-pmic 0-05: [name:mtk_spmi_pmic&]probe chip id=0x73 done
[    1.866836] modprobe: [name:bootprof&]BOOTPROF:      1866.835696:initcall: init_module [spmi_mtk_pmif]    23.617231ms
[    1.867179] modprobe: [name:exit&]modprobe (934) used greatest stack depth: 10576 bytes left
[    1.881697] modprobe: [name:bootprof&]BOOTPROF:      1881.695081:initcall: init_module [mt6315_regulator]     9.642385ms
[    1.904691] modprobe: [name:bootprof&]BOOTPROF:      1904.690388:initcall: init_module [mt6363_regulator]    20.076077ms
[    1.917114] modprobe: [name:bootprof&]BOOTPROF:      1917.112850:initcall: init_module [mt6373_regulator]     9.775385ms
[    1.924089] modprobe: mt6363-pinctrl mt6363-pinctrl: [name:device&]DMA mask not set
[    1.925005] modprobe: [name:bootprof&]BOOTPROF:      1925.003619:initcall: init_module [pinctrl_mt6363]     2.896000ms
[    1.932588] modprobe: mt6373-pinctrl mt6373-pinctrl: [name:device&]DMA mask not set
[    1.933489] modprobe: [name:bootprof&]BOOTPROF:      1933.477773:initcall: init_module [pinctrl_mt6373]     2.831692ms
[    1.941083] modprobe: str_gpio_contrl str-gpio-contrl: [name:str_gpio_contrl&][NOBO-MTK-BSP-SYSTEM-STR]hardware version: 2 pinctrl_actice_names:active-hw2 pinctrl_sleep_names:sleep-hw2
[    1.941741] modprobe: str_gpio_contrl str-gpio-contrl: [name:str_gpio_contrl&][NOBO-MTK-BSP-SYSTEM-STR]Failed to get active state: -19 using default state active-hw1
[    1.943945] modprobe: str_gpio_contrl str-gpio-contrl: [name:str_gpio_contrl&][NOBO-MTK-BSP-SYSTEM-STR]Failed to get sleep state: -19 using default state sleep-hw1
[    1.946057] modprobe: str_gpio_contrl str-gpio-contrl: [name:str_gpio_contrl&][NOBO-MTK-BSP-SYSTEM-STR]Probe successful
[    1.946248] modprobe: [name:bootprof&]BOOTPROF:      1946.246696:initcall: init_module [str_gpio_contrl]     7.554461ms
[    1.955016] modprobe: [name:bootprof&]BOOTPROF:      1955.014389:initcall: init_module [mtk_vmm_spm]     2.839077ms
[    1.966413] modprobe: [name:mtk_scpsys&]scpsys_power_on: pd_name=isp-vcore
[    1.967589] modprobe: [name:mtk_scpsys&]scpsys_power_on: pd_name=isp-main
[    1.968848] modprobe: [name:mtk_scpsys&]scpsys_power_on: pd_name=isp-dip1
[    1.972610] modprobe: [name:bootprof&]BOOTPROF:      1972.609466:initcall: init_module [mtk_scpsys_mt6897]    10.881154ms
[    1.982695] modprobe: [name:mt6897_dcm&][Power/dcm] 
               ******** dcm dump register *********
[    1.982757] modprobe: [name:mt6897_dcm&][Power/dcm] DCM_SET_RW_0                                                (0xffffffc008a2db00): 0x87555098
[    1.982789] modprobe: [name:mt6897_dcm&][Power/dcm] MCUPM_CFGREG_DCM_EN                                         (0xffffffc008a05020): 0x00000133
[    1.982805] modprobe: [name:mt6897_dcm&][Power/dcm] MCUSYS_COMPLEX0_STALL_DCM_CONF0                             (0xffffffc008a15210): 0x00000f80
[    1.982820] modprobe: [name:mt6897_dcm&][Power/dcm] MCUSYS_COMPLEX1_STALL_DCM_CONF1                             (0xffffffc008a1d210): 0x00000f80
[    1.982834] modprobe: [name:mt6897_dcm&][Power/dcm] MCUSYS_CPU4_BCPU_SYS_CON1                                   (0xffffffc008a1f018): 0x00000005
[    1.982848] modprobe: [name:mt6897_dcm&][Power/dcm] MCUSYS_CPU5_BCPU_SYS_CON2                                   (0xffffffc008a21018): 0x00000005
[    1.982863] modprobe: [name:mt6897_dcm&][Power/dcm] MCUSYS_CPU6_BCPU_SYS_CON3                                   (0xffffffc008a23018): 0x00000005
[    1.982876] modprobe: [name:mt6897_dcm&][Power/dcm] MCUSYS_CPU7_BCPU_SYS_CON4                                   (0xffffffc008a25018): 0x00000005
[    1.982891] modprobe: [name:mt6897_dcm&][Power/dcm] MCUSYS_PAR_WRAP_ADB_FIFO_DCM_EN                             (0xffffffc008a01278): 0x001f07ff
[    1.982899] modprobe: [name:mt6897_dcm&][Power/dcm] MCUSYS_PAR_WRAP_CBIP_CABGEN_1TO2_CONFIG                     (0xffffffc008a012ac): 0x00000308
[    1.982907] modprobe: [name:mt6897_dcm&][Power/dcm] MCUSYS_PAR_WRAP_CBIP_CABGEN_2TO1_CONFIG                     (0xffffffc008a012a4): 0x00000000
[    1.982914] modprobe: [name:mt6897_dcm&][Power/dcm] MCUSYS_PAR_WRAP_CBIP_CABGEN_2TO5_CONFIG                     (0xffffffc008a012b0): 0x00001f08
[    1.982921] modprobe: [name:mt6897_dcm&][Power/dcm] MCUSYS_PAR_WRAP_CBIP_CABGEN_3TO1_CONFIG                     (0xffffffc008a012a0): 0x00000000
[    1.982929] modprobe: [name:mt6897_dcm&][Power/dcm] MCUSYS_PAR_WRAP_CBIP_CABGEN_4TO2_CONFIG                     (0xffffffc008a012a8): 0x00000308
[    1.982937] modprobe: [name:mt6897_dcm&][Power/dcm] MCUSYS_PAR_WRAP_CBIP_P2P_CONFIG0                            (0xffffffc008a012b4): 0x00000007
[    1.982944] modprobe: [name:mt6897_dcm&][Power/dcm] MCUSYS_PAR_WRAP_CI700_DCM_CTRL                              (0xffffffc008a01298): 0x04080007
[    1.982959] modprobe: [name:mt6897_dcm&][Power/dcm] MCUSYS_PAR_WRAP_CPC_DCM_Enable                              (0xffffffc008a0319c): 0x00000003
[    1.982967] modprobe: [name:mt6897_dcm&][Power/dcm] MCUSYS_PAR_WRAP_L3GIC_ARCH_CG_CONFIG                        (0xffffffc008a01294): 0x00000001
[    1.982974] modprobe: [name:mt6897_dcm&][Power/dcm] MCUSYS_PAR_WRAP_MP0_DCM_CFG0                                (0xffffffc008a0127c): 0x01fffff5
[    1.982982] modprobe: [name:mt6897_dcm&][Power/dcm] MCUSYS_PAR_WRAP_MP_ADB_DCM_CFG0                             (0xffffffc008a01270): 0x00010007
[    1.982989] modprobe: [name:mt6897_dcm&][Power/dcm] MCUSYS_PAR_WRAP_MP_CENTRAL_FABRIC_SUB_CHANNEL_CG            (0xffffffc008a012b8): 0x00000001
[    1.982997] modprobe: [name:mt6897_dcm&][Power/dcm] MCUSYS_PAR_WRAP_QDCM_CONFIG0                                (0xffffffc008a01280): 0x01111001
[    1.983004] modprobe: [name:mt6897_dcm&][Power/dcm] MCUSYS_PAR_WRAP_QDCM_CONFIG1                                (0xffffffc008a01284): 0x00001111
[    1.983012] modprobe: [name:mt6897_dcm&][Power/dcm] MCUSYS_PAR_WRAP_QDCM_CONFIG2                                (0xffffffc008a01288): 0x99999999
[    1.983020] modprobe: [name:mt6897_dcm&][Power/dcm] MCUSYS_PAR_WRAP_QDCM_CONFIG3                                (0xffffffc008a0128c): 0x00000999
[    1.983033] modprobe: [name:mt6897_dcm&][Power/dcm] MPSYS_ACP_SLAVE_DCM_EN                                      (0xffffffc008a0d0d0): 0x00000001
[    1.983048] modprobe: [name:mt6897_dcm&][Power/dcm] VDNR_DCM_TOP_PERI_PAR_BUS_u_PERI_PAR_BUS_CTRL_0             (0xffffffc008a35018): 0x02201493
[    1.983056] modprobe: [name:mt6897_dcm&][Power/dcm] VDNR_DCM_TOP_PERI_PAR_BUS_u_PERI_PAR_BUS_CTRL_1             (0xffffffc008a3501c): 0x1100f010
[    1.983064] modprobe: [name:mt6897_dcm&][Power/dcm] VDNR_DCM_TOP_PERI_PAR_BUS_u_PERI_PAR_BUS_CTRL_2             (0xffffffc008a35020): 0x04403010
[    1.983078] modprobe: [name:mt6897_dcm&][Power/dcm] VDNR_DCM_TOP_VLP_PAR_BUS_u_VLP_PAR_BUS_CTRL_1               (0xffffffc008a370c4): 0x80802027
[    1.983086] modprobe: [name:mtk_dcm&][Power/dcm] [dcm_restore]type:0x00000000, INIT_DCM_TYPE_BY_K=0x0
[    1.998528] modprobe: mtk-dvfsrc 1c00f000.dvfsrc: [name:mtk_dvfsrc&]HYP SYSID = 1
[    1.998556] modprobe: mtk-dvfsrc 1c00f000.dvfsrc: [name:core&]error -ENXIO: IRQ index 0 not found
[    2.003867] modprobe: [name:bootprof&]BOOTPROF:      2003.864850:initcall: init_module [mtk_dvfsrc]    10.408692ms
[    2.014867] modprobe: mtk-dvfsrc-devfreq mtk-dvfsrc-devfreq: [name:core&]_opp_is_duplicate: duplicate OPPs detected. Existing: freq: 2133000000, volt: 0, enabled: 1. New: freq: 2133000000, volt: 0, enabled: 1
[    2.014882] modprobe: mtk-dvfsrc-devfreq mtk-dvfsrc-devfreq: [name:core&]_opp_is_duplicate: duplicate OPPs detected. Existing: freq: 2133000000, volt: 0, enabled: 1. New: freq: 2133000000, volt: 0, enabled: 1
[    2.014989] modprobe: mtk-dvfsrc-devfreq mtk-dvfsrc-devfreq: [name:core&]_opp_is_duplicate: duplicate OPPs detected. Existing: freq: 6400000000, volt: 0, enabled: 1. New: freq: 6400000000, volt: 0, enabled: 1
[    2.015002] modprobe: mtk-dvfsrc-devfreq mtk-dvfsrc-devfreq: [name:core&]_opp_is_duplicate: duplicate OPPs detected. Existing: freq: 6400000000, volt: 0, enabled: 1. New: freq: 6400000000, volt: 0, enabled: 1
[    2.015053] modprobe: mtk-dvfsrc-devfreq mtk-dvfsrc-devfreq: [name:core&]_opp_is_duplicate: duplicate OPPs detected. Existing: freq: 7500000000, volt: 0, enabled: 1. New: freq: 7500000000, volt: 0, enabled: 1
[    2.024560] modprobe: clk-chk-mt6897 clkchk: [name:core&]error -ENXIO: IRQ hwv_irq not found
[    2.025875] modprobe: [clkchk] [name:clk_common&][clkchk] get hwv irq is not support
[    2.025884] modprobe: clk-chk-mt6897 clkchk: [name:core&]error -ENXIO: IRQ hfrp_hwv_irq not found
[    2.027402] modprobe: [clkchk] [name:clk_common&][clkchk] get hfrp hwv irq is not support
[    2.029060] modprobe: [name:bootprof&]BOOTPROF:      2029.058773:initcall: init_module [clk_chk_mt6897]     5.086462ms
[    2.032489] modprobe: [name:clk&]of_clk_src_onecell_get: invalid clock index 343
[    2.033636] modprobe: [name:clk&]of_clk_src_onecell_get: invalid clock index 13
[    2.034761] modprobe: [name:clk&]of_clk_src_onecell_get: invalid clock index 11
[    2.036238] modprobe: [name:clk&]of_clk_src_onecell_get: invalid clock index 31
[    2.037411] modprobe: [name:clk&]of_clk_src_onecell_get: invalid clock index 83
[    2.038537] modprobe: [name:clk&]of_clk_src_onecell_get: invalid clock index 1
[    2.039641] modprobe: [name:clk&]of_clk_src_onecell_get: invalid clock index 4
[    2.040745] modprobe: [name:clk&]of_clk_src_onecell_get: invalid clock index 2
[    2.041853] modprobe: [name:clk&]of_clk_src_onecell_get: invalid clock index 6
[    2.042954] modprobe: [name:clk&]of_clk_src_onecell_get: invalid clock index 4
[    2.044125] modprobe: [name:clk&]of_clk_src_onecell_get: invalid clock index 4
[    2.045231] modprobe: [name:clk&]of_clk_src_onecell_get: invalid clock index 3
[    2.046415] modprobe: [name:clk&]of_clk_src_onecell_get: invalid clock index 2
[    2.047513] modprobe: [name:clk&]of_clk_src_onecell_get: invalid clock index 1
[    2.048618] modprobe: [name:clk&]of_clk_src_onecell_get: invalid clock index 1
[    2.049746] modprobe: [name:clk&]of_clk_src_onecell_get: invalid clock index 46
[    2.050884] modprobe: [name:clk&]of_clk_src_onecell_get: invalid clock index 46
[    2.052041] modprobe: [name:clk&]of_clk_src_onecell_get: invalid clock index 27
[    2.053168] modprobe: [name:clk&]of_clk_src_onecell_get: invalid clock index 27
[    2.054303] modprobe: [name:clk&]of_clk_src_onecell_get: invalid clock index 32
[    2.055492] modprobe: [name:clk&]of_clk_src_onecell_get: invalid clock index 9
[    2.056602] modprobe: [name:clk&]of_clk_src_onecell_get: invalid clock index 2
[    2.057703] modprobe: [name:clk&]of_clk_src_onecell_get: invalid clock index 2
[    2.058807] modprobe: [name:clk&]of_clk_src_onecell_get: invalid clock index 3
[    2.059911] modprobe: [name:clk&]of_clk_src_onecell_get: invalid clock index 3
[    2.061047] modprobe: [name:clk&]of_clk_src_onecell_get: invalid clock index 3
[    2.062149] modprobe: [name:clk&]of_clk_src_onecell_get: invalid clock index 4
[    2.063272] modprobe: [name:clk&]of_clk_src_onecell_get: invalid clock index 4
[    2.064386] modprobe: [name:clk&]of_clk_src_onecell_get: invalid clock index 6
[    2.065491] modprobe: [name:clk&]of_clk_src_onecell_get: invalid clock index 6
[    2.066595] modprobe: [name:clk&]of_clk_src_onecell_get: invalid clock index 7
[    2.067714] modprobe: [name:clk&]of_clk_src_onecell_get: invalid clock index 7
[    2.068874] modprobe: [name:clk&]of_clk_src_onecell_get: invalid clock index 68
[    2.070227] modprobe: [name:clk&]of_clk_src_onecell_get: invalid clock index 4
[    2.071347] modprobe: [name:clk&]of_clk_src_onecell_get: invalid clock index 6
[    2.072447] modprobe: [name:clk&]of_clk_src_onecell_get: invalid clock index 1
[    2.073577] modprobe: [name:clk&]of_clk_src_onecell_get: invalid clock index 30
[    2.074697] modprobe: [name:clk&]of_clk_src_onecell_get: invalid clock index 5
[    2.075801] modprobe: [name:clk&]of_clk_src_onecell_get: invalid clock index 3
[    2.076929] modprobe: [name:clk&]of_clk_src_onecell_get: invalid clock index 5
[    2.078035] modprobe: [name:clk&]of_clk_src_onecell_get: invalid clock index 3
[    2.079168] modprobe: [name:clk&]of_clk_src_onecell_get: invalid clock index 5
[    2.080275] modprobe: [name:clk&]of_clk_src_onecell_get: invalid clock index 3
[    2.081386] modprobe: [name:clk&]of_clk_src_onecell_get: invalid clock index 9
[    2.082488] modprobe: [name:clk&]of_clk_src_onecell_get: invalid clock index 5
[    2.083599] modprobe: [name:clk&]of_clk_src_onecell_get: invalid clock index 5
[    2.084731] modprobe: [name:clk&]of_clk_src_onecell_get: invalid clock index 1
[    2.085837] modprobe: [name:clk&]of_clk_src_onecell_get: invalid clock index 4
[    2.086959] modprobe: [name:clk&]of_clk_src_onecell_get: invalid clock index 40
[    2.088100] modprobe: [name:clk&]of_clk_src_onecell_get: invalid clock index 40
[    2.089218] modprobe: [name:clk&]of_clk_src_onecell_get: invalid clock index 1
[    2.090324] modprobe: [name:clk&]of_clk_src_onecell_get: invalid clock index 1
[    2.091425] modprobe: [name:clk&]of_clk_src_onecell_get: invalid clock index 1
[    2.092525] modprobe: [name:clk&]of_clk_src_onecell_get: invalid clock index 1
[    2.093627] modprobe: [name:clk&]of_clk_src_onecell_get: invalid clock index 1
[    2.098384] modprobe: [name:clk_common&]pd-mfg1 add to notifier, i=0
[    2.098394] modprobe: [name:clk_common&]pd-mfg2 add to notifier, i=1
[    2.098400] modprobe: [name:clk_common&]pd-mfg3 add to notifier, i=2
[    2.098407] modprobe: [name:clk_common&]pd-mfg4 add to notifier, i=3
[    2.098419] modprobe: [name:clk_common&]pd-mfg6 add to notifier, i=4
[    2.098428] modprobe: [name:clk_common&]pd-mfg7 add to notifier, i=5
[    2.098468] modprobe: [name:clk_common&]pd-mfg9 add to notifier, i=6
[    2.098475] modprobe: [name:clk_common&]pd-mfg10 add to notifier, i=7
[    2.098480] modprobe: [name:clk_common&]pd-mfg11 add to notifier, i=8
[    2.098486] modprobe: [name:clk_common&]pd-mfg12 add to notifier, i=9
[    2.098491] modprobe: [name:clk_common&]pd-mfg13 add to notifier, i=10
[    2.098496] modprobe: [name:clk_common&]pd-mfg14 add to notifier, i=11
[    2.098500] modprobe: PM: [name:domain&]genpd_xlate_onecell: invalid domain index 12
[    2.099670] modprobe: [name:clk_common&]add pd device fail
[    2.099674] modprobe: [name:clk_common&]1
[    2.099681] modprobe: [name:clk_common&]pd-md add to notifier, i=12
[    2.099688] modprobe: [name:clk_common&]pd-conn add to notifier, i=13
[    2.099693] modprobe: [name:clk_common&]pd-pextp-mac0 add to notifier, i=14
[    2.099698] modprobe: [name:clk_common&]pd-pextp-phy0 add to notifier, i=15
[    2.099703] modprobe: [name:clk_common&]pd-audio add to notifier, i=16
[    2.099708] modprobe: [name:clk_common&]pd-adsp-ao add to notifier, i=17
[    2.099713] modprobe: [name:clk_common&]pd-adsp-top-dormant add to notifier, i=18
[    2.099717] modprobe: [name:clk_common&]pd-mm-infra add to notifier, i=19
[    2.099725] modprobe: [name:clk_common&]pd-mm-proc-dormant add to notifier, i=20
[    2.099731] modprobe: [name:clk_common&]pd-isp-vcore add to notifier, i=21
[    2.099737] modprobe: [name:clk_common&]pd-isp-main add to notifier, i=22
[    2.099742] modprobe: [name:clk_common&]pd-isp-dip1 add to notifier, i=23
[    2.099746] modprobe: [name:clk_common&]pd-vde0 add to notifier, i=24
[    2.099758] modprobe: [name:clk_common&]pd-vde1 add to notifier, i=25
[    2.099763] modprobe: [name:clk_common&]pd-ven0 add to notifier, i=26
[    2.099767] modprobe: [name:clk_common&]pd-ven1 add to notifier, i=27
[    2.099771] modprobe: [name:clk_common&]pd-cam-vcore add to notifier, i=28
[    2.099777] modprobe: [name:clk_common&]pd-cam-main add to notifier, i=29
[    2.099781] modprobe: [name:clk_common&]pd-cam-mraw add to notifier, i=30
[    2.099785] modprobe: [name:clk_common&]pd-cam-suba add to notifier, i=31
[    2.099790] modprobe: [name:clk_common&]pd-cam-subb add to notifier, i=32
[    2.099796] modprobe: [name:clk_common&]pd-cam-subc add to notifier, i=33
[    2.099800] modprobe: [name:clk_common&]pd-cam-ccu add to notifier, i=34
[    2.099805] modprobe: [name:clk_common&]pd-cam-ccu-ao add to notifier, i=35
[    2.099811] modprobe: [name:clk_common&]pd-mdp0-shutdown add to notifier, i=36
[    2.099815] modprobe: [name:clk_common&]pd-mdp1-shutdown add to notifier, i=37
[    2.099820] modprobe: [name:clk_common&]pd-dis0-shutdown add to notifier, i=38
[    2.099826] modprobe: [name:clk_common&]pd-dis1-shutdown add to notifier, i=39
[    2.099830] modprobe: [name:clk_common&]pd-ovl0-shutdown add to notifier, i=40
[    2.099834] modprobe: [name:clk_common&]pd-ovl1-shutdown add to notifier, i=41
[    2.099839] modprobe: [name:clk_common&]pd-csi-rx add to notifier, i=42
[    2.099843] modprobe: [name:clk_common&]pd-dp-tx add to notifier, i=43
[    2.099846] modprobe: PM: [name:domain&]genpd_xlate_onecell: invalid domain index 33
[    2.101021] modprobe: [name:clk_common&]add pd device fail
[    2.101023] modprobe: [name:clk_common&]2
[    2.101268] modprobe: pd-chk-mt6897 pdchk: [name:core&]error -ENXIO: IRQ hwv_irq not found
[    2.102518] modprobe: [name:clk_common&][pdchk] get hwv irq is not support
[    2.102521] modprobe: pd-chk-mt6897 pdchk: [name:core&]error -ENXIO: IRQ hfrp_hwv_irq not found
[    2.103820] modprobe: [name:clk_common&][pdchk] get hfrp hwv irq is not support
[    2.104452] modprobe: [name:bootprof&]BOOTPROF:      2104.451927:initcall: init_module [pd_chk_mt6897]    72.507693ms
[    2.120251] modprobe: [name:mtk_dramc&]dramc_probe: module probe.
[    2.120269] modprobe: [name:mtk_dramc&]dramc_probe: dram_type(12),support_ch_cnt(4),ch_cnt(4),rk_cnt(2),mr_cnt(4),freq_cnt(10),mr4(false)
[    2.120285] modprobe: [name:mtk_dramc&]dramc_probe: mr5(1)
[    2.120291] modprobe: [name:mtk_dramc&]dramc_probe: mr6(909)
[    2.120297] modprobe: [name:mtk_dramc&]dramc_probe: mr7(0)
[    2.120303] modprobe: [name:mtk_dramc&]dramc_probe: mr8(1919)
[    2.120499] modprobe: [name:mtk_dramc&]dramc_probe: fmeter_version(2)
[    2.120530] modprobe: [name:mtk_dramc&]dramc_probe: DRAM data type = 12
[    2.120587] modprobe: [name:mtk_dramc&]fmeter_v2: vco_freq = 7488
[    2.120595] modprobe: [name:mtk_dramc&]dramc_probe: DRAM data rate = 7500
[    2.122548] modprobe: [name:bootprof&]BOOTPROF:      2122.547081:initcall: init_module [mtk_dramc]     2.391384ms
[    2.128411] modprobe: mtk-dvfsrc-helper 1c00f000.dvfsrc:dvfsrc-helper: [name:mtk_dvfsrc_helper&]vcore checker is disabled
[    2.132525] modprobe: [name:bootprof&]BOOTPROF:      2132.524004:initcall: init_module [mtk_dvfsrc_helper]     8.072077ms
[    2.141766] mtk_smi_init_th: mtk-smi-common 1e809000.disp-ssc0-smi-2x1-sub-comm: [name:mtk_smi&]mtk_smi_common_probe: init power on
[    2.141967] mtk_smi_init_th: mtk-smi-common 1e80a000.disp-ssc1-smi-2x1-sub-comm: [name:mtk_smi&]mtk_smi_common_probe: init power on
[    2.142073] mtk_smi_init_th: mtk-smi-common 1e817000.mdp-ssc4-smi-2x1-sub-comm: [name:mtk_smi&]mtk_smi_common_probe: init power on
[    2.142171] mtk_smi_init_th: mtk-smi-common 1e818000.mdp-ssc5-smi-2x1-sub-comm: [name:mtk_smi&]mtk_smi_common_probe: init power on
[    2.142262] mtk_smi_init_th: mtk-smi-common 1e80d000.mmsram-smi-2x1-sub-comm3: [name:mtk_smi&]mtk_smi_common_probe: init power on
[    2.142445] mtk_smi_init_th: mtk-smi-common 1e80e000.mmsram-smi-2x1-sub-comm4: [name:mtk_smi&]mtk_smi_common_probe: init power on
[    2.143598] mtk_smi_init_th: mtk-smi-common 1421e000.smi-disp1-dram-sub-comm1: [name:mtk_smi&]mtk_smi_common_probe: init power on
[    2.143811] mtk_smi_init_th: mtk-smi-common 1421f000.smi-disp1-sram-sub-comm1: [name:mtk_smi&]mtk_smi_common_probe: init power on
[    2.144007] mtk_smi_init_th: mtk-smi-common 1401e000.smi-disp-dram-sub-comm0: [name:mtk_smi&]mtk_smi_common_probe: init power on
[    2.144056] modprobe: [name:emi&]emicen was loaded
[    2.144247] mtk_smi_init_th: mtk-smi-common 1401f000.smi-disp-sram-sub-comm0: [name:mtk_smi&]mtk_smi_common_probe: init power on
[    2.144496] mtk_smi_init_th: mtk-smi-common 1440e000.smi-ovl-sram-sub-comm0: [name:mtk_smi&]mtk_smi_common_probe: init power on
[    2.144695] mtk_smi_init_th: mtk-smi-common 1460e000.smi-ovl1-sram-sub-comm1: [name:mtk_smi&]mtk_smi_common_probe: init power on
[    2.144759] modprobe: emicen_drv 10219000.emicen: [name:emi&]driver probed
[    2.144912] modprobe: emicen_drv 10219000.emicen: [name:emi&]No chn_swap info
[    2.144916] modprobe: emicen_drv 10219000.emicen: [name:emi&]No chn_swap info
[    2.144919] modprobe: emicen_drv 10219000.emicen: [name:emi&]No chn_swap info
[    2.144921] modprobe: emicen_drv 10219000.emicen: [name:emi&]No chn_swap info
[    2.144923] modprobe: emicen_drv 10219000.emicen: [name:emi&]cen->chn_swap[0] 0
[    2.144926] modprobe: emicen_drv 10219000.emicen: [name:emi&]cen->chn_swap[1] 1
[    2.144928] modprobe: emicen_drv 10219000.emicen: [name:emi&]cen->chn_swap[2] 2
[    2.144930] modprobe: emicen_drv 10219000.emicen: [name:emi&]cen->chn_swap[3] 3
[    2.144934] modprobe: emicen_drv 10219000.emicen: [name:emi&]No a2d-conf-offset
[    2.144937] modprobe: emicen_drv 10219000.emicen: [name:emi&]No a2d-chn-conf-offset
[    2.144940] modprobe: emicen_drv 10219000.emicen: [name:emi&]No a2d_emi_cen
[    2.144942] modprobe: emicen_drv 10219000.emicen: [name:emi&]No a2d_emi_chn
[    2.144944] modprobe: emicen_drv 10219000.emicen: [name:emi&]No a2d_info_support
[    2.144967] modprobe: [name:emi&]a2d_cen: 0xf053f154, 0x8400000, 0x88880043, 0x10803330, 0x0, 0x10088000
[    2.144972] modprobe: [name:emi&]a2d_chn: 0x488fc51, 0x842045, 0x1
[    2.144975] modprobe: emicen_drv 10219000.emicen: [name:emi&]version(2) ch_cnt(4), rk_cnt(2)
[    2.144978] modprobe: emicen_drv 10219000.emicen: [name:emi&]rk_size0(0x200000000)
[    2.144981] modprobe: emicen_drv 10219000.emicen: [name:emi&]rk_size1(0x200000000)
[    2.144984] modprobe: emicen_drv 10219000.emicen: [name:emi&]a2d-disph 0xe
[    2.144986] modprobe: emicen_drv 10219000.emicen: [name:emi&]a2d-hash 0xb
[    2.144988] modprobe: emicen_drv 10219000.emicen: [name:emi&]emi_a2d_con_offset[0] 0x0
[    2.144991] modprobe: emicen_drv 10219000.emicen: [name:emi&]emi_a2d_con_offset[1] 0x28
[    2.144993] modprobe: emicen_drv 10219000.emicen: [name:emi&]emi_a2d_con_offset[2] 0x38
