[    0.000000] swapper: [name:setup&]Booting Linux on physical CPU 0x0000000000 [0x411fd461]
[    0.000000] swapper: [name:main&]Linux version 6.1.115 (oe-user@oe-host) (clang version 18.1.2 (https://github.com/llvm/llvm-project 26a1d6601d727a96f4301d0d8647b5a42760ae0c), GNU ld (GNU Binutils) 2.42.0.20240216) #1 SMP PREEMPT Sun Apr  6 20:34:40 UTC 2025
[    0.000000] swapper: [name:setup&]Machine model: MT8646
[    0.000000] swapper: [name:stackdepot&]Stack Depot is disabled
[    0.000000] swapper: [name:kvm&]KVM is not available. Ignoring kvm-arm.mode
[    0.000000] swapper: earlycon: [name:earlycon&]uart8250 at MMIO32 0x0000000011001000 (options '')
[    0.000000] swapper: printk: bootconsole [uart8250] enabled
[    0.000000] swapper: [name:panic&]panic_on_taint: bitmask=0x20 nousertaint_mode=disabled
[    0.000000] swapper: efi: [name:fdtparams&]UEFI not found.
[    0.000000] swapper: OF: reserved mem: [name:of_reserved_mem&]0x0000000048090000..0x000000004816ffff (896 KiB) nomap non-reusable mblock-3-pstore
[    0.000000] swapper: OF: reserved mem: [name:of_reserved_mem&]0x0000000048170000..0x000000004817ffff (64 KiB) nomap non-reusable mblock-4-minirdump
[    0.000000] swapper: OF: reserved mem: [name:of_reserved_mem&]0x0000000048180000..0x00000000481fffff (512 KiB) nomap non-reusable mblock-6-log_store_new
[    0.000000] swapper: OF: reserved mem: [name:of_reserved_mem&]0x0000000048800000..0x00000000489fffff (2048 KiB) nomap non-reusable mblock-15-BL31-reserved
[    0.000000] swapper: OF: reserved mem: [name:of_reserved_mem&]0x0000000048a00000..0x0000000048afffff (1024 KiB) nomap non-reusable mblock-16-system_bl31_dtb
[    0.000000] swapper: OF: reserved mem: [name:of_reserved_mem&]0x0000000048b00000..0x0000000048cfffff (2048 KiB) nomap non-reusable mblock-10-atf-log-reserved
[    0.000000] swapper: OF: reserved mem: [name:of_reserved_mem&]0x000000004d000000..0x000000004d00ffff (64 KiB) nomap non-reusable mblock-5-aee_debug_kinfo
[    0.000000] swapper: OF: reserved mem: [name:of_reserved_mem&]0x0000000050800000..0x00000000508fffff (1024 KiB) nomap non-reusable mblock-19-spmfw
[    0.000000] swapper: OF: reserved mem: [name:of_reserved_mem&]0x0000000053400000..0x000000005b3fffff (131072 KiB) nomap non-reusable mblock-21-gz_nebula
[    0.000000] swapper: OF: reserved mem: [name:of_reserved_mem&]0x000000007da00000..0x000000007dffffff (6144 KiB) nomap non-reusable mblock-31-me_GPUmputab_PMA
[    0.000000] swapper: OF: reserved mem: [name:of_reserved_mem&]0x000000007e000000..0x000000007f22ffff (18624 KiB) nomap non-reusable mblock-26-adsp_image_reserved
[    0.000000] swapper: OF: reserved mem: [name:of_reserved_mem&]0x000000007f600000..0x000000007fdfffff (8192 KiB) nomap non-reusable mblock-13-emi_isu_buf
[    0.000000] swapper: OF: reserved mem: [name:of_reserved_mem&]0x000000007fe00000..0x000000007fefffff (1024 KiB) nomap non-reusable mblock-9-platform_mtksmmu_protpgd
[    0.000000] swapper: OF: reserved mem: [name:of_reserved_mem&]0x000000007ff00000..0x000000007fffffff (1024 KiB) nomap non-reusable mblock-25-MCUPM-reserved
[    0.000000] swapper: OF: reserved mem: [name:of_reserved_mem&]0x0000000083000000..0x00000000861fffff (51200 KiB) nomap non-reusable mblock-18-tee-reserved
[    0.000000] swapper: OF: reserved mem: [name:of_reserved_mem&]0x000000008cc00000..0x000000008d8fffff (13312 KiB) nomap non-reusable mblock-44-consys_emi_reserved
[    0.000000] swapper: [name:coherent&]Reserved memory: created DMA memory pool at 0x000000008d900000, size 20 MiB
[    0.000000] swapper: OF: reserved mem: [name:of_reserved_mem&]initialized node mblock-45-shared-dma-pool_wifi-reserve-memory_dma, compatible id shared-dma-pool
[    0.000000] swapper: OF: reserved mem: [name:of_reserved_mem&]0x000000008d900000..0x000000008ecfffff (20480 KiB) nomap non-reusable mblock-45-shared-dma-pool_wifi-reserve-memory_dma
[    0.000000] swapper: OF: reserved mem: [name:of_reserved_mem&]0x000000008ed00000..0x000000008ed1ffff (128 KiB) nomap non-reusable mblock-46-scp_emi_reserved
[    0.000000] swapper: OF: reserved mem: [name:of_reserved_mem&]0x000000008ed60000..0x000000008effffff (2688 KiB) nomap non-reusable mblock-28-apu_apusys-rv_aee-coredump
[    0.000000] swapper: OF: reserved mem: [name:of_reserved_mem&]0x000000008f000000..0x000000008f897fff (8800 KiB) nomap non-reusable mblock-24-reserve-memory-scp_share
[    0.000000] swapper: OF: reserved mem: [name:of_reserved_mem&]0x000000008f900000..0x000000008f9fffff (1024 KiB) nomap non-reusable mblock-29-apu_sapu_apurvgzctrlshm
[    0.000000] swapper: OF: reserved mem: [name:of_reserved_mem&]0x000000008fa00000..0x000000008fffffff (6144 KiB) nomap non-reusable mblock-27-apu_apusys-rv_secure
[    0.000000] swapper: OF: reserved mem: [name:of_reserved_mem&]0x000000009f06f000..0x000000009f17efff (1088 KiB) nomap non-reusable mblock-42-sspm_ap-shared
[    0.000000] swapper: OF: reserved mem: [name:of_reserved_mem&]0x000000009f17f000..0x000000009fd7efff (12288 KiB) nomap non-reusable mblock-39-debug_met_res-ram
[    0.000000] swapper: OF: reserved mem: [name:of_reserved_mem&]0x000000009fd7f000..0x000000009fffefff (2560 KiB) nomap non-reusable mblock-20-SSPM-reserved
[    0.000000] swapper: OF: reserved mem: [name:of_reserved_mem&]0x00000000be700000..0x00000000beffffff (9216 KiB) nomap non-reusable mblock-23-SCP-reserved
[    0.000000] swapper: OF: reserved mem: [name:of_reserved_mem&]0x00000000bf000000..0x00000000bf7fffff (8192 KiB) nomap non-reusable mblock-22-me_vcp_reserved
[    0.000000] swapper: OF: reserved mem: [name:of_reserved_mem&]0x00000000bfff0000..0x00000000bfffffff (64 KiB) nomap non-reusable mblock-30-ccci_tag_mem
[    0.000000] swapper: OF: reserved mem: [name:of_reserved_mem&]0x00000000da000000..0x00000000dbb5ffff (28032 KiB) nomap non-reusable mblock-34-ap_md_c_smem
[    0.000000] swapper: OF: reserved mem: [name:of_reserved_mem&]0x00000000dc000000..0x00000000dc12ffff (1216 KiB) nomap non-reusable mblock-33-ap_md_nc_smem
[    0.000000] swapper: OF: reserved mem: [name:of_reserved_mem&]0x00000000de000000..0x00000000e056ffff (38336 KiB) nomap non-reusable mblock-32-md_mem_usage
[    0.000000] swapper: OF: reserved mem: [name:of_reserved_mem&]0x00000000e1000000..0x00000000e113ffff (1280 KiB) nomap non-reusable mblock-35-md_mem_usage
[    0.000000] swapper: OF: reserved mem: [name:of_reserved_mem&]0x00000000e2000000..0x00000000e821ffff (100480 KiB) nomap non-reusable mblock-36-md_mem_usage
[    0.000000] swapper: OF: reserved mem: [name:of_reserved_mem&]0x00000000e8300000..0x00000000e868ffff (3648 KiB) nomap non-reusable mblock-37-md_mem_usage
[    0.000000] swapper: OF: reserved mem: [name:of_reserved_mem&]0x00000000ea000000..0x00000000edffffff (65536 KiB) nomap non-reusable mblock-53-rproc_reserved_sostouos
[    0.000000] swapper: OF: reserved mem: [name:of_reserved_mem&]0x00000000ee000000..0x00000000eeffffff (16384 KiB) nomap non-reusable mblock-52-sos_tboxuos_rproc_reserved
[    0.000000] swapper: OF: reserved mem: [name:of_reserved_mem&]0x00000000ef000000..0x00000000f2ffffff (65536 KiB) nomap non-reusable mblock-51-rproc_reserved
[    0.000000] swapper: OF: reserved mem: [name:of_reserved_mem&]0x00000000f3000000..0x00000000faffffff (131072 KiB) nomap non-reusable mblock-47-nbl_trace
[    0.000000] swapper: OF: reserved mem: [name:of_reserved_mem&]0x00000000fb000000..0x00000000fbffffff (16384 KiB) nomap non-reusable mblock-38-md_mem_usage
[    0.000000] swapper: OF: reserved mem: [name:of_reserved_mem&]0x00000000fc000000..0x00000000fce2ffff (14528 KiB) nomap non-reusable mblock-40-adsp_shared_reserved
[    0.000000] swapper: OF: reserved mem: [name:of_reserved_mem&]0x00000000fd200000..0x00000000ff1fffff (32768 KiB) nomap non-reusable mblock-49-grt_dmabuf_heap
[    0.000000] swapper: OF: reserved mem: [name:of_reserved_mem&]0x00000000ff200000..0x00000000ff7fffff (6144 KiB) nomap non-reusable mblock-17-tee-secmem
[    0.000000] swapper: OF: reserved mem: [name:of_reserved_mem&]0x00000000ff800000..0x00000000ffa7ffff (2560 KiB) nomap non-reusable mblock-12-platform-debug_dfdmcu_dump
[    0.000000] swapper: OF: reserved mem: [name:of_reserved_mem&]0x00000000ffc00000..0x00000000ffefffff (3072 KiB) nomap non-reusable mblock-11-platform-debug_dfdsoc_dump
[    0.000000] swapper: OF: reserved mem: [name:of_reserved_mem&]0x00000000fff30000..0x00000000fffaffff (512 KiB) nomap non-reusable mblock-48-nebulalog_reserved
[    0.000000] swapper: OF: reserved mem: [name:of_reserved_mem&]0x00000000fffb0000..0x00000000fffeffff (256 KiB) nomap non-reusable mblock-41-platform-debug_slbc_shared
[    0.000000] swapper: OF: reserved mem: [name:of_reserved_mem&]0x00000000fffff000..0x00000000ffffffff (4 KiB) nomap non-reusable mblock-50-nbl_sched
[    0.000000] swapper: OF: reserved mem: [name:of_reserved_mem&]0x00000001afff0000..0x00000001afff1fff (8 KiB) nomap non-reusable mblock-7-dramc-rk0
[    0.000000] swapper: OF: reserved mem: [name:of_reserved_mem&]0x00000001bfc00000..0x00000001bfdfffff (2048 KiB) nomap non-reusable mblock-43-me_GPUEB_SHARED
[    0.000000] swapper: OF: reserved mem: [name:of_reserved_mem&]0x00000001bfe00000..0x00000001bfefffff (1024 KiB) nomap non-reusable mblock-14-me_cmdq_reserved
[    0.000000] swapper: OF: reserved mem: [name:of_reserved_mem&]0x00000001bff00000..0x00000001bfffffff (1024 KiB) nomap non-reusable mblock-2-nb_lk_cdt
[    0.000000] swapper: OF: reserved mem: [name:of_reserved_mem&]0x00000001c0000000..0x000000043fefffff (10484736 KiB) map non-reusable acrn_guest_memory
[    0.000000] swapper: OF: reserved mem: [name:of_reserved_mem&]0x000000043fff0000..0x000000043fff1fff (8 KiB) nomap non-reusable mblock-8-dramc-rk1
[    0.000000] swapper: [name:page_alloc&]Zone ranges:
[    0.000000] swapper: [name:page_alloc&]  DMA32    empty
[    0.000000] swapper: [name:page_alloc&]  Normal   [mem 0x0000000040000000-0x000000043fffffff]
[    0.000000] swapper: [name:page_alloc&]  Device   empty
[    0.000000] swapper: [name:page_alloc&]Movable zone start for each node
[    0.000000] swapper: [name:page_alloc&]Early memory node ranges
[    0.000000] swapper: [name:page_alloc&]  node   0: [mem 0x0000000040000000-0x000000004808ffff]
[    0.000000] swapper: [name:page_alloc&]  node   0: [mem 0x0000000048090000-0x00000000481fffff]
[    0.000000] swapper: [name:page_alloc&]  node   0: [mem 0x0000000048200000-0x00000000487fffff]
[    0.000000] swapper: [name:page_alloc&]  node   0: [mem 0x0000000048800000-0x0000000048cfffff]
[    0.000000] swapper: [name:page_alloc&]  node   0: [mem 0x0000000048d00000-0x000000004cffffff]
[    0.000000] swapper: [name:page_alloc&]  node   0: [mem 0x000000004d000000-0x000000004d00ffff]
[    0.000000] swapper: [name:page_alloc&]  node   0: [mem 0x000000004d010000-0x00000000507fffff]
[    0.000000] swapper: [name:page_alloc&]  node   0: [mem 0x0000000050800000-0x00000000508fffff]
[    0.000000] swapper: [name:page_alloc&]  node   0: [mem 0x0000000050900000-0x00000000533fffff]
[    0.000000] swapper: [name:page_alloc&]  node   0: [mem 0x0000000053400000-0x000000005b3fffff]
[    0.000000] swapper: [name:page_alloc&]  node   0: [mem 0x000000005b400000-0x000000007d9fffff]
[    0.000000] swapper: [name:page_alloc&]  node   0: [mem 0x000000007da00000-0x000000007f22ffff]
[    0.000000] swapper: [name:page_alloc&]  node   0: [mem 0x000000007f230000-0x000000007f5fffff]
[    0.000000] swapper: [name:page_alloc&]  node   0: [mem 0x000000007f600000-0x000000007fffffff]
[    0.000000] swapper: [name:page_alloc&]  node   0: [mem 0x0000000080000000-0x0000000082ffffff]
[    0.000000] swapper: [name:page_alloc&]  node   0: [mem 0x0000000083000000-0x00000000861fffff]
[    0.000000] swapper: [name:page_alloc&]  node   0: [mem 0x0000000086200000-0x000000008cbfffff]
[    0.000000] swapper: [name:page_alloc&]  node   0: [mem 0x000000008cc00000-0x000000008ed1ffff]
[    0.000000] swapper: [name:page_alloc&]  node   0: [mem 0x000000008ed20000-0x000000008ed5ffff]
[    0.000000] swapper: [name:page_alloc&]  node   0: [mem 0x000000008ed60000-0x000000008f897fff]
[    0.000000] swapper: [name:page_alloc&]  node   0: [mem 0x000000008f898000-0x000000008f8fffff]
[    0.000000] swapper: [name:page_alloc&]  node   0: [mem 0x000000008f900000-0x000000008fffffff]
[    0.000000] swapper: [name:page_alloc&]  node   0: [mem 0x0000000090000000-0x000000009f06efff]
[    0.000000] swapper: [name:page_alloc&]  node   0: [mem 0x000000009f06f000-0x000000009fffefff]
[    0.000000] swapper: [name:page_alloc&]  node   0: [mem 0x000000009ffff000-0x00000000be6fffff]
[    0.000000] swapper: [name:page_alloc&]  node   0: [mem 0x00000000be700000-0x00000000bf7fffff]
[    0.000000] swapper: [name:page_alloc&]  node   0: [mem 0x00000000bf800000-0x00000000bffeffff]
[    0.000000] swapper: [name:page_alloc&]  node   0: [mem 0x00000000bfff0000-0x00000000bfffffff]
[    0.000000] swapper: [name:page_alloc&]  node   0: [mem 0x00000000c0000000-0x00000000d9ffffff]
[    0.000000] swapper: [name:page_alloc&]  node   0: [mem 0x00000000da000000-0x00000000dbb5ffff]
[    0.000000] swapper: [name:page_alloc&]  node   0: [mem 0x00000000dbb60000-0x00000000dbffffff]
[    0.000000] swapper: [name:page_alloc&]  node   0: [mem 0x00000000dc000000-0x00000000dc12ffff]
[    0.000000] swapper: [name:page_alloc&]  node   0: [mem 0x00000000dc130000-0x00000000ddffffff]
[    0.000000] swapper: [name:page_alloc&]  node   0: [mem 0x00000000de000000-0x00000000e056ffff]
[    0.000000] swapper: [name:page_alloc&]  node   0: [mem 0x00000000e0570000-0x00000000e0ffffff]
[    0.000000] swapper: [name:page_alloc&]  node   0: [mem 0x00000000e1000000-0x00000000e113ffff]
[    0.000000] swapper: [name:page_alloc&]  node   0: [mem 0x00000000e1140000-0x00000000e1ffffff]
[    0.000000] swapper: [name:page_alloc&]  node   0: [mem 0x00000000e2000000-0x00000000e821ffff]
[    0.000000] swapper: [name:page_alloc&]  node   0: [mem 0x00000000e8220000-0x00000000e82fffff]
[    0.000000] swapper: [name:page_alloc&]  node   0: [mem 0x00000000e8300000-0x00000000e868ffff]
[    0.000000] swapper: [name:page_alloc&]  node   0: [mem 0x00000000e8690000-0x00000000e9ffffff]
[    0.000000] swapper: [name:page_alloc&]  node   0: [mem 0x00000000ea000000-0x00000000fce2ffff]
[    0.000000] swapper: [name:page_alloc&]  node   0: [mem 0x00000000fce30000-0x00000000fd1fffff]
[    0.000000] swapper: [name:page_alloc&]  node   0: [mem 0x00000000fd200000-0x00000000ffa7ffff]
[    0.000000] swapper: [name:page_alloc&]  node   0: [mem 0x00000000ffa80000-0x00000000ffbfffff]
[    0.000000] swapper: [name:page_alloc&]  node   0: [mem 0x00000000ffc00000-0x00000000ffefffff]
[    0.000000] swapper: [name:page_alloc&]  node   0: [mem 0x00000000fff00000-0x00000000fff2ffff]
[    0.000000] swapper: [name:page_alloc&]  node   0: [mem 0x00000000fff30000-0x00000000fffeffff]
[    0.000000] swapper: [name:page_alloc&]  node   0: [mem 0x00000000ffff0000-0x00000000ffffefff]
[    0.000000] swapper: [name:page_alloc&]  node   0: [mem 0x00000000fffff000-0x00000000ffffffff]
[    0.000000] swapper: [name:page_alloc&]  node   0: [mem 0x0000000100000000-0x00000001affeffff]
[    0.000000] swapper: [name:page_alloc&]  node   0: [mem 0x00000001afff0000-0x00000001afff1fff]
[    0.000000] swapper: [name:page_alloc&]  node   0: [mem 0x00000001afff2000-0x00000001bfbfffff]
[    0.000000] swapper: [name:page_alloc&]  node   0: [mem 0x00000001bfc00000-0x00000001bfffffff]
[    0.000000] swapper: [name:page_alloc&]  node   0: [mem 0x00000001c0000000-0x000000043ffeffff]
[    0.000000] swapper: [name:page_alloc&]  node   0: [mem 0x000000043fff0000-0x000000043fff1fff]
[    0.000000] swapper: [name:page_alloc&]  node   0: [mem 0x000000043fff2000-0x000000043fffffff]
[    0.000000] swapper: [name:page_alloc&]Initmem setup node 0 [mem 0x0000000040000000-0x000000043fffffff]
[    0.000000] swapper: cma: [name:cma&]Reserved 16 MiB at 0x00000000e9000000
[    0.000000] swapper: psci: [name:psci&]probing for conduit method from DT.
[    0.000000] swapper: psci: [name:psci&]PSCIv1.0 detected in firmware.
[    0.000000] swapper: psci: [name:psci&]Using standard PSCI v0.2 function IDs
[    0.000000] swapper: psci: [name:psci&]Trusted OS migration not required
[    0.000000] swapper: psci: [name:psci&]SMC Calling Convention v1.2
[    0.000000] swapper: [name:main&]'bootconfig' found on command line, but no bootconfig found
[    0.000000] swapper: percpu: [name:percpu&]Embedded 30 pages/cpu s85224 r8192 d29464 u122880
[    0.000000] swapper: pcpu-alloc: s85224 r8192 d29464 u122880 alloc=30*4096
[    0.000000] swapper: pcpu-alloc: [0] 0 [0] 1 [0] 2 [0] 3 [0] 4 [0] 5 [0] 6 [0] 7 
[    0.000000] swapper: [name:cpuinfo&]Detected PIPT I-cache on CPU0
[    0.000000] swapper: CPU features: [name:cpufeature&]SYS_ID_AA64ISAR1_EL1[31:28]: already set to 0
[    0.000000] swapper: CPU features: [name:cpufeature&]SYS_ID_AA64ISAR1_EL1[27:24]: forced to 0
[    0.000000] swapper: CPU features: [name:cpufeature&]SYS_ID_AA64ISAR1_EL1[11:8]: already set to 0
[    0.000000] swapper: CPU features: [name:cpufeature&]SYS_ID_AA64ISAR1_EL1[7:4]: forced to 0
[    0.000000] swapper: CPU features: [name:cpufeature&]SYS_ID_AA64ISAR2_EL1[15:12]: already set to 0
[    0.000000] swapper: CPU features: [name:cpufeature&]SYS_ID_AA64ISAR2_EL1[11:8]: already set to 0
[    0.000000] swapper: CPU features: [name:cpufeature&]SYS_ID_AA64MMFR1_EL1[11:8]: forced to 0
[    0.000000] swapper: CPU features: [name:cpufeature&]SYS_ID_AA64PFR1_EL1[11:8]: already set to 0
[    0.000000] swapper: CPU features: [name:cpufeature&]detected: GIC system register CPU interface
[    0.000000] swapper: CPU features: [name:cpufeature&]detected: Hardware dirty bit management
[    0.000000] swapper: CPU features: [name:cpufeature&]detected: Spectre-v4
[    0.000000] swapper: CPU features: [name:cpufeature&]detected: ARM erratum 2457168
[    0.000000] swapper: alternatives: [name:alternative&]applying boot alternatives
[    0.000000] swapper: [name:page_alloc&]Built 1 zonelists, mobility grouping on.  Total pages: 4128768
[    0.000000] swapper: cgroup: [name:cgroup&]Disabling pressure control group feature
[    0.000000] swapper: audit: [name:audit&]audit_backlog_limit: 6
[    0.000000] swapper: [name:main&]Unknown kernel command line parameters "vmalloc=400M ddr_size=16 nobo_cmd=hardware_version:2 project_code=0xfc ivi_disp=0x4 passenger_disp=0x0 ceiling_disp=0x0 dmverity_sbootdis=1", will be passed to user space.
[    0.000000] swapper: random: [name:random&]crng init done
[    0.000000] swapper: printk: [name:printk&]log_buf_len: 4194304 bytes
[    0.000000] swapper: printk: [name:printk&]early log buf free: 113224(86%)
[    0.000000] swapper: [name:page_alloc&]Dentry cache hash table entries: 2097152 (order: 12, 16777216 bytes, linear)
[    0.000000] swapper: [name:page_alloc&]Inode-cache hash table entries: 1048576 (order: 11, 8388608 bytes, linear)
[    0.000000] swapper: [name:main&]mem auto-init: stack:all(zero), heap alloc:on, heap free:off
[    0.000000] swapper: [name:page_alloc&]stackdepot hash table entries: 1048576 (order: 11, 8388608 bytes, linear)
[    0.000000] swapper: [name:page_alloc&]Memory: 5029468K/16777216K available (16704K kernel code, 2382K rwdata, 6720K rodata, 7168K init, 891K bss, 11731364K reserved, 16384K cma-reserved)
[    0.000000] swapper: [name:slub&]SLUB: HWalign=64, Order=0-3, MinObjects=0, CPUs=8, Nodes=1
[    0.000000] swapper: [name:trace&]trace event string verifier disabled
[    0.000000] swapper/0: rcu: [name:tree&]Preemptible hierarchical RCU implementation.
[    0.000000] swapper/0: rcu: [name:tree&]	RCU event tracing is enabled.
[    0.000000] swapper/0: rcu: [name:tree&]	RCU restricting CPUs from NR_CPUS=32 to nr_cpu_ids=8.
[    0.000000] swapper/0: rcu: [name:tree&]	RCU priority boosting: priority 1 delay 500 ms.
[    0.000000] swapper/0: [name:update&]	Trampoline variant of Tasks RCU enabled.
[    0.000000] swapper/0: [name:update&]	Tracing variant of Tasks RCU enabled.
[    0.000000] swapper/0: rcu: [name:tree&]RCU calculated value of scheduler-enlistment delay is 25 jiffies.
[    0.000000] swapper/0: rcu: [name:tree&]Adjusting geometry for rcu_fanout_leaf=16, nr_cpu_ids=8
[    0.000000] swapper/0: NR_IRQS: 64, nr_irqs: 64, preallocated irqs: 0
[    0.000000] swapper/0: [name:irq_gic_common&]GIC: enabling workaround for GICv3: ARM64 erratum 2941627
[    0.000000] swapper/0: GICv3: [name:irq_gic_v3&]988 SPIs implemented
[    0.000000] swapper/0: GICv3: [name:irq_gic_v3&]32 Extended SPIs implemented
[    0.000000] swapper/0: [name:irq&]Root IRQ handler: gic_handle_irq
[    0.000000] swapper/0: GICv3: [name:irq_gic_v3&]GICv3 features: 16 PPIs
[    0.000000] swapper/0: GICv3: [name:irq_gic_v3&]CPU0: found redistributor 0 region 0:0x000000000c440000
[    0.000000] swapper/0: GICv3: [name:irq_gic_v3&]GIC: PPI partition interrupt-partition-0[0] { /cpus/cpu@0[0] /cpus/cpu@1[1] /cpus/cpu@2[2] /cpus/cpu@3[3] }
[    0.000000] swapper/0: GICv3: [name:irq_gic_v3&]GIC: PPI partition interrupt-partition-1[1] { /cpus/cpu@100[4] /cpus/cpu@101[5] /cpus/cpu@102[6] /cpus/cpu@200[7] }
[    0.000000] swapper/0: rcu: [name:srcutree&]srcu_init: Setting srcu_struct sizes based on contention.
[    0.000000] swapper/0: arch_timer: [name:arm_arch_timer&]cp15 timer(s) running at 13.00MHz (virt).
[    0.000000] swapper/0: clocksource: [name:clocksource&]arch_sys_counter: mask: 0xffffffffffffff max_cycles: 0x2ff89eacb, max_idle_ns: 440795202429 ns
[    0.000000] swapper/0: [name:sched_clock&]sched_clock: 56 bits at 13MHz, resolution 76ns, wraps every 4398046511101ns
[    0.004040] swapper/0: kfence: [name:core&]initialized - using 524288 bytes for 63 objects at 0x(____ptrval____)-0x(____ptrval____)
[    0.004190] swapper/0: [name:vt&]Console: colour dummy device 80x25
[    0.004300] swapper/0: printk: console [tty0] enabled
[    0.004317] swapper/0: [name:sprd_serial&]serial port 0 not yet initialized
[    0.004343] swapper/0: [name:calibrate&]Calibrating delay loop (skipped), value calculated using timer frequency.. 26.00 BogoMIPS (lpj=52000)
[    0.004354] swapper/0: [name:pid&]pid_max: default: 32768 minimum: 301
[    0.004445] swapper/0: LSM: [name:security&]Security Framework initializing
[    0.004481] swapper/0: [name:selinux&]SELinux:  Initializing.
[    0.004622] swapper/0: [name:page_alloc&]Mount-cache hash table entries: 32768 (order: 6, 262144 bytes, linear)
[    0.004644] swapper/0: [name:page_alloc&]Mountpoint-cache hash table entries: 32768 (order: 6, 262144 bytes, linear)
[    0.005804] swapper/0: cacheinfo: [name:cacheinfo&]Unable to detect cache hierarchy for CPU 0
[    0.006550] swapper/0: [name:update&]cblist_init_generic: Setting adjustable number of callback queues.
[    0.006558] swapper/0: [name:update&]cblist_init_generic: Setting shift to 3 and lim to 1.
[    0.006673] swapper/0: [name:update&]cblist_init_generic: Setting adjustable number of callback queues.
[    0.006680] swapper/0: [name:update&]cblist_init_generic: Setting shift to 3 and lim to 1.
[    0.006938] swapper/0: rcu: [name:srcutree&]Hierarchical SRCU implementation.
[    0.006944] swapper/0: rcu: [name:srcutree&]	Max phase no-delay instances is 1000.
[    0.009867] swapper/0: [name:arm_runtime&]EFI services will not be available.
[    0.010273] swapper/0: smp: [name:smp&]Bringing up secondary CPUs ...
[    0.012320] swapper/1: [name:cpuinfo&]Detected PIPT I-cache on CPU1
[    0.012388] swapper/1: cacheinfo: [name:cacheinfo&]Unable to detect cache hierarchy for CPU 1
[    0.012460] swapper/1: GICv3: [name:irq_gic_v3&]CPU1: found redistributor 100 region 0:0x000000000c460000
[    0.012693] swapper/1: [name:smp&]CPU1: Booted secondary processor 0x0000000100 [0x411fd461]
[    0.014692] swapper/2: [name:cpuinfo&]Detected PIPT I-cache on CPU2
[    0.014758] swapper/2: cacheinfo: [name:cacheinfo&]Unable to detect cache hierarchy for CPU 2
[    0.014888] swapper/2: GICv3: [name:irq_gic_v3&]CPU2: found redistributor 200 region 0:0x000000000c480000
[    0.015119] swapper/2: [name:smp&]CPU2: Booted secondary processor 0x0000000200 [0x411fd461]
[    0.017152] swapper/3: [name:cpuinfo&]Detected PIPT I-cache on CPU3
[    0.017223] swapper/3: cacheinfo: [name:cacheinfo&]Unable to detect cache hierarchy for CPU 3
[    0.017329] swapper/3: GICv3: [name:irq_gic_v3&]CPU3: found redistributor 300 region 0:0x000000000c4a0000
[    0.017553] swapper/3: [name:smp&]CPU3: Booted secondary processor 0x0000000300 [0x411fd461]
[    0.019078] swapper/4: CPU features: [name:cpufeature&]detected: SSBS not fully self-synchronizing
[    0.019121] swapper/4: [name:cpuinfo&]Detected PIPT I-cache on CPU4
[    0.019126] swapper/4: CPU features: [name:cpufeature&]SANITY CHECK: Unexpected variation in SYS_ID_AA64MMFR1_EL1. Boot CPU: 0x00000011312122, CPU4: 0x00000010312122
[    0.019131] swapper/4: [name:cpufeature&]CPU features: Unsupported CPU feature variation detected.
[    0.019158] swapper/4: cacheinfo: [name:cacheinfo&]Unable to detect cache hierarchy for CPU 4
[    0.019218] swapper/4: GICv3: [name:irq_gic_v3&]CPU4: found redistributor 400 region 0:0x000000000c4c0000
[    0.019327] swapper/4: [name:smp&]CPU4: Booted secondary processor 0x0000000400 [0x411fd4d0]
[    0.020855] swapper/5: [name:cpuinfo&]Detected PIPT I-cache on CPU5
[    0.020865] swapper/5: CPU features: [name:cpufeature&]SANITY CHECK: Unexpected variation in SYS_ID_AA64MMFR1_EL1. Boot CPU: 0x00000011312122, CPU5: 0x00000010312122
[    0.020900] swapper/5: cacheinfo: [name:cacheinfo&]Unable to detect cache hierarchy for CPU 5
[    0.020975] swapper/5: GICv3: [name:irq_gic_v3&]CPU5: found redistributor 500 region 0:0x000000000c4e0000
[    0.021091] swapper/5: [name:smp&]CPU5: Booted secondary processor 0x0000000500 [0x411fd4d0]
[    0.022672] swapper/6: [name:cpuinfo&]Detected PIPT I-cache on CPU6
[    0.022683] swapper/6: CPU features: [name:cpufeature&]SANITY CHECK: Unexpected variation in SYS_ID_AA64MMFR1_EL1. Boot CPU: 0x00000011312122, CPU6: 0x00000010312122
[    0.022722] swapper/6: cacheinfo: [name:cacheinfo&]Unable to detect cache hierarchy for CPU 6
[    0.022805] swapper/6: GICv3: [name:irq_gic_v3&]CPU6: found redistributor 600 region 0:0x000000000c500000
[    0.022920] swapper/6: [name:smp&]CPU6: Booted secondary processor 0x0000000600 [0x411fd4d0]
[    0.024581] swapper/7: [name:cpuinfo&]Detected PIPT I-cache on CPU7
[    0.024593] swapper/7: CPU features: [name:cpufeature&]SANITY CHECK: Unexpected variation in SYS_ID_AA64MMFR1_EL1. Boot CPU: 0x00000011312122, CPU7: 0x00000010312122
[    0.024634] swapper/7: cacheinfo: [name:cacheinfo&]Unable to detect cache hierarchy for CPU 7
[    0.024734] swapper/7: GICv3: [name:irq_gic_v3&]CPU7: found redistributor 700 region 0:0x000000000c520000
[    0.024858] swapper/7: [name:smp&]CPU7: Booted secondary processor 0x0000000700 [0x411fd4d0]
[    0.025051] swapper/0: smp: [name:smp&]Brought up 1 node, 8 CPUs
[    0.025088] swapper/0: [name:smp&]SMP: Total of 8 processors activated.
[    0.025095] swapper/0: CPU features: [name:cpufeature&]detected: Branch Target Identification
[    0.025103] swapper/0: CPU features: [name:cpufeature&]detected: ARMv8.4 Translation Table Level
[    0.025108] swapper/0: CPU features: [name:cpufeature&]detected: Data cache clean to the PoU not required for I/D coherence
[    0.025114] swapper/0: CPU features: [name:cpufeature&]detected: Common not Private translations
[    0.025119] swapper/0: CPU features: [name:cpufeature&]detected: CRC32 instructions
[    0.025123] swapper/0: CPU features: [name:cpufeature&]detected: Data cache clean to Point of Deep Persistence
[    0.025128] swapper/0: CPU features: [name:cpufeature&]detected: Data cache clean to Point of Persistence
[    0.025133] swapper/0: CPU features: [name:cpufeature&]detected: E0PD
[    0.025138] swapper/0: CPU features: [name:cpufeature&]detected: Enhanced Privileged Access Never
[    0.025144] swapper/0: CPU features: [name:cpufeature&]detected: RCpc load-acquire (LDAPR)
[    0.025149] swapper/0: CPU features: [name:cpufeature&]detected: LSE atomic instructions
[    0.025154] swapper/0: CPU features: [name:cpufeature&]detected: Privileged Access Never
[    0.025158] swapper/0: CPU features: [name:cpufeature&]detected: RAS Extension Support
[    0.025163] swapper/0: CPU features: [name:cpufeature&]detected: Speculation barrier (SB)
[    0.025168] swapper/0: CPU features: [name:cpufeature&]detected: Stage-2 Force Write-Back
[    0.025172] swapper/0: CPU features: [name:cpufeature&]detected: TLB range maintenance instructions
[    0.025179] swapper/0: CPU features: [name:cpufeature&]detected: Speculative Store Bypassing Safe (SSBS)
[    0.025316] migration/7: CPU features: [name:cpufeature&]detected CPU7: Activity Monitors Unit (AMU)
[    0.025319] migration/4: CPU features: [name:cpufeature&]detected CPU4: Activity Monitors Unit (AMU)
[    0.025328] migration/2: CPU features: [name:cpufeature&]tected CPU3U3: Activity Monitors Unit (AMU)
[    0.025327] migration/3: CPU features: [name:cpufeature&]tected CPU3U3: Activity Monitors Unit (AMU)
[    0.025337] migration/1: U features: [name:cpufeature&]detected CPU1: Activity Monitorsrs Unit (AMU)
[    0.025338] migration/0: U features: [name:cpufeature&]detected CPU1: Activity Monitorsrs Unit (AMU)
[    0.025342] migration/5: CPU features: [name:cpufeature&]detected CPU5: Activity Monitors Unit (AMU)
[    0.025344] migration/6: CPU features: [name:cpufeature&]detected CPU6: Activity Monitors Unit (AMU)
[    0.025447] swapper/0: [name:smp&]CPU: All CPU(s) started at EL1
[    0.025464] swapper/0: alternatives: [name:alternative&]applying system-wide alternatives
[    0.031386] swapper/0: devtmpfs: initialized
[    0.054699] swapper/0: [name:armv8_deprecated&]Registered cp15_barrier emulation handler
[    0.054810] swapper/0: [name:armv8_deprecated&]Registered setend emulation handler
[    0.054906] swapper/0: clocksource: [name:clocksource&]jiffies: mask: 0xffffffff max_cycles: 0xffffffff, max_idle_ns: 7645041785100000 ns
[    0.054921] swapper/0: [name:page_alloc&]futex hash table entries: 2048 (order: 5, 131072 bytes, linear)
[    0.055152] swapper/0: pinctrl core: [name:core&]initialized pinctrl subsystem
[    0.055657] swapper/0: [name:socket&]NET: Registered PF_NETLINK/PF_ROUTE protocol family
[    0.056875] swapper/0: [name:pool&]DMA: preallocated 1024 KiB GFP_KERNEL pool for atomic allocations
[    0.056912] swapper/0: audit: [name:audit&]initializing netlink subsys (disabled)
[    0.057127] kauditd: audit: [name:audit&]type=2000 audit(0.052:1): state=initialized audit_enabled=0 res=1
[    0.057152] swapper/0: ramoops: [name:ramoops&]using module parameters
[    0.057646] swapper/0: printk: console [ramoops-1] enabled
[    0.057876] swapper/0: pstore: [name:pstore&]Registered ramoops as persistent store backend
[    0.057879] swapper/0: ramoops: [name:ramoops&]using 0xe0000@0x48090000, ecc: 0
[    0.058088] swapper/0: thermal_sys: [name:thermal_sys&]Registered thermal governor 'step_wise'
[    0.058092] swapper/0: thermal_sys: [name:thermal_sys&]Registered thermal governor 'user_space'
[    0.058094] swapper/0: thermal_sys: [name:thermal_sys&]Registered thermal governor 'power_allocator'
[    0.058123] swapper/0: [name:governor&]cpuidle: using governor menu
[    0.058292] swapper/0: hw-breakpoint: [name:hw_breakpoint&]found 6 breakpoint and 4 watchpoint registers.
[    0.058661] swapper/0: [name:context&]ASID allocator initialised with 65536 entries
[    0.058734] swapper/0: Serial: AMBA PL011 UART driver
[    0.095226] swapper/0: platform mmdvfs-clk: [name:core&]Fixed dependency cycle(s) with /mmdvfs-clk
[    0.095759] swapper/0: OF: [name:base&]/soc/ccu_rproc@1b080000: could not get #interconnect-cells for /interconnect
[    0.097722] swapper/0: OF: [name:base&]/soc/ccu_rproc1@0x1b180000: could not get #interconnect-cells for /interconnect
[    0.099366] swapper/0: OF: [name:base&]/soc/pda@1a180000: could not get #interconnect-cells for /interconnect
[    0.105999] swapper/0: OF: [name:base&]/soc/dispsys-config@14000000: could not get #interconnect-cells for /interconnect
[    0.108386] swapper/0: OF: [name:base&]/soc/disp-ovl0@14402000: could not get #interconnect-cells for /interconnect
[    0.109965] swapper/0: OF: [name:base&]/soc/disp-ovl1@14403000: could not get #interconnect-cells for /interconnect
[    0.111518] swapper/0: OF: [name:base&]/soc/disp-ovl2@14404000: could not get #interconnect-cells for /interconnect
[    0.113073] swapper/0: OF: [name:base&]/soc/disp-ovl3@14405000: could not get #interconnect-cells for /interconnect
[    0.114621] swapper/0: OF: [name:base&]/soc/disp1-ovl0@14602000: could not get #interconnect-cells for /interconnect
[    0.116231] swapper/0: OF: [name:base&]/soc/disp1-ovl1@14603000: could not get #interconnect-cells for /interconnect
[    0.117796] swapper/0: OF: [name:base&]/soc/disp1-ovl2@14604000: could not get #interconnect-cells for /interconnect
[    0.119358] swapper/0: OF: [name:base&]/soc/disp1-ovl3@14605000: could not get #interconnect-cells for /interconnect
[    0.121680] swapper/0: OF: [name:base&]/soc/disp-oddmr0@14013000: could not get #interconnect-cells for /interconnect
[    0.123269] swapper/0: OF: [name:base&]/soc/disp1-oddmr0@14213000: could not get #interconnect-cells for /interconnect
[    0.125719] swapper/0: OF: [name:base&]/soc/imgsys-fw@15000000: could not get #interconnect-cells for /interconnect
[    0.127361] swapper/0: OF: [name:base&]/soc/vdec@16000000: could not get #interconnect-cells for /interconnect
[    0.128904] swapper/0: OF: [name:base&]/soc/venc@17020000: could not get #interconnect-cells for /interconnect
[    0.130405] swapper/0: OF: [name:base&]/soc/jpgenc@17030000: could not get #interconnect-cells for /interconnect
[    0.132054] swapper/0: OF: [name:base&]/soc/jpgenc@17830000: could not get #interconnect-cells for /interconnect
[    0.133680] swapper/0: OF: [name:base&]/soc/cam-raw-a@1a030000: could not get #interconnect-cells for /interconnect
[    0.135262] swapper/0: OF: [name:base&]/soc/cam-yuv-a@1a050000: could not get #interconnect-cells for /interconnect
[    0.136873] swapper/0: OF: [name:base&]/soc/cam-raw-b@1a070000: could not get #interconnect-cells for /interconnect
[    0.138436] swapper/0: OF: [name:base&]/soc/cam-yuv-b@1a090000: could not get #interconnect-cells for /interconnect
[    0.140049] swapper/0: OF: [name:base&]/soc/cam-raw-c@1a0b0000: could not get #interconnect-cells for /interconnect
[    0.141615] swapper/0: OF: [name:base&]/soc/cam-yuv-c@1a0d0000: could not get #interconnect-cells for /interconnect
[    0.143222] swapper/0: OF: [name:base&]/soc/camsv1@1a100000: could not get #interconnect-cells for /interconnect
[    0.144787] swapper/0: OF: [name:base&]/soc/camsv2@1a101000: could not get #interconnect-cells for /interconnect
[    0.146349] swapper/0: OF: [name:base&]/soc/camsv3@1a102000: could not get #interconnect-cells for /interconnect
[    0.147921] swapper/0: OF: [name:base&]/soc/camsv4@1a103000: could not get #interconnect-cells for /interconnect
[    0.149479] swapper/0: OF: [name:base&]/soc/camsv5@1a104000: could not get #interconnect-cells for /interconnect
[    0.151047] swapper/0: OF: [name:base&]/soc/camsv6@1a105000: could not get #interconnect-cells for /interconnect
[    0.152620] swapper/0: OF: [name:base&]/soc/mraw1@1a130000: could not get #interconnect-cells for /interconnect
[    0.154200] swapper/0: OF: [name:base&]/soc/mraw2@1a140000: could not get #interconnect-cells for /interconnect
[    0.155799] swapper/0: OF: [name:base&]/soc/mraw3@1a150000: could not get #interconnect-cells for /interconnect
[    0.157363] swapper/0: OF: [name:base&]/soc/mraw4@1a160000: could not get #interconnect-cells for /interconnect
[    0.159364] swapper/0: OF: [name:base&]/soc/mdp@1f000000: could not get #interconnect-cells for /interconnect
[    0.161174] swapper/0: OF: [name:base&]/soc/mml-rdma0@1f803000: could not get #interconnect-cells for /interconnect
[    0.162724] swapper/0: OF: [name:base&]/soc/mml-rdma1@1f804000: could not get #interconnect-cells for /interconnect
[    0.164376] swapper/0: OF: [name:base&]/soc/mml-wrot0@1f80f000: could not get #interconnect-cells for /interconnect
[    0.165939] swapper/0: OF: [name:base&]/soc/mml-wrot1@1f810000: could not get #interconnect-cells for /interconnect
[    0.167484] swapper/0: OF: [name:base&]/soc/mml-rdma2@1f811000: could not get #interconnect-cells for /interconnect
[    0.169041] swapper/0: OF: [name:base&]/soc/mml-rdma3@1f812000: could not get #interconnect-cells for /interconnect
[    0.170607] swapper/0: OF: [name:base&]/soc/mml-wrot2@1f815000: could not get #interconnect-cells for /interconnect
[    0.172184] swapper/0: OF: [name:base&]/soc/mml-wrot3@1f816000: could not get #interconnect-cells for /interconnect
[    0.187338] swapper/0: platform 1e980000.gce: [name:core&]Fixed dependency cycle(s) with /soc/gce@1e980000
[    0.187550] swapper/0: platform 1e990000.gce: [name:core&]Fixed dependency cycle(s) with /soc/gce@1e990000
[    0.192234] swapper/0: platform 1400b000.disp-dp-intf0: [name:core&]Fixed dependency cycle(s) with /soc/dp-tx@11e10000
[    0.192355] swapper/0: platform 1400b000.disp-dp-intf0: [name:core&]Fixed dependency cycle(s) with /soc/dp-tx@11e10000
[    0.192392] swapper/0: platform 11e10000.dp-tx: [name:core&]Fixed dependency cycle(s) with /i2c@11d02000/ti983@0c
[    0.192399] swapper/0: platform 11e10000.dp-tx: [name:core&]Fixed dependency cycle(s) with /soc/disp-dp-intf0@1400b000
[    0.192526] swapper/0: platform soc:panel@2: [name:core&]Fixed dependency cycle(s) with /i2c@11d02000/ti983@0c
[    0.192590] swapper/0: platform soc:virt-dp-1: [name:core&]Fixed dependency cycle(s) with /soc/virt-dp-tx
[    0.192671] swapper/0: platform soc:virt-dp-1: [name:core&]Fixed dependency cycle(s) with /soc/virt-dp-tx
[    0.192706] swapper/0: platform soc:virt-dp-tx: [name:core&]Fixed dependency cycle(s) with /i2c@11d00000/virtual-ti983@0d
[    0.192732] swapper/0: platform soc:virt-dp-tx: [name:core&]Fixed dependency cycle(s) with /soc/virt-dp-1
[    0.192857] swapper/0: platform soc:panel-dp: [name:core&]Fixed dependency cycle(s) with /i2c@11d00000/virtual-ti983@0d
[    0.192920] swapper/0: platform 1400d000.dsi: [name:core&]Fixed dependency cycle(s) with /soc/dsi@1400d000/panel1@0
[    0.193016] swapper/0: platform 1420d000.dsi: [name:core&]Fixed dependency cycle(s) with /soc/dsi@1420d000/panel11@0
[    0.215064] swapper/0: [name:kaslr&]KASLR enabled
[    0.221639] swapper/0: iommu: [name:iommu&]Default domain type: Translated 
[    0.221645] swapper/0: iommu: [name:iommu&]DMA domain TLB invalidation policy: strict mode 
[    0.221887] swapper/0: SCSI subsystem initialized
[    0.221955] swapper/0: [name:usbcore&]usbcore: registered new interface driver usbfs
[    0.221972] swapper/0: [name:usbcore&]usbcore: registered new interface driver hub
[    0.221988] swapper/0: [name:usbcore&]usbcore: registered new device driver usb
[    0.222054] swapper/0: mc: [name:mc&]Linux media interface: v0.10
[    0.222073] swapper/0: videodev: [name:videodev&]Linux video capture interface: v2.00
[    0.222109] swapper/0: pps_core: [name:pps_core&]LinuxPPS API ver. 1 registered
[    0.222112] swapper/0: pps_core: [name:pps_core&]Software ver. 5.3.6 - Copyright 2005-2007 Rodolfo Giometti <giometti@linux.it>
[    0.222118] swapper/0: [name:ptp&]PTP clock support registered
[    0.222337] swapper/0: EDAC MC: Ver: 3.0.0
[    0.223960] swapper/0: [name:snd&]Advanced Linux Sound Architecture Driver Initialized.
[    0.224598] cpuhp/4: CPU features: [name:cpufeature&]Asymmetric 32-bit EL0 support detected on CPU 4; CPU hot-unplug disabled on CPU 0
[    0.225057] swapper/0: clocksource: [name:clocksource&]Switched to clocksource arch_sys_counter
[    0.225251] swapper/0: VFS: Disk quotas dquot_6.6.0
[    0.225269] swapper/0: [name:dquot&]VFS: Dquot-cache hash table entries: 512 (order 0, 4096 bytes)
[    0.229562] swapper/0: [name:socket&]NET: Registered PF_INET protocol family
[    0.229707] swapper/0: [name:page_alloc&]IP idents hash table entries: 262144 (order: 9, 2097152 bytes, linear)
[    0.234420] swapper/0: [name:page_alloc&]tcp_listen_portaddr_hash hash table entries: 8192 (order: 5, 131072 bytes, linear)
[    0.234451] swapper/0: [name:page_alloc&]Table-perturb hash table entries: 65536 (order: 6, 262144 bytes, linear)
[    0.234499] swapper/0: [name:page_alloc&]TCP established hash table entries: 131072 (order: 8, 1048576 bytes, linear)
[    0.234765] swapper/0: [name:page_alloc&]TCP bind hash table entries: 65536 (order: 9, 2097152 bytes, linear)
[    0.234981] swapper/0: TCP: [name:tcp&]Hash tables configured (established 131072 bind 65536)
[    0.235047] swapper/0: [name:page_alloc&]UDP hash table entries: 8192 (order: 6, 262144 bytes, linear)
[    0.235096] swapper/0: [name:page_alloc&]UDP-Lite hash table entries: 8192 (order: 6, 262144 bytes, linear)
[    0.235250] swapper/0: [name:socket&]NET: Registered PF_UNIX/PF_LOCAL protocol family
[    0.235271] swapper/0: [name:socket&]NET: Registered PF_XDP protocol family
[    0.235281] swapper/0: [name:quirks&]PCI: CLS 0 bytes, default 64
[    0.235820] kworker/u16:2: Trying to unpack rootfs image as initramfs...
[    0.249860] swapper/0: [name:kvm&]kvm [1]: HYP mode not available
[    0.251014] swapper/0: [name:system_keyring&]Initialise system trusted keyrings
[    0.251336] swapper/0: [name:workingset&]workingset: timestamp_bits=46 max_order=21 bucket_order=0
[    0.254464] swapper/0: fuse: [name:fuse&]init (API version 7.38)
[    0.278377] swapper/0: [name:key&]Key type asymmetric registered
[    0.278387] swapper/0: [name:asymmetric_keys&]Asymmetric key parser 'x509' registered
[    0.278426] swapper/0: Block layer SCSI generic (bsg) driver version 0.4 loaded (major 238)
[    0.278703] swapper/0: io scheduler mq-deadline registered
[    0.278708] swapper/0: io scheduler kyber registered
[    0.278765] swapper/0: io scheduler bfq registered
[    0.291632] swapper/0: [name:8250&]Serial: 8250/16550 driver, 4 ports, IRQ sharing disabled
[    0.296491] swapper/0: printk: console [ttynull0] enabled
[    0.297441] cpuhp/0: cacheinfo: [name:cacheinfo&]Unable to detect cache hierarchy for CPU 0
[    0.301206] swapper/0: [name:brd&]brd: module loaded
[    0.307189] swapper/0: loop: module loaded
[    0.309196] swapper/0: [name:spi&]SPI driver spidev has no spi_device_id for noboauto,spidev
[    0.309446] swapper/0: wireguard: [name:wireguard&]WireGuard 1.0.0 loaded. See www.wireguard.com for information.
[    0.309450] swapper/0: wireguard: [name:wireguard&]Copyright (C) 2015-2019 Jason A. Donenfeld <Jason@zx2c4.com>. All Rights Reserved.
[    0.309683] swapper/0: [name:macsec&]MACsec IEEE 802.1AE
[    0.309883] swapper/0: tun: [name:tun&]Universal TUN/TAP device driver, 1.6
[    0.314348] swapper/0: [name:usbcore&]usbcore: registered new interface driver uas
[    0.314379] swapper/0: [name:usbcore&]usbcore: registered new interface driver usb-storage
[    0.314510] swapper/0: [name:usbcore&]usbcore: registered new interface driver xpad
[    0.314679] swapper/0: i2c_dev: [name:i2c_dev&]i2c /dev entries driver
[    0.314695] swapper/0: gspca_main: [name:gspca_main&]v2.14.0 registered
[    0.314719] swapper/0: [name:usbcore&]usbcore: registered new interface driver uvcvideo
[    0.316363] swapper/0: [name:dm_mod&]device-mapper: uevent: version 1.0.3
[    0.316603] swapper/0: [name:dm_mod&]device-mapper: ioctl: 4.47.0-ioctl (2022-07-28) initialised: dm-devel@redhat.com
[    0.317859] swapper/0: [name:sdhci&]sdhci: Secure Digital Host Controller Interface driver
[    0.317863] swapper/0: [name:sdhci&]sdhci: Copyright(c) Pierre Ossman
[    0.317866] swapper/0: [name:sdhci_pltfm&]sdhci-pltfm: SDHCI platform and OF driver helper
[    0.320214] swapper/0: SMCCC: SOC_ID: [name:soc_id&]ARCH_SOC_ID not implemented, skipping ....
[    0.320243] swapper/0: hid: [name:hid&]raw HID events driver (C) Jiri Kosina
[    0.320840] swapper/0: [name:usbcore&]usbcore: registered new interface driver usbhid
[    0.320844] swapper/0: [name:usbhid&]usbhid: USB HID core driver
[    0.321046] swapper/0: ashmem: [name:ashmem&]initialized
[    0.324909] swapper/0: gnss: [name:gnss&]GNSS driver registered with major 504
[    0.326933] swapper/0: [name:usbcore&]usbcore: registered new interface driver snd-usb-audio
[    0.327445] kworker/u16:2: [name:page_alloc&]Freeing initrd memory: 20552K
[    0.327656] swapper/0: [name:act_gact&]GACT probability NOT on
[    0.327676] swapper/0: [name:act_mirred&]Mirror/redirect action on
[    0.327702] swapper/0: [name:sch_netem&]netem: version 1.3
[    0.327750] swapper/0: [name:cls_u32&]u32 classifier
[    0.327752] swapper/0: [name:cls_u32&]    input device check on
[    0.327754] swapper/0: [name:cls_u32&]    Actions configured
[    0.328472] swapper/0: xt_time: [name:xt_time&]kernel timezone is -0000
[    0.328533] swapper/0: [name:ipip&]ipip: IPv4 and MPLS over IPv4 tunneling driver
[    0.328735] swapper/0: gre: [name:gre&]GRE over IPv4 demultiplexor driver
[    0.328740] swapper/0: ip_gre: [name:ip_gre&]GRE over IPv4 tunneling driver
[    0.329257] swapper/0: [name:ip_vti&]IPv4 over IPsec tunneling driver
[    0.329464] swapper/0: Initializing XFRM netlink socket
[    0.329476] swapper/0: [name:xfrm_interface&]IPsec XFRM device driver
[    0.329638] swapper/0: [name:socket&]NET: Registered PF_INET6 protocol family
[    0.330732] swapper/0: [name:ipv6&]Segment Routing with IPv6
[    0.330745] swapper/0: [name:ipv6&]In-situ OAM (IOAM) with IPv6
[    0.330817] swapper/0: mip6: [name:mip6&]Mobile IPv6
[    0.331039] swapper/0: sit: [name:sit&]IPv6, IPv4 and MPLS over IPv4 tunneling driver
[    0.331367] swapper/0: ip6_gre: [name:ip6_gre&]GRE over IPv6 tunneling driver
[    0.331542] swapper/0: [name:socket&]NET: Registered PF_PACKET protocol family
[    0.331550] swapper/0: [name:socket&]NET: Registered PF_KEY protocol family
[    0.332232] swapper/0: [name:taskstats&]registered taskstats version 1
[    0.332259] swapper/0: [name:system_keyring&]Loading compiled-in X.509 certificates
[    0.332842] kworker/u16:2: [name:exit&]kworker/u16:2 (145) used greatest stack depth: 13456 bytes left
[    0.334581] swapper/0: [name:x509_key_parser&]Loaded X.509 cert 'Build time autogenerated kernel key: 06956ae70d29d66e8e534cbc18d7fd29d1a4ee0e'
[    0.334639] swapper/0: [name:page_owner&]page_owner is disabled
[    0.334711] swapper/0: [name:key&]Key type .fscrypt registered
[    0.334714] swapper/0: [name:key&]Key type fscrypt-provisioning registered
[    0.334811] swapper/0: pstore: [name:pstore&]Using crash dump compression: deflate
[    0.336919] swapper/0: [name:clk&]clk: Disabling unused clocks
[    0.336940] swapper/0: ALSA device list:
[    0.336944] swapper/0:   No soundcards found.
[    0.337879] swapper/0: [name:page_alloc&]Freeing unused kernel memory: 7168K
[    0.337978] swapper/0: [name:main&]Run /init as init process
[    0.337982] swapper/0: [name:main&]  with arguments:
[    0.337985] swapper/0: [name:main&]    /init
[    0.337987] swapper/0: [name:main&]  with environment:
[    0.337989] swapper/0: [name:main&]    HOME=/
[    0.337991] swapper/0: [name:main&]    TERM=linux
[    0.337993] swapper/0: [name:main&]    vmalloc=400M
[    0.337995] swapper/0: [name:main&]    ddr_size=16
[    0.337997] swapper/0: [name:main&]    nobo_cmd=hardware_version:2
[    0.337999] swapper/0: [name:main&]    project_code=0xfc
[    0.338000] swapper/0: [name:main&]    ivi_disp=0x4
[    0.338002] swapper/0: [name:main&]    passenger_disp=0x0
[    0.338004] swapper/0: [name:main&]    ceiling_disp=0x0
[    0.338005] swapper/0: [name:main&]    dmverity_sbootdis=1
[    0.342548] touch: [name:exit&]touch (148) used greatest stack depth: 12448 bytes left
[    0.362614] sed: [name:exit&]sed (158) used greatest stack depth: 12160 bytes left
[    0.663182] cut: [name:exit&]cut (413) used greatest stack depth: 12064 bytes left
[    1.222722] modprobe: [name:main&]bootprof: loading out-of-tree module taints kernel.
[    1.222804] modprobe: [name:main&]bootprof: module verification failed: signature and/or required key missing - tainting kernel
[    1.223372] modprobe: [name:bootprof&]BOOTPROF: pl=0, bl2ext=0 ,lk=5746, logo=0, tfa=0, sec_os=0, gz=0
[    1.223627] modprobe: [name:bootprof&]BOOTPROF:      1223.626464: ON (TH:2)
[    1.223633] modprobe: [name:bootprof&]BOOTPROF:      1223.632694:Kernel_init_done
[    1.230203] modprobe: [name:mrdump&]mboot_params:[DT] 0x800@0x11d000, 0x2(0xc00)
[    1.230260] modprobe: [name:mrdump&]mboot_params: [DT] 0x10000@0x48170000
[    1.230385] modprobe: [name:mrdump&]mboot_params: using dram:0x4d001000(0x1000)
[    1.230406] modprobe: [name:mrdump&]mboot_params: buffer start: 0xffffffc008635000, size: 0x1000
[    1.230417] modprobe: [name:mrdump&]mboot_params: last init function: 0x0
[    1.230480] modprobe: [name:mrdump&]mrdump_parse_chosen: mrdump_cbaddr=0x000000004d002000, mrdump_cbsize=0x0000000000002000
[    1.230492] modprobe: [name:mrdump&]mrdump_parse_chosen: lk version MRDUMP11
[    1.230498] modprobe: [name:mrdump&]mrdump_parse_chosen: ddr reserve mode no
[    1.230590] modprobe: [name:mrdump&][mrdump] phys:0x4d000000 - 0x4d010000 (0x10000)
[    1.230613] modprobe: [name:mrdump&][mrdump] rmem->priv = ffffffc008740000
[    1.230661] modprobe: [name:mrdump&]mrdump_cblock_init: done.
[    1.230678] modprobe: [name:mrdump&]minirdump: [DT] reserved 0x48170000+0x10000->00000000bae8b77a
[    1.230759] kworker/2:1: [name:mrdump&]mrdump_ka_work_func: retry in 0.1 second
[    1.234973] modprobe: [name:aee_aed&]aee kernel api ready
[    1.238067] modprobe: [name:aee_hangdet&]hangdet_init: compatible node found: watchdog
[    1.238094] modprobe: [name:aee_hangdet&]apwdt enabled
[    1.238243] modprobe: [name:aee_hangdet&]hangdet_init: compatible node found: systimer
[    1.238480] modprobe: [name:aee_hangdet&]hangdet_init systimer_cnt 117580139
[    1.238484] modprobe: [name:aee_hangdet&]hangdet_init set wdk_ktime 1238484387
[    1.238490] modprobe: [name:aee_hangdet&]reboot set flag, old value 0x60000000, 1.
[    1.238494] modprobe: [name:aee_hangdet&]reboot set flag new value 0x60000800.
[    1.238624] kworker/u16:2: [name:aee_hangdet&][wdk] bind thread 886 to cpu 0
[    1.238833] wdtk-0: [name:aee_hangdet&][wdk-c] cpu=0 o_k=0 lbit=0x1 cbit=0xff,fe,7,1,1238487156,1,0,0,0,0,[1238819771,15000000] 27 ffffffff 
[    1.238847] wdtk-0: [name:aee_hangdet&]
[    1.238886] kworker/u16:2: [name:aee_hangdet&][wdk] bind thread 887 to cpu 1
[    1.239024] wdtk-1: [name:aee_hangdet&][wdk-c] cpu=1 o_k=1 lbit=0x3 cbit=0xff,fc,7,1,1238487156,3,0,0,0,0,[1239011387,14999760] 27 ffffffff 
[    1.239038] wdtk-1: [name:aee_hangdet&]
[    1.239114] kworker/u16:2: [name:aee_hangdet&][wdk] bind thread 888 to cpu 2
[    1.239263] wdtk-2: [name:aee_hangdet&][wdk-c] cpu=2 o_k=2 lbit=0x7 cbit=0xff,f8,7,1,1238487156,7,0,0,0,0,[1239250156,14999533] 27 ffffffff 
[    1.239278] wdtk-2: [name:aee_hangdet&]
[    1.239323] kworker/u16:2: [name:aee_hangdet&][wdk] bind thread 890 to cpu 3
[    1.239449] wdtk-3: [name:aee_hangdet&][wdk-c] cpu=3 o_k=3 lbit=0xf cbit=0xff,f0,7,1,1238487156,f,0,0,0,0,[1239436617,14999322] 27 ffffffff 
[    1.239464] wdtk-3: [name:aee_hangdet&]
[    1.239512] kworker/u16:2: [name:aee_hangdet&][wdk] bind thread 891 to cpu 4
[    1.239608] wdtk-4: [name:aee_hangdet&][wdk-c] cpu=4 o_k=4 lbit=0x1f cbit=0xff,e0,7,1,1238487156,1f,0,0,0,0,[1239601002,14999147] 27 ffffffff 
[    1.239616] wdtk-4: [name:aee_hangdet&]
[    1.239729] kworker/u16:2: [name:aee_hangdet&][wdk] bind thread 892 to cpu 5
[    1.239835] wdtk-5: [name:aee_hangdet&][wdk-c] cpu=5 o_k=5 lbit=0x3f cbit=0xff,c0,7,1,1238487156,3f,0,0,0,0,[1239829541,14998931] 27 ffffffff 
[    1.239842] wdtk-5: [name:aee_hangdet&]
[    1.239912] kworker/u16:2: [name:aee_hangdet&][wdk] bind thread 893 to cpu 6
[    1.240016] wdtk-6: [name:aee_hangdet&][wdk-c] cpu=6 o_k=6 lbit=0x7f cbit=0xff,80,7,1,1238487156,7f,0,0,0,0,[1240011156,14998744] 27 ffffffff 
[    1.240024] wdtk-6: [name:aee_hangdet&]
[    1.240090] kworker/u16:2: [name:aee_hangdet&][wdk] bind thread 894 to cpu 7
[    1.240096] kworker/u16:2: [name:aee_hangdet&][wdk] WDT start kicker done CPU_NR=8 online cpu NR8
[    1.240100] kworker/u16:2: [name:aee_hangdet&][wdk]init_wk done late_initcall cpus_kick_bit=0xff -----
[    1.240196] wdtk-7: [name:aee_hangdet&][thread:894] 1970-01-01 00:00:01.235146 UTC;android time 1970-01-01 00:00:01.235146
[    1.240234] wdtk-7: [name:aee_hangdet&][wdk-k] cpu=7 o_k=7 lbit=0xff cbit=0xff,0,7,1,1238487156,ff,0,0,0,0,[1240191694,14998578] 27 ffffffff 
[    1.240237] wdtk-7: [name:aee_hangdet&]
[    1.244617] modprobe: [name:mrdump&]mrdump: hang data 0xffffff8005400000 size:0x400000
[    1.246245] modprobe: [name:monitor_hang&]monitor_hang: can't get monitor_hang_boot_up_enable status.
[    1.246288] modprobe: [name:bootprof&]BOOTPROF:      1246.285925:initcall: init_module [monitor_hang]     2.315385ms
[    1.249894] modprobe: irq_monitor: [name:irq_monitor&]irq monitor init start!!
[    1.249920] modprobe: irq_monitor: [name:irq_monitor&]found tp: ipi_entry,__tracepoint_ipi_entry+0x0/0x48
[    1.249943] modprobe: irq_monitor: [name:irq_monitor&]found tp: ipi_exit,__tracepoint_ipi_exit+0x0/0x48
[    1.249968] modprobe: irq_monitor: [name:irq_monitor&]found tp: irq_handler_entry,__tracepoint_irq_handler_entry+0x0/0x48
[    1.249973] modprobe: irq_monitor: [name:irq_monitor&]found tp: irq_handler_exit,__tracepoint_irq_handler_exit+0x0/0x48
[    1.249976] modprobe: irq_monitor: [name:irq_monitor&]found tp: softirq_entry,__tracepoint_softirq_entry+0x0/0x48
[    1.249980] modprobe: irq_monitor: [name:irq_monitor&]found tp: softirq_exit,__tracepoint_softirq_exit+0x0/0x48
[    1.250012] modprobe: irq_monitor: [name:irq_monitor&]found tp: hrtimer_expire_entry,__tracepoint_hrtimer_expire_entry+0x0/0x48
[    1.250026] modprobe: irq_monitor: [name:irq_monitor&]found tp: hrtimer_expire_exit,__tracepoint_hrtimer_expire_exit+0x0/0x48
[    1.250916] modprobe: [name:exit&]modprobe (897) used greatest stack depth: 12016 bytes left
[    1.252872] modprobe: [name:dbgtop_drm&]mtk_dbgtop_drm was loaded
[    1.253388] modprobe: mtk_dbgtop_drm 1000d000.drm: [name:dbgtop_drm&]driver probed
[    1.253406] modprobe: mtk_dbgtop_drm 1000d000.drm: [name:dbgtop_drm&]base 00000000ea51b344
[    1.277479] modprobe: [name:bus_tracer_interface&]bus_tracer_init: running...
[    1.277498] modprobe: [name:bootprof&]BOOTPROF:      1277.498156:initcall: init_module [bus_tracer_interface]    13.202384ms
[    1.280145] modprobe: systracker soc:tracker: [name:systracker&]systracker watchpoint probed.
[    1.280162] modprobe: systracker soc:tracker: [name:systracker&]systracker_watchpoint_probe: fail to parse irq-en-ops from node.
[    1.280165] modprobe: [name:dd&]systracker: probe of soc:tracker failed with error -22
[    1.283079] modprobe: cache_parity cache-parity: [name:cache_parity&]driver probed
[    1.283086] modprobe: [name:cache_parity&][cache_parity_init_platform] adopt default flow
[    1.283215] modprobe: cache_parity cache-parity: [name:cache_parity&]bound irq 25 for cpu0
[    1.283305] modprobe: cache_parity cache-parity: [name:cache_parity&]bound irq 26 for cpu1
[    1.283378] modprobe: cache_parity cache-parity: [name:cache_parity&]bound irq 27 for cpu2
[    1.283448] modprobe: cache_parity cache-parity: [name:cache_parity&]bound irq 28 for cpu3
[    1.283518] modprobe: cache_parity cache-parity: [name:cache_parity&]bound irq 29 for cpu4
[    1.283585] modprobe: cache_parity cache-parity: [name:cache_parity&]bound irq 30 for cpu5
[    1.283653] modprobe: cache_parity cache-parity: [name:cache_parity&]bound irq 31 for cpu6
[    1.283721] modprobe: cache_parity cache-parity: [name:cache_parity&]bound irq 32 for cpu7
[    1.283790] modprobe: cache_parity cache-parity: [name:cache_parity&]bound irq 33 for cpu0
[    1.283856] modprobe: cache_parity cache-parity: [name:cache_parity&]bound irq 34 for cpu2
[    1.283957] modprobe: cache_parity cache-parity: [name:cache_parity&]version 3, nr_irq 11, arm-dsu-ecc-hwirq 48 nr_err 0
[    1.285392] modprobe: [name:exit&]modprobe (903) used greatest stack depth: 11488 bytes left
[    1.303738] modprobe: [name:log_store&]log_store: get address 0xa0d.
[    1.303756] modprobe: [name:log_store&]log_store:[DT] log_store: 0x11df00@0x100
[    1.303763] modprobe: [name:log_store&]log_store: get ok, sram addr:0x11df00, size:0x100
[    1.303779] modprobe: [name:log_store&]log_store: sram header address 0x000000001978ac42.
[    1.303789] modprobe: [name:log_store&]sig 0x5678ef90 flag 0x204 add 0x48180000 size 0x80000 offsize 0x0 point 0x0
[    1.303805] modprobe: [name:log_store&]log_store: bootmode: 0x0 boottype: 0x2.
[    1.303812] modprobe: [name:log_store&]log store:sram_dram_buff addr 0x48180000, size 0x80000.
[    1.303834] modprobe: [name:log_store&][PHY layout]log_store_mem:0x48180000-0x481fffff (0x80000)
[    1.303843] modprobe: [name:log_store&]buff 0000000075efcf54, sig cdab3412 size 80000 pl 0, sz 0 lk 0, sz 35ee4 p 0, l 0
[    1.311875] modprobe: [name:bootprof&]BOOTPROF:      1311.873233:initcall: init_module [nvmem_mtk_devinfo]     2.783770ms
[    1.317465] modprobe: [name:mtk_wdt&]mtk_wdt_probe:417:nebula will kick
[    1.326187] modprobe: [name:bootprof&]BOOTPROF:      1326.184695:initcall: init_module [timer_mediatek]     2.891077ms
[    1.337488] modprobe: [name:bootprof&]BOOTPROF:      1337.486233:initcall: init_module [sec_rng]     6.048616ms
[    1.342895] modprobe: [name:nb_cdt&][NOBO-MTK-BSP-SYSTEM-CDT] [cdt_init:54] [CDT] hardware version: 2
[    1.355751] modprobe: [name:device_apc_common&][DEVAPC]: driver registered
[    1.355891] modprobe: [name:device_apc_common&][DEVAPC]: subsys_enabled[0]:1
[    1.355914] modprobe: [name:device_apc_common&][DEVAPC]: subsys_enabled[1]:1
[    1.355933] modprobe: [name:device_apc_common&][DEVAPC]: subsys_enabled[2]:1
[    1.355952] modprobe: [name:device_apc_common&][DEVAPC]: subsys_enabled[3]:1
[    1.355972] modprobe: [name:device_apc_common&][DEVAPC]: subsys_enabled[4]:1
[    1.355991] modprobe: [name:device_apc_common&][DEVAPC]: subsys_enabled[5]:1
[    1.356018] modprobe: [name:device_apc_common&][DEVAPC]: subsys_enabled[6]:1
[    1.356036] modprobe: [name:device_apc_common&][DEVAPC]: subsys_enabled[7]:1
[    1.356446] modprobe: [name:device_apc_common&][DEVAPC]: IRQ[0]:37
[    1.356508] modprobe: [name:device_apc_common&][DEVAPC]: IRQ[1]:38
[    1.356558] modprobe: [name:device_apc_common&][DEVAPC]: IRQ[2]:39
[    1.356606] modprobe: [name:device_apc_common&][DEVAPC]: IRQ[3]:40
[    1.356655] modprobe: [name:device_apc_common&][DEVAPC]: IRQ[4]:41
[    1.356708] modprobe: [name:device_apc_common&][DEVAPC]: IRQ[5]:42
[    1.356757] modprobe: [name:device_apc_common&][DEVAPC]: IRQ[6]:43
[    1.357679] modprobe: [name:device_apc_common&][DEVAPC]: (Infra) Cannot get devapc clock from CCF (-2)
[    1.357915] modprobe: [name:device_apc_common&][DEVAPC]: no violation for slave:0x0
[    1.358016] modprobe: [name:device_apc_common&][DEVAPC]: no violation for slave:0x1
[    1.358073] modprobe: [name:device_apc_common&][DEVAPC]: no violation for slave:0x2
[    1.358125] modprobe: [name:device_apc_common&][DEVAPC]: no violation for slave:0x3
[    1.358275] modprobe: [name:device_apc_common&][DEVAPC]: no violation for slave:0x4
[    1.358497] modprobe: [name:device_apc_common&][DEVAPC]: no violation for slave:0x5
[    1.358537] modprobe: [name:device_apc_common&][DEVAPC]: no violation for slave:0x6
[    1.358570] modprobe: [name:device_apc_common&][DEVAPC]: no violation for slave:0x7
[    1.360569] modprobe: [name:device_apc_common&][DEVAPC]: [SLAVE_TYPE_INFRA] VIO_SHIFT_STA: 0x0
[    1.360578] modprobe: [name:device_apc_common&][DEVAPC]: SLAVE_TYPE_INFRA: VIO_MASK_0: 0x1000, VIO_STA_0: 0x0
[    1.360588] modprobe: [name:device_apc_common&][DEVAPC]: SLAVE_TYPE_INFRA: VIO_MASK_1: 0x7800000, VIO_STA_1: 0x0
[    1.360597] modprobe: [name:device_apc_common&][DEVAPC]: SLAVE_TYPE_INFRA: VIO_MASK_2: 0x0, VIO_STA_2: 0x0
[    1.360607] modprobe: [name:device_apc_common&][DEVAPC]: SLAVE_TYPE_INFRA: VIO_MASK_3: 0x0, VIO_STA_3: 0x0
[    1.360616] modprobe: [name:device_apc_common&][DEVAPC]: SLAVE_TYPE_INFRA: VIO_MASK_4: 0x0, VIO_STA_4: 0x0
[    1.360625] modprobe: [name:device_apc_common&][DEVAPC]: SLAVE_TYPE_INFRA: VIO_MASK_5: 0x0, VIO_STA_5: 0x0
[    1.360633] modprobe: [name:device_apc_common&][DEVAPC]: SLAVE_TYPE_INFRA: VIO_MASK_6: 0x0, VIO_STA_6: 0x0
[    1.360642] modprobe: [name:device_apc_common&][DEVAPC]: SLAVE_TYPE_INFRA: VIO_MASK_7: 0x0, VIO_STA_7: 0x0
[    1.360651] modprobe: [name:device_apc_common&][DEVAPC]: SLAVE_TYPE_INFRA: VIO_MASK_8: 0x0, VIO_STA_8: 0x0
[    1.360660] modprobe: [name:device_apc_common&][DEVAPC]: SLAVE_TYPE_INFRA: VIO_MASK_9: 0x0, VIO_STA_9: 0x0
[    1.360668] modprobe: [name:device_apc_common&][DEVAPC]: SLAVE_TYPE_INFRA: VIO_MASK_10: 0x0, VIO_STA_10: 0x0
[    1.360678] modprobe: [name:device_apc_common&][DEVAPC]: SLAVE_TYPE_INFRA: VIO_MASK_11: 0x4, VIO_STA_11: 0x0
[    1.360687] modprobe: [name:device_apc_common&][DEVAPC]: SLAVE_TYPE_INFRA: VIO_MASK_12: 0x0, VIO_STA_12: 0x0
[    1.360696] modprobe: [name:device_apc_common&][DEVAPC]: SLAVE_TYPE_INFRA: VIO_MASK_13: 0x7fc00000, VIO_STA_13: 0x0
[    1.360705] modprobe: [name:device_apc_common&][DEVAPC]: [SLAVE_TYPE_INFRA1] VIO_SHIFT_STA: 0x0
[    1.360712] modprobe: [name:device_apc_common&][DEVAPC]: SLAVE_TYPE_INFRA1: VIO_MASK_0: 0x40000000, VIO_STA_0: 0x0
[    1.360721] modprobe: [name:device_apc_common&][DEVAPC]: SLAVE_TYPE_INFRA1: VIO_MASK_1: 0x0, VIO_STA_1: 0x0
[    1.360730] modprobe: [name:device_apc_common&][DEVAPC]: SLAVE_TYPE_INFRA1: VIO_MASK_2: 0x0, VIO_STA_2: 0x0
[    1.360739] modprobe: [name:device_apc_common&][DEVAPC]: SLAVE_TYPE_INFRA1: VIO_MASK_3: 0x0, VIO_STA_3: 0x0
[    1.360747] modprobe: [name:device_apc_common&][DEVAPC]: SLAVE_TYPE_INFRA1: VIO_MASK_4: 0x2fb8, VIO_STA_4: 0x0
[    1.360756] modprobe: [name:device_apc_common&][DEVAPC]: SLAVE_TYPE_INFRA1: VIO_MASK_5: 0x0, VIO_STA_5: 0x0
[    1.360765] modprobe: [name:device_apc_common&][DEVAPC]: SLAVE_TYPE_INFRA1: VIO_MASK_6: 0x74000, VIO_STA_6: 0x0
[    1.360773] modprobe: [name:device_apc_common&][DEVAPC]: start_devapc done
[    1.362060] modprobe: [name:bootprof&]BOOTPROF:      1362.058541:initcall: init_module [device_apc_mt6897]     7.269924ms
[    1.362725] kworker/2:1: [name:mrdump&]mrdump control block 2nd stage init done.
[    1.365130] modprobe: [NOBO-MTK-BSP-DISPLAY-ADAPTER] W: [display_adapter_init:609] success to create disp_driver_info node in sysfs(/sys/kernel/disp_driver_info)!
[    1.369923] modprobe: [NOBO-MTK-BSP-CAM-CDT] W: [camera_cdt_adapter_init:676] success to create cam_cdt_driver_info node in sysfs(/sys/kernel/cam_cdt_driver_info)!
[    1.379533] modprobe: mt6897-pinctrl 10005000.pinctrl: [name:pinctrl_mtk_v2&]mtk_eint_do_init eint total 250 pins.
[    1.379662] modprobe: mt6897-pinctrl 10005000.pinctrl: [name:pinctrl_mtk_v2&]mtk_eint_do_init eint in new mode, assign the matrix number to 141.
[    1.389008] modprobe: simple-pm-bus odm: [name:core&]Failed to create device link (0x180) with 10005000.pinctrl
[    1.392050] modprobe: [name:bootprof&]BOOTPROF:      1392.047695:initcall: init_module [pinctrl_mt6897]    14.095077ms
[    1.401630] modprobe: [name:clk_mt6897&]clk_set_trace_event init end
[    1.401793] modprobe: [name:clk_mt6897&]clk_mt6897_top_probe init begin
[    1.493909] modprobe: [name:clk_mt6897&]clk_mt6897_top_probe init end
[    1.494029] modprobe: [name:clk_mt6897&]clk_mt6897_pll_registration init begin
[    1.495939] modprobe: [name:clk_mt6897&]clk_mt6897_pll_registration init end
[    1.496044] modprobe: [name:clk_mt6897&]clk_mt6897_pll_registration init begin
[    1.496186] modprobe: [name:clk_mt6897&]clk_mt6897_pll_registration init end
[    1.496237] modprobe: [name:clk_mt6897&]clk_mt6897_pll_registration init begin
[    1.496353] modprobe: [name:clk_mt6897&]clk_mt6897_pll_registration init end
[    1.496459] modprobe: [name:clk_mt6897&]clk_mt6897_vlp_ck_probe init begin
[    1.506951] modprobe: [name:clk_mt6897&]clk_mt6897_vlp_ck_probe init end
[    1.507077] modprobe: [name:clk_mt6897&]clk_mt6897_pll_registration init begin
[    1.507249] modprobe: [name:clk_mt6897&]clk_mt6897_pll_registration init end
[    1.507299] modprobe: [name:clk_mt6897&]clk_mt6897_pll_registration init begin
[    1.507450] modprobe: [name:clk_mt6897&]clk_mt6897_pll_registration init end
[    1.507498] modprobe: [name:clk_mt6897&]clk_mt6897_pll_registration init begin
[    1.507648] modprobe: [name:clk_mt6897&]clk_mt6897_pll_registration init end
[    1.507697] modprobe: [name:clk_mt6897&]clk_mt6897_pll_registration init begin
[    1.507848] modprobe: [name:clk_mt6897&]clk_mt6897_pll_registration init end
[    1.507901] modprobe: [name:clk_mt6897&]clk_mt6897_pll_registration init begin
[    1.508058] modprobe: [name:clk_mt6897&]clk_mt6897_pll_registration init end
[    1.509420] modprobe: [name:bootprof&]BOOTPROF:      1509.418849:initcall: init_module [clk_mt6897]   110.100308ms
[    1.509850] modprobe: [name:exit&]modprobe (922) used greatest stack depth: 11472 bytes left
[    1.515492] modprobe: [name:clk_mt6897_adsp&]clk_mt6897_adsp_grp_probe: 11050000.syscon init begin
[    1.534365] modprobe: [name:clk_mt6897_adsp&]clk_mt6897_adsp_grp_probe: 11050000.syscon init end
[    1.535162] modprobe: [name:bootprof&]BOOTPROF:      1535.161310:initcall: init_module [clk_mt6897_adsp]    20.149231ms
[    1.541490] modprobe: [name:clk_mt6897_cam&]clk_mt6897_cam_grp_probe: 1a000000.syscon init begin
[    1.554023] modprobe: [name:clk_mt6897_cam&]clk_mt6897_cam_grp_probe: 1a000000.syscon init end
[    1.554283] modprobe: [name:clk_mt6897_cam&]clk_mt6897_cam_grp_probe: 1a04f000.syscon init begin
[    1.556702] modprobe: [name:clk_mt6897_cam&]clk_mt6897_cam_grp_probe: 1a04f000.syscon init end
[    1.556858] modprobe: [name:clk_mt6897_cam&]clk_mt6897_cam_grp_probe: 1a06f000.syscon init begin
[    1.558440] modprobe: [name:clk_mt6897_cam&]clk_mt6897_cam_grp_probe: 1a06f000.syscon init end
[    1.558795] modprobe: [name:clk_mt6897_cam&]clk_mt6897_cam_grp_probe: 1a08f000.syscon init begin
[    1.559424] modprobe: [name:clk_mt6897_cam&]clk_mt6897_cam_grp_probe: 1a08f000.syscon init end
[    1.559505] modprobe: [name:clk_mt6897_cam&]clk_mt6897_cam_grp_probe: 1a0af000.syscon init begin
[    1.559856] modprobe: [name:clk_mt6897_cam&]clk_mt6897_cam_grp_probe: 1a0af000.syscon init end
[    1.559925] modprobe: [name:clk_mt6897_cam&]clk_mt6897_cam_grp_probe: 1a0cf000.syscon init begin
[    1.560446] modprobe: [name:clk_mt6897_cam&]clk_mt6897_cam_grp_probe: 1a0cf000.syscon init end
[    1.560498] modprobe: [name:clk_mt6897_cam&]clk_mt6897_cam_grp_probe: 1a0ef000.syscon init begin
[    1.560846] modprobe: [name:clk_mt6897_cam&]clk_mt6897_cam_grp_probe: 1a0ef000.syscon init end
[    1.560895] modprobe: [name:clk_mt6897_cam&]clk_mt6897_cam_grp_probe: 1a170000.syscon init begin
[    1.561840] modprobe: [name:clk_mt6897_cam&]clk_mt6897_cam_grp_probe: 1a170000.syscon init end
[    1.561900] modprobe: [name:clk_mt6897_cam&]clk_mt6897_cam_grp_probe: 1a1d0000.syscon init begin
[    1.562427] modprobe: [name:clk_mt6897_cam&]clk_mt6897_cam_grp_probe: 1a1d0000.syscon init end
[    1.562484] modprobe: [name:clk_mt6897_cam&]clk_mt6897_cam_grp_probe: 1b204000.syscon init begin
[    1.562660] modprobe: [name:clk_mt6897_cam&]clk_mt6897_cam_grp_probe: 1b204000.syscon init end
[    1.563941] modprobe: [name:bootprof&]BOOTPROF:      1563.939695:initcall: init_module [clk_mt6897_cam]    23.525616ms
[    1.569899] modprobe: [name:clk_mt6897_img&]clk_mt6897_img_grp_probe: 15000000.syscon init begin
[    1.584899] modprobe: [name:clk_mt6897_img&]clk_mt6897_img_grp_probe: 15000000.syscon init end
[    1.585068] modprobe: [name:clk_mt6897_img&]clk_mt6897_img_grp_probe: 15110000.syscon init begin
[    1.586391] modprobe: [name:clk_mt6897_img&]clk_mt6897_img_grp_probe: 15110000.syscon init end
[    1.586487] modprobe: [name:clk_mt6897_img&]clk_mt6897_img_grp_probe: 15130000.syscon init begin
[    1.586790] modprobe: [name:clk_mt6897_img&]clk_mt6897_img_grp_probe: 15130000.syscon init end
[    1.586858] modprobe: [name:clk_mt6897_img&]clk_mt6897_img_grp_probe: 15170000.syscon init begin
[    1.587137] modprobe: [name:clk_mt6897_img&]clk_mt6897_img_grp_probe: 15170000.syscon init end
[    1.587189] modprobe: [name:clk_mt6897_img&]clk_mt6897_img_grp_probe: 15220000.syscon init begin
[    1.587559] modprobe: [name:clk_mt6897_img&]clk_mt6897_img_grp_probe: 15220000.syscon init end
[    1.587608] modprobe: [name:clk_mt6897_img&]clk_mt6897_img_grp_probe: 15520000.syscon init begin
[    1.587992] modprobe: [name:clk_mt6897_img&]clk_mt6897_img_grp_probe: 15520000.syscon init end
[    1.588039] modprobe: [name:clk_mt6897_img&]clk_mt6897_img_grp_probe: 15620000.syscon init begin
[    1.588423] modprobe: [name:clk_mt6897_img&]clk_mt6897_img_grp_probe: 15620000.syscon init end
[    1.588472] modprobe: [name:clk_mt6897_img&]clk_mt6897_img_grp_probe: 15710000.syscon init begin
[    1.588944] modprobe: [name:clk_mt6897_img&]clk_mt6897_img_grp_probe: 15710000.syscon init end
[    1.588995] modprobe: [name:clk_mt6897_img&]clk_mt6897_img_grp_probe: 15780000.syscon init begin
[    1.589470] modprobe: [name:clk_mt6897_img&]clk_mt6897_img_grp_probe: 15780000.syscon init end
[    1.590710] modprobe: [name:bootprof&]BOOTPROF:      1590.709003:initcall: init_module [clk_mt6897_img]    21.699154ms
[    1.591057] modprobe: [name:exit&]modprobe (925) used greatest stack depth: 11200 bytes left
[    1.596645] modprobe: [name:clk_mt6897_mmsys&]clk_mt6897_mmsys_grp_probe: 14000000.syscon init begin
[    1.612838] modprobe: [name:clk_mt6897_mmsys&]clk_mt6897_mmsys_grp_probe: 14000000.syscon init end
[    1.612949] modprobe: [name:clk_mt6897_mmsys&]clk_mt6897_mmsys_grp_probe: 14200000.syscon init begin
[    1.618275] modprobe: [name:clk_mt6897_mmsys&]clk_mt6897_mmsys_grp_probe: 14200000.syscon init end
[    1.618386] modprobe: [name:clk_mt6897_mmsys&]clk_mt6897_mmsys_grp_probe: 14400000.syscon init begin
[    1.621820] modprobe: [name:clk_mt6897_mmsys&]clk_mt6897_mmsys_grp_probe: 14400000.syscon init end
[    1.621898] modprobe: [name:clk_mt6897_mmsys&]clk_mt6897_mmsys_grp_probe: 14600000.syscon init begin
[    1.625449] modprobe: [name:clk_mt6897_mmsys&]clk_mt6897_mmsys_grp_probe: 14600000.syscon init end
[    1.625600] modprobe: [name:clk_mt6897_mmsys&]clk_mt6897_mmsys_grp_probe: 1e800000.syscon init begin
[    1.626226] modprobe: [name:clk_mt6897_mmsys&]clk_mt6897_mmsys_grp_probe: 1e800000.syscon init end
[    1.627253] modprobe: [name:bootprof&]BOOTPROF:      1627.252618:initcall: init_module [clk_mt6897_mmsys]    31.239923ms
[    1.630153] modprobe: [name:clk_mt6897_peri&]clk_mt6897_peri_grp_probe: 11036000.syscon init begin
[    1.634486] modprobe: [name:clk_mt6897_peri&]clk_mt6897_peri_grp_probe: 11036000.syscon init end
[    1.634578] modprobe: [name:clk_mt6897_peri&]clk_mt6897_peri_grp_probe: 11281000.syscon init begin
[    1.634857] modprobe: [name:clk_mt6897_peri&]clk_mt6897_peri_grp_probe: 11281000.syscon init end
[    1.634913] modprobe: [name:clk_mt6897_peri&]clk_mt6897_peri_grp_probe: 112b8000.syscon init begin
[    1.635560] modprobe: [name:clk_mt6897_peri&]clk_mt6897_peri_grp_probe: 112b8000.syscon init end
[    1.635617] modprobe: [name:clk_mt6897_peri&]clk_mt6897_peri_grp_probe: 112bb000.syscon init begin
[    1.635999] modprobe: [name:clk_mt6897_peri&]clk_mt6897_peri_grp_probe: 112bb000.syscon init end
[    1.636061] modprobe: [name:clk_mt6897_peri&]clk_mt6897_peri_grp_probe: 112e0000.syscon init begin
[    1.636975] modprobe: [name:clk_mt6897_peri&]clk_mt6897_peri_grp_probe: 112e0000.syscon init end
[    1.637027] modprobe: [name:clk_mt6897_peri&]clk_mt6897_peri_grp_probe: 11b74000.syscon init begin
[    1.637749] modprobe: [name:clk_mt6897_peri&]clk_mt6897_peri_grp_probe: 11b74000.syscon init end
[    1.637807] modprobe: [name:clk_mt6897_peri&]clk_mt6897_peri_grp_probe: 11cc4000.syscon init begin
[    1.638467] modprobe: [name:clk_mt6897_peri&]clk_mt6897_peri_grp_probe: 11cc4000.syscon init end
[    1.638519] modprobe: [name:clk_mt6897_peri&]clk_mt6897_peri_grp_probe: 11d03000.syscon init begin
[    1.639035] modprobe: [name:clk_mt6897_peri&]clk_mt6897_peri_grp_probe: 11d03000.syscon init end
[    1.639086] modprobe: [name:clk_mt6897_peri&]clk_mt6897_peri_grp_probe: 11f02000.syscon init begin
[    1.639482] modprobe: [name:clk_mt6897_peri&]clk_mt6897_peri_grp_probe: 11f02000.syscon init end
[    1.640654] modprobe: [name:bootprof&]BOOTPROF:      1640.653234:initcall: init_module [clk_mt6897_peri]    10.761231ms
[    1.643249] modprobe: [name:clk_mt6897_bus&]clk_mt6897_bus_grp_probe: 10001000.syscon init begin
[    1.645294] modprobe: [name:clk_mt6897_bus&]clk_mt6897_bus_grp_probe: 10001000.syscon init end
[    1.645941] modprobe: [name:bootprof&]BOOTPROF:      1645.940695:initcall: init_module [clk_mt6897_bus]     2.851769ms
[    1.651676] modprobe: [name:clk_mt6897_mdpsys&]clk_mt6897_mdpsys_grp_probe: 1f000000.syscon init begin
[    1.669073] modprobe: [name:clk_mt6897_mdpsys&]clk_mt6897_mdpsys_grp_probe: 1f000000.syscon init end
[    1.669202] modprobe: [name:clk_mt6897_mdpsys&]clk_mt6897_mdpsys_grp_probe: 1f800000.syscon init begin
[    1.674776] modprobe: [name:clk_mt6897_mdpsys&]clk_mt6897_mdpsys_grp_probe: 1f800000.syscon init end
[    1.675481] modprobe: [name:bootprof&]BOOTPROF:      1675.480080:initcall: init_module [clk_mt6897_mdpsys]    24.394385ms
[    1.681113] modprobe: [name:clk_mt6897_vlp&]clk_mt6897_vlp_grp_probe: 1cb21000.syscon init begin
[    1.684627] modprobe: [name:clk_mt6897_vlp&]clk_mt6897_vlp_grp_probe: 1cb21000.syscon init end
[    1.684787] modprobe: [name:clk_mt6897_vlp&]clk_mt6897_vlp_grp_probe: 1cbb8000.syscon init begin
[    1.689603] modprobe: [name:clk_mt6897_vlp&]clk_mt6897_vlp_grp_probe: 1cbb8000.syscon init end
[    1.689796] modprobe: [name:clk_mt6897_vlp&]clk_mt6897_vlp_grp_probe: 1cbe1000.syscon init begin
[    1.691077] modprobe: [name:clk_mt6897_vlp&]clk_mt6897_vlp_grp_probe: 1cbe1000.syscon init end
[    1.693145] modprobe: [name:bootprof&]BOOTPROF:      1693.142849:initcall: init_module [clk_mt6897_vlp]    12.596077ms
[    1.699579] modprobe: [name:clk_mt6897_vcodec&]clk_mt6897_vcodec_grp_probe: 1600f000.syscon init begin
[    1.704584] modprobe: [name:clk_mt6897_vcodec&]clk_mt6897_vcodec_grp_probe: 1600f000.syscon init end
[    1.704743] modprobe: [name:clk_mt6897_vcodec&]clk_mt6897_vcodec_grp_probe: 1602f000.syscon init begin
[    1.709637] modprobe: [name:clk_mt6897_vcodec&]clk_mt6897_vcodec_grp_probe: 1602f000.syscon init end
[    1.709789] modprobe: [name:clk_mt6897_vcodec&]clk_mt6897_vcodec_grp_probe: 17000000.syscon init begin
[    1.713976] modprobe: [name:clk_mt6897_vcodec&]clk_mt6897_vcodec_grp_probe: 17000000.syscon init end
[    1.714061] modprobe: [name:clk_mt6897_vcodec&]clk_mt6897_vcodec_grp_probe: 17800000.syscon init begin
[    1.715333] modprobe: [name:clk_mt6897_vcodec&]clk_mt6897_vcodec_grp_probe: 17800000.syscon init end
[    1.716230] modprobe: [name:bootprof&]BOOTPROF:      1716.229311:initcall: init_module [clk_mt6897_vcodec]    17.266770ms
[    1.721755] modprobe: [name:clk_mt6897_ccu&]clk_mt6897_ccu_probe init begin
[    1.725869] modprobe: [name:clk_mt6897_ccu&]clk_mt6897_ccu_probe init end
[    1.727495] modprobe: [name:bootprof&]BOOTPROF:      1727.493234:initcall: init_module [clk_mt6897_ccu]     6.314154ms
[    1.737388] modprobe: [name:bootprof&]BOOTPROF:      1737.386234:initcall: init_module [mtk_pmic_wrap]     4.452615ms
[    1.748297] modprobe: spmi-mtk 1cc04000.spmi: [name:devres&]invalid resource
[    1.749387] modprobe: spmi-mtk 1cc04000.spmi: [name:spmi_mtk_pmif&][PMIF]:no bus dbg regs found
[    1.751387] modprobe: spmi-mtk 1cc04000.spmi: [name:core&]error -ENXIO: IRQ pmif_p_irq not found
[    1.752714] modprobe: spmi-mtk 1cc04000.spmi: [name:spmi_mtk_pmif&]Failed to get pmif_p_irq, ret = -6
[    1.752726] modprobe: spmi-mtk 1cc04000.spmi: [name:spmi_mtk_pmif&]request event_0 irq fail
[    1.752734] modprobe: spmi-mtk 1cc04000.spmi: [name:spmi_mtk_pmif&]request event_1 irq fail
[    1.752741] modprobe: spmi-mtk 1cc04000.spmi: [name:spmi_mtk_pmif&]request event_2 irq fail
[    1.752748] modprobe: spmi-mtk 1cc04000.spmi: [name:spmi_mtk_pmif&]request event_3 irq fail
[    1.752755] modprobe: spmi-mtk 1cc04000.spmi: [name:spmi_mtk_pmif&]request event_4 irq fail
[    1.753285] modprobe: spmi-mtk 1cc04000.spmi: [name:core&]error -ENXIO: IRQ rcs_irq_p not found
[    1.754587] modprobe: spmi-mtk 1cc04000.spmi: [name:spmi_mtk_pmif&]Failed to get rcs_irq_p, ret = -6
[    1.755095] modprobe: spmi-mtk 1cc04000.spmi: [name:core&]error -ENXIO: IRQ spmi_p_nack_irq not found
[    1.756474] modprobe: spmi-mtk 1cc04000.spmi: [name:spmi_mtk_pmif&]Failed to get spmi_p_nack_irq, ret = -6
[    1.756484] modprobe: spmi-mtk 1cc04000.spmi: [name:spmi_mtk_pmif&]No spmi-dev-mask found in dts, default all PMIC on SPMI-M
[    1.757715] modprobe: [name:mfd_core&]mtk-dynamic-loading-throttling: Failed to locate of_node [id: -1]
[    1.761055] modprobe: [name:mtk_spmi_pmic&]pmic_spmi_device_add():add usid(4)
[    1.761067] modprobe: mtk-spmi-pmic 0-04: [name:mtk_spmi_pmic&]probe chip id=0x63 done
[    1.762232] modprobe: [name:mtk_spmi_pmic&]pmic_spmi_device_add():add usid(6)
[    1.762244] modprobe: mtk-spmi-pmic 0-06: [name:mtk_spmi_pmic&]probe chip id=0x15 done
[    1.763364] modprobe: [name:mtk_spmi_pmic&]pmic_spmi_device_add():add usid(7)
[    1.763376] modprobe: mtk-spmi-pmic 0-07: [name:mtk_spmi_pmic&]probe chip id=0x15 done
[    1.766280] modprobe: [name:mtk_spmi_pmic&]pmic_spmi_device_add():add usid(5)
[    1.766292] modprobe: mtk-spmi-pmic 0-05: [name:mtk_spmi_pmic&]probe chip id=0x73 done
[    1.770179] modprobe: [name:bootprof&]BOOTPROF:      1770.178542:initcall: init_module [spmi_mtk_pmif]    23.938385ms
[    1.770515] modprobe: [name:exit&]modprobe (935) used greatest stack depth: 10576 bytes left
[    1.784837] modprobe: [name:bootprof&]BOOTPROF:      1784.834157:initcall: init_module [mt6315_regulator]     9.489000ms
[    1.821779] modprobe: [name:bootprof&]BOOTPROF:      1821.777542:initcall: init_module [mt6363_regulator]    31.110692ms
[    1.834698] modprobe: [name:bootprof&]BOOTPROF:      1834.697311:initcall: init_module [mt6373_regulator]     9.878154ms
[    1.837772] modprobe: mt6363-pinctrl mt6363-pinctrl: [name:device&]DMA mask not set
[    1.845518] modprobe: mt6373-pinctrl mt6373-pinctrl: [name:device&]DMA mask not set
[    1.846450] modprobe: [name:bootprof&]BOOTPROF:      1846.448619:initcall: init_module [pinctrl_mt6373]     2.936000ms
[    1.850201] modprobe: str_gpio_contrl str-gpio-contrl: [name:str_gpio_contrl&][NOBO-MTK-BSP-SYSTEM-STR]hardware version: 2 pinctrl_actice_names:active-hw2 pinctrl_sleep_names:sleep-hw2
[    1.850491] modprobe: str_gpio_contrl str-gpio-contrl: [name:str_gpio_contrl&][NOBO-MTK-BSP-SYSTEM-STR]Failed to get active state: -19 using default state active-hw1
[    1.852643] modprobe: str_gpio_contrl str-gpio-contrl: [name:str_gpio_contrl&][NOBO-MTK-BSP-SYSTEM-STR]Failed to get sleep state: -19 using default state sleep-hw1
[    1.854774] modprobe: str_gpio_contrl str-gpio-contrl: [name:str_gpio_contrl&][NOBO-MTK-BSP-SYSTEM-STR]Probe successful
[    1.854863] modprobe: [name:bootprof&]BOOTPROF:      1854.862234:initcall: init_module [str_gpio_contrl]     5.616077ms
[    1.863006] modprobe: [name:bootprof&]BOOTPROF:      1863.004388:initcall: init_module [mtk_vmm_spm]     2.849308ms
[    1.885925] modprobe: [name:mtk_scpsys&]scpsys_power_on: pd_name=isp-vcore
[    1.887108] modprobe: [name:mtk_scpsys&]scpsys_power_on: pd_name=isp-main
[    1.888535] modprobe: [name:mtk_scpsys&]scpsys_power_on: pd_name=isp-dip1
[    1.892501] modprobe: [name:bootprof&]BOOTPROF:      1892.499773:initcall: init_module [mtk_scpsys_mt6897]    20.088923ms
[    1.899965] modprobe: [name:bootprof&]BOOTPROF:      1899.963081:initcall: init_module [mtk_scpsys_bringup]     2.315923ms
[    1.907184] modprobe: [name:mt6897_dcm&][Power/dcm] 
               ******** dcm dump register *********
[    1.907197] modprobe: [name:mt6897_dcm&][Power/dcm] DCM_SET_RW_0                                                (0xffffffc008a05b00): 0x87555098
[    1.907224] modprobe: [name:mt6897_dcm&][Power/dcm] MCUPM_CFGREG_DCM_EN                                         (0xffffffc0088e3020): 0x00000133
[    1.907240] modprobe: [name:mt6897_dcm&][Power/dcm] MCUSYS_COMPLEX0_STALL_DCM_CONF0                             (0xffffffc0088f7210): 0x00000f80
[    1.907254] modprobe: [name:mt6897_dcm&][Power/dcm] MCUSYS_COMPLEX1_STALL_DCM_CONF1                             (0xffffffc0088f9210): 0x00000f80
[    1.907269] modprobe: [name:mt6897_dcm&][Power/dcm] MCUSYS_CPU4_BCPU_SYS_CON1                                   (0xffffffc0088fb018): 0x00000005
[    1.907283] modprobe: [name:mt6897_dcm&][Power/dcm] MCUSYS_CPU5_BCPU_SYS_CON2                                   (0xffffffc0088fd018): 0x00000005
[    1.907297] modprobe: [name:mt6897_dcm&][Power/dcm] MCUSYS_CPU6_BCPU_SYS_CON3                                   (0xffffffc008a01018): 0x00000005
[    1.907312] modprobe: [name:mt6897_dcm&][Power/dcm] MCUSYS_CPU7_BCPU_SYS_CON4                                   (0xffffffc008a03018): 0x00000005
[    1.907326] modprobe: [name:mt6897_dcm&][Power/dcm] MCUSYS_PAR_WRAP_ADB_FIFO_DCM_EN                             (0xffffffc0088df278): 0x001f07ff
[    1.907334] modprobe: [name:mt6897_dcm&][Power/dcm] MCUSYS_PAR_WRAP_CBIP_CABGEN_1TO2_CONFIG                     (0xffffffc0088df2ac): 0x00000308
[    1.907342] modprobe: [name:mt6897_dcm&][Power/dcm] MCUSYS_PAR_WRAP_CBIP_CABGEN_2TO1_CONFIG                     (0xffffffc0088df2a4): 0x00000000
[    1.907350] modprobe: [name:mt6897_dcm&][Power/dcm] MCUSYS_PAR_WRAP_CBIP_CABGEN_2TO5_CONFIG                     (0xffffffc0088df2b0): 0x00001f08
[    1.907358] modprobe: [name:mt6897_dcm&][Power/dcm] MCUSYS_PAR_WRAP_CBIP_CABGEN_3TO1_CONFIG                     (0xffffffc0088df2a0): 0x00000000
[    1.907366] modprobe: [name:mt6897_dcm&][Power/dcm] MCUSYS_PAR_WRAP_CBIP_CABGEN_4TO2_CONFIG                     (0xffffffc0088df2a8): 0x00000308
[    1.907374] modprobe: [name:mt6897_dcm&][Power/dcm] MCUSYS_PAR_WRAP_CBIP_P2P_CONFIG0                            (0xffffffc0088df2b4): 0x00000007
[    1.907382] modprobe: [name:mt6897_dcm&][Power/dcm] MCUSYS_PAR_WRAP_CI700_DCM_CTRL                              (0xffffffc0088df298): 0x04080007
[    1.907396] modprobe: [name:mt6897_dcm&][Power/dcm] MCUSYS_PAR_WRAP_CPC_DCM_Enable                              (0xffffffc0088e119c): 0x00000003
[    1.907404] modprobe: [name:mt6897_dcm&][Power/dcm] MCUSYS_PAR_WRAP_L3GIC_ARCH_CG_CONFIG                        (0xffffffc0088df294): 0x00000001
[    1.907412] modprobe: [name:mt6897_dcm&][Power/dcm] MCUSYS_PAR_WRAP_MP0_DCM_CFG0                                (0xffffffc0088df27c): 0x01fffff5
[    1.907420] modprobe: [name:mt6897_dcm&][Power/dcm] MCUSYS_PAR_WRAP_MP_ADB_DCM_CFG0                             (0xffffffc0088df270): 0x00010007
[    1.907428] modprobe: [name:mt6897_dcm&][Power/dcm] MCUSYS_PAR_WRAP_MP_CENTRAL_FABRIC_SUB_CHANNEL_CG            (0xffffffc0088df2b8): 0x00000001
[    1.907435] modprobe: [name:mt6897_dcm&][Power/dcm] MCUSYS_PAR_WRAP_QDCM_CONFIG0                                (0xffffffc0088df280): 0x01111001
[    1.907443] modprobe: [name:mt6897_dcm&][Power/dcm] MCUSYS_PAR_WRAP_QDCM_CONFIG1                                (0xffffffc0088df284): 0x00001111
[    1.907451] modprobe: [name:mt6897_dcm&][Power/dcm] MCUSYS_PAR_WRAP_QDCM_CONFIG2                                (0xffffffc0088df288): 0x99999999
[    1.907458] modprobe: [name:mt6897_dcm&][Power/dcm] MCUSYS_PAR_WRAP_QDCM_CONFIG3                                (0xffffffc0088df28c): 0x00000999
[    1.907472] modprobe: [name:mt6897_dcm&][Power/dcm] MPSYS_ACP_SLAVE_DCM_EN                                      (0xffffffc0088f50d0): 0x00000001
[    1.907487] modprobe: [name:mt6897_dcm&][Power/dcm] VDNR_DCM_TOP_PERI_PAR_BUS_u_PERI_PAR_BUS_CTRL_0             (0xffffffc008a0d018): 0x02201493
[    1.907495] modprobe: [name:mt6897_dcm&][Power/dcm] VDNR_DCM_TOP_PERI_PAR_BUS_u_PERI_PAR_BUS_CTRL_1             (0xffffffc008a0d01c): 0x1100f010
[    1.907503] modprobe: [name:mt6897_dcm&][Power/dcm] VDNR_DCM_TOP_PERI_PAR_BUS_u_PERI_PAR_BUS_CTRL_2             (0xffffffc008a0d020): 0x04403010
[    1.907518] modprobe: [name:mt6897_dcm&][Power/dcm] VDNR_DCM_TOP_VLP_PAR_BUS_u_VLP_PAR_BUS_CTRL_1               (0xffffffc008a150c4): 0x80802027
[    1.907526] modprobe: [name:mtk_dcm&][Power/dcm] [dcm_restore]type:0x00000000, INIT_DCM_TYPE_BY_K=0x0
[    1.920926] modprobe: mtk-dvfsrc 1c00f000.dvfsrc: [name:mtk_dvfsrc&]HYP SYSID = 1
[    1.920954] modprobe: mtk-dvfsrc 1c00f000.dvfsrc: [name:core&]error -ENXIO: IRQ index 0 not found
[    1.926354] modprobe: [name:bootprof&]BOOTPROF:      1926.351081:initcall: init_module [mtk_dvfsrc]    10.540616ms
[    1.936243] modprobe: mtk-dvfsrc-devfreq mtk-dvfsrc-devfreq: [name:core&]_opp_is_duplicate: duplicate OPPs detected. Existing: freq: 2133000000, volt: 0, enabled: 1. New: freq: 2133000000, volt: 0, enabled: 1
[    1.936259] modprobe: mtk-dvfsrc-devfreq mtk-dvfsrc-devfreq: [name:core&]_opp_is_duplicate: duplicate OPPs detected. Existing: freq: 2133000000, volt: 0, enabled: 1. New: freq: 2133000000, volt: 0, enabled: 1
[    1.936359] modprobe: mtk-dvfsrc-devfreq mtk-dvfsrc-devfreq: [name:core&]_opp_is_duplicate: duplicate OPPs detected. Existing: freq: 6400000000, volt: 0, enabled: 1. New: freq: 6400000000, volt: 0, enabled: 1
[    1.936368] modprobe: mtk-dvfsrc-devfreq mtk-dvfsrc-devfreq: [name:core&]_opp_is_duplicate: duplicate OPPs detected. Existing: freq: 6400000000, volt: 0, enabled: 1. New: freq: 6400000000, volt: 0, enabled: 1
[    1.936423] modprobe: mtk-dvfsrc-devfreq mtk-dvfsrc-devfreq: [name:core&]_opp_is_duplicate: duplicate OPPs detected. Existing: freq: 7500000000, volt: 0, enabled: 1. New: freq: 7500000000, volt: 0, enabled: 1
[    1.945701] modprobe: clk-chk-mt6897 clkchk: [name:core&]error -ENXIO: IRQ hwv_irq not found
[    1.946990] modprobe: [clkchk] [name:clk_common&][clkchk] get hwv irq is not support
[    1.946997] modprobe: clk-chk-mt6897 clkchk: [name:core&]error -ENXIO: IRQ hfrp_hwv_irq not found
[    1.948345] modprobe: [clkchk] [name:clk_common&][clkchk] get hfrp hwv irq is not support
[    1.950087] modprobe: [name:bootprof&]BOOTPROF:      1950.085619:initcall: init_module [clk_chk_mt6897]     5.037846ms
[    1.957182] modprobe: [name:clk&]of_clk_src_onecell_get: invalid clock index 343
[    1.958420] modprobe: [name:clk&]of_clk_src_onecell_get: invalid clock index 13
[    1.959575] modprobe: [name:clk&]of_clk_src_onecell_get: invalid clock index 11
[    1.961316] modprobe: [name:clk&]of_clk_src_onecell_get: invalid clock index 31
[    1.962616] modprobe: [name:clk&]of_clk_src_onecell_get: invalid clock index 83
[    1.963761] modprobe: [name:clk&]of_clk_src_onecell_get: invalid clock index 1
[    1.964881] modprobe: [name:clk&]of_clk_src_onecell_get: invalid clock index 4
[    1.966010] modprobe: [name:clk&]of_clk_src_onecell_get: invalid clock index 2
[    1.967169] modprobe: [name:clk&]of_clk_src_onecell_get: invalid clock index 6
[    1.968296] modprobe: [name:clk&]of_clk_src_onecell_get: invalid clock index 4
[    1.969429] modprobe: [name:clk&]of_clk_src_onecell_get: invalid clock index 4
[    1.970548] modprobe: [name:clk&]of_clk_src_onecell_get: invalid clock index 3
[    1.971793] modprobe: [name:clk&]of_clk_src_onecell_get: invalid clock index 2
[    1.972917] modprobe: [name:clk&]of_clk_src_onecell_get: invalid clock index 1
[    1.974065] modprobe: [name:clk&]of_clk_src_onecell_get: invalid clock index 1
[    1.975204] modprobe: [name:clk&]of_clk_src_onecell_get: invalid clock index 46
[    1.976380] modprobe: [name:clk&]of_clk_src_onecell_get: invalid clock index 46
[    1.977589] modprobe: [name:clk&]of_clk_src_onecell_get: invalid clock index 27
[    1.978713] modprobe: [name:clk&]of_clk_src_onecell_get: invalid clock index 27
[    1.979857] modprobe: [name:clk&]of_clk_src_onecell_get: invalid clock index 32
[    1.980981] modprobe: [name:clk&]of_clk_src_onecell_get: invalid clock index 9
[    1.982084] modprobe: [name:clk&]of_clk_src_onecell_get: invalid clock index 2
[    1.983192] modprobe: [name:clk&]of_clk_src_onecell_get: invalid clock index 2
[    1.984293] modprobe: [name:clk&]of_clk_src_onecell_get: invalid clock index 3
[    1.985402] modprobe: [name:clk&]of_clk_src_onecell_get: invalid clock index 3
[    1.986505] modprobe: [name:clk&]of_clk_src_onecell_get: invalid clock index 3
[    1.987618] modprobe: [name:clk&]of_clk_src_onecell_get: invalid clock index 4
[    1.988723] modprobe: [name:clk&]of_clk_src_onecell_get: invalid clock index 4
[    1.989881] modprobe: [name:clk&]of_clk_src_onecell_get: invalid clock index 6
[    1.990987] modprobe: [name:clk&]of_clk_src_onecell_get: invalid clock index 6
[    1.992096] modprobe: [name:clk&]of_clk_src_onecell_get: invalid clock index 7
[    1.993227] modprobe: [name:clk&]of_clk_src_onecell_get: invalid clock index 7
[    1.994378] modprobe: [name:clk&]of_clk_src_onecell_get: invalid clock index 68
[    1.995741] modprobe: [name:clk&]of_clk_src_onecell_get: invalid clock index 4
[    1.996849] modprobe: [name:clk&]of_clk_src_onecell_get: invalid clock index 6
[    1.998020] modprobe: [name:clk&]of_clk_src_onecell_get: invalid clock index 1
[    1.999153] modprobe: [name:clk&]of_clk_src_onecell_get: invalid clock index 30
[    2.000271] modprobe: [name:clk&]of_clk_src_onecell_get: invalid clock index 5
[    2.001417] modprobe: [name:clk&]of_clk_src_onecell_get: invalid clock index 3
[    2.002521] modprobe: [name:clk&]of_clk_src_onecell_get: invalid clock index 5
[    2.003626] modprobe: [name:clk&]of_clk_src_onecell_get: invalid clock index 3
[    2.004730] modprobe: [name:clk&]of_clk_src_onecell_get: invalid clock index 5
[    2.005892] modprobe: [name:clk&]of_clk_src_onecell_get: invalid clock index 3
[    2.007005] modprobe: [name:clk&]of_clk_src_onecell_get: invalid clock index 9
[    2.008113] modprobe: [name:clk&]of_clk_src_onecell_get: invalid clock index 5
[    2.009310] modprobe: [name:clk&]of_clk_src_onecell_get: invalid clock index 5
[    2.010411] modprobe: [name:clk&]of_clk_src_onecell_get: invalid clock index 1
[    2.011520] modprobe: [name:clk&]of_clk_src_onecell_get: invalid clock index 4
[    2.012644] modprobe: [name:clk&]of_clk_src_onecell_get: invalid clock index 40
[    2.013809] modprobe: [name:clk&]of_clk_src_onecell_get: invalid clock index 40
[    2.014924] modprobe: [name:clk&]of_clk_src_onecell_get: invalid clock index 1
[    2.016032] modprobe: [name:clk&]of_clk_src_onecell_get: invalid clock index 1
[    2.017199] modprobe: [name:clk&]of_clk_src_onecell_get: invalid clock index 1
[    2.018300] modprobe: [name:clk&]of_clk_src_onecell_get: invalid clock index 1
[    2.019403] modprobe: [name:clk&]of_clk_src_onecell_get: invalid clock index 1
[    2.024445] modprobe: [name:clk_common&]pd-mfg1 add to notifier, i=0
[    2.024457] modprobe: [name:clk_common&]pd-mfg2 add to notifier, i=1
[    2.024469] modprobe: [name:clk_common&]pd-mfg3 add to notifier, i=2
[    2.024475] modprobe: [name:clk_common&]pd-mfg4 add to notifier, i=3
[    2.024481] modprobe: [name:clk_common&]pd-mfg6 add to notifier, i=4
[    2.024487] modprobe: [name:clk_common&]pd-mfg7 add to notifier, i=5
[    2.024500] modprobe: [name:clk_common&]pd-mfg9 add to notifier, i=6
[    2.024506] modprobe: [name:clk_common&]pd-mfg10 add to notifier, i=7
[    2.024512] modprobe: [name:clk_common&]pd-mfg11 add to notifier, i=8
[    2.024517] modprobe: [name:clk_common&]pd-mfg12 add to notifier, i=9
[    2.024526] modprobe: [name:clk_common&]pd-mfg13 add to notifier, i=10
[    2.024536] modprobe: [name:clk_common&]pd-mfg14 add to notifier, i=11
[    2.024539] modprobe: PM: [name:domain&]genpd_xlate_onecell: invalid domain index 12
[    2.025741] modprobe: [name:clk_common&]add pd device fail
[    2.025745] modprobe: [name:clk_common&]1
[    2.025756] modprobe: [name:clk_common&]pd-md add to notifier, i=12
[    2.025761] modprobe: [name:clk_common&]pd-conn add to notifier, i=13
[    2.025766] modprobe: [name:clk_common&]pd-pextp-mac0 add to notifier, i=14
[    2.025773] modprobe: [name:clk_common&]pd-pextp-phy0 add to notifier, i=15
[    2.025778] modprobe: [name:clk_common&]pd-audio add to notifier, i=16
[    2.025783] modprobe: [name:clk_common&]pd-adsp-ao add to notifier, i=17
[    2.025790] modprobe: [name:clk_common&]pd-adsp-top-dormant add to notifier, i=18
[    2.025795] modprobe: [name:clk_common&]pd-mm-infra add to notifier, i=19
[    2.025800] modprobe: [name:clk_common&]pd-mm-proc-dormant add to notifier, i=20
[    2.025805] modprobe: [name:clk_common&]pd-isp-vcore add to notifier, i=21
[    2.025810] modprobe: [name:clk_common&]pd-isp-main add to notifier, i=22
[    2.025815] modprobe: [name:clk_common&]pd-isp-dip1 add to notifier, i=23
[    2.025820] modprobe: [name:clk_common&]pd-vde0 add to notifier, i=24
[    2.025824] modprobe: [name:clk_common&]pd-vde1 add to notifier, i=25
[    2.025829] modprobe: [name:clk_common&]pd-ven0 add to notifier, i=26
[    2.025834] modprobe: [name:clk_common&]pd-ven1 add to notifier, i=27
[    2.025843] modprobe: [name:clk_common&]pd-cam-vcore add to notifier, i=28
[    2.025848] modprobe: [name:clk_common&]pd-cam-main add to notifier, i=29
[    2.025852] modprobe: [name:clk_common&]pd-cam-mraw add to notifier, i=30
[    2.025857] modprobe: [name:clk_common&]pd-cam-suba add to notifier, i=31
[    2.025861] modprobe: [name:clk_common&]pd-cam-subb add to notifier, i=32
[    2.025866] modprobe: [name:clk_common&]pd-cam-subc add to notifier, i=33
[    2.025873] modprobe: [name:clk_common&]pd-cam-ccu add to notifier, i=34
[    2.025877] modprobe: [name:clk_common&]pd-cam-ccu-ao add to notifier, i=35
[    2.025882] modprobe: [name:clk_common&]pd-mdp0-shutdown add to notifier, i=36
[    2.025887] modprobe: [name:clk_common&]pd-mdp1-shutdown add to notifier, i=37
[    2.025893] modprobe: [name:clk_common&]pd-dis0-shutdown add to notifier, i=38
[    2.025898] modprobe: [name:clk_common&]pd-dis1-shutdown add to notifier, i=39
[    2.025902] modprobe: [name:clk_common&]pd-ovl0-shutdown add to notifier, i=40
[    2.025907] modprobe: [name:clk_common&]pd-ovl1-shutdown add to notifier, i=41
[    2.025912] modprobe: [name:clk_common&]pd-csi-rx add to notifier, i=42
[    2.025917] modprobe: [name:clk_common&]pd-dp-tx add to notifier, i=43
[    2.025921] modprobe: PM: [name:domain&]genpd_xlate_onecell: invalid domain index 33
[    2.027095] modprobe: [name:clk_common&]add pd device fail
[    2.027097] modprobe: [name:clk_common&]2
[    2.027356] modprobe: pd-chk-mt6897 pdchk: [name:core&]error -ENXIO: IRQ hwv_irq not found
[    2.028607] modprobe: [name:clk_common&][pdchk] get hwv irq is not support
[    2.028610] modprobe: pd-chk-mt6897 pdchk: [name:core&]error -ENXIO: IRQ hfrp_hwv_irq not found
[    2.029938] modprobe: [name:clk_common&][pdchk] get hfrp hwv irq is not support
[    2.030598] modprobe: [name:bootprof&]BOOTPROF:      2030.592927:initcall: init_module [pd_chk_mt6897]    74.525769ms
[    2.039211] modprobe: [name:bootprof&]BOOTPROF:      2039.209850:initcall: init_module [clk_fmeter_mt6897]     2.676923ms
[    2.052097] modprobe: [name:mtk_dramc&]dramc_probe: module probe.
[    2.052114] modprobe: [name:mtk_dramc&]dramc_probe: dram_type(12),support_ch_cnt(4),ch_cnt(4),rk_cnt(2),mr_cnt(4),freq_cnt(10),mr4(false)
[    2.052131] modprobe: [name:mtk_dramc&]dramc_probe: mr5(1)
[    2.052137] modprobe: [name:mtk_dramc&]dramc_probe: mr6(909)
[    2.052143] modprobe: [name:mtk_dramc&]dramc_probe: mr7(0)
[    2.052148] modprobe: [name:mtk_dramc&]dramc_probe: mr8(1919)
[    2.052334] modprobe: [name:mtk_dramc&]dramc_probe: fmeter_version(2)
[    2.052364] modprobe: [name:mtk_dramc&]dramc_probe: DRAM data type = 12
[    2.052422] modprobe: [name:mtk_dramc&]fmeter_v2: vco_freq = 7488
[    2.052429] modprobe: [name:mtk_dramc&]dramc_probe: DRAM data rate = 7500
[    2.054464] modprobe: [name:bootprof&]BOOTPROF:      2054.462773:initcall: init_module [mtk_dramc]     2.476923ms
[    2.060431] modprobe: mtk-dvfsrc-helper 1c00f000.dvfsrc:dvfsrc-helper: [name:mtk_dvfsrc_helper&]vcore checker is disabled
[    2.064631] modprobe: [name:bootprof&]BOOTPROF:      2064.629542:initcall: init_module [mtk_dvfsrc_helper]     8.256000ms
[    2.070726] mtk_smi_init_th: mtk-smi-common 1e809000.disp-ssc0-smi-2x1-sub-comm: [name:mtk_smi&]mtk_smi_common_probe: init power on
[    2.070928] mtk_smi_init_th: mtk-smi-common 1e80a000.disp-ssc1-smi-2x1-sub-comm: [name:mtk_smi&]mtk_smi_common_probe: init power on
[    2.071034] mtk_smi_init_th: mtk-smi-common 1e817000.mdp-ssc4-smi-2x1-sub-comm: [name:mtk_smi&]mtk_smi_common_probe: init power on
[    2.071131] mtk_smi_init_th: mtk-smi-common 1e818000.mdp-ssc5-smi-2x1-sub-comm: [name:mtk_smi&]mtk_smi_common_probe: init power on
[    2.071230] mtk_smi_init_th: mtk-smi-common 1e80d000.mmsram-smi-2x1-sub-comm3: [name:mtk_smi&]mtk_smi_common_probe: init power on
[    2.071320] mtk_smi_init_th: mtk-smi-common 1e80e000.mmsram-smi-2x1-sub-comm4: [name:mtk_smi&]mtk_smi_common_probe: init power on
[    2.072476] mtk_smi_init_th: mtk-smi-common 1421e000.smi-disp1-dram-sub-comm1: [name:mtk_smi&]mtk_smi_common_probe: init power on
[    2.072676] mtk_smi_init_th: mtk-smi-common 1421f000.smi-disp1-sram-sub-comm1: [name:mtk_smi&]mtk_smi_common_probe: init power on
[    2.072844] mtk_smi_init_th: mtk-smi-common 1401e000.smi-disp-dram-sub-comm0: [name:mtk_smi&]mtk_smi_common_probe: init power on
[    2.073018] mtk_smi_init_th: mtk-smi-common 1401f000.smi-disp-sram-sub-comm0: [name:mtk_smi&]mtk_smi_common_probe: init power on
[    2.073238] mtk_smi_init_th: mtk-smi-common 1440e000.smi-ovl-sram-sub-comm0: [name:mtk_smi&]mtk_smi_common_probe: init power on
[    2.073404] mtk_smi_init_th: mtk-smi-common 1460e000.smi-ovl1-sram-sub-comm1: [name:mtk_smi&]mtk_smi_common_probe: init power on
[    2.075470] modprobe: [name:emi&]emicen was loaded
[    2.077208] mtk_smi_init_th: mtk-smi-pd smi-pd-ovl0: [name:mtk_smi&]mtk_smi_pd_probe: init power on
[    2.077208] modprobe: emicen_drv 10219000.emicen: [name:emi&]driver probed
[    2.077403] modprobe: emicen_drv 10219000.emicen: [name:emi&]No chn_swap info
[    2.077411] modprobe: emicen_drv 10219000.emicen: [name:emi&]No chn_swap info
[    2.077419] modprobe: emicen_drv 10219000.emicen: [name:emi&]No chn_swap info
[    2.077426] modprobe: emicen_drv 10219000.emicen: [name:emi&]No chn_swap info
[    2.077432] modprobe: emicen_drv 10219000.emicen: [name:emi&]cen->chn_swap[0] 0
[    2.077440] modprobe: emicen_drv 10219000.emicen: [name:emi&]cen->chn_swap[1] 1
[    2.077448] modprobe: emicen_drv 10219000.emicen: [name:emi&]cen->chn_swap[2] 2
[    2.077455] modprobe: emicen_drv 10219000.emicen: [name:emi&]cen->chn_swap[3] 3
[    2.077465] modprobe: emicen_drv 10219000.emicen: [name:emi&]No a2d-conf-offset
[    2.077472] modprobe: emicen_drv 10219000.emicen: [name:emi&]No a2d-chn-conf-offset
[    2.077478] mtk_smi_init_th: mtk-smi-pd smi-pd-ovl1: [name:mtk_smi&]mtk_smi_pd_probe: init power on
[    2.077479] modprobe: emicen_drv 10219000.emicen: [name:emi&]No a2d_emi_cen
[    2.077487] modprobe: emicen_drv 10219000.emicen: [name:emi&]No a2d_emi_chn
[    2.077494] modprobe: emicen_drv 10219000.emicen: [name:emi&]No a2d_info_support
[    2.077574] modprobe: [name:emi&]a2d_cen: 0xf053f154, 0x8400000, 0x88880043, 0x10803330, 0x0, 0x10088000
[    2.077585] modprobe: [name:emi&]a2d_chn: 0x488fc51, 0x842045, 0x1
[    2.077593] modprobe: emicen_drv 10219000.emicen: [name:emi&]version(2) ch_cnt(4), rk_cnt(2)
[    2.077602] modprobe: emicen_drv 10219000.emicen: [name:emi&]rk_size0(0x200000000)
